Return-Path: <netdev-owner@vger.kernel.org>
X-Original-To: lists+netdev@lfdr.de
Delivered-To: lists+netdev@lfdr.de
Received: from out1.vger.email (out1.vger.email [IPv6:2620:137:e000::1:20])
	by mail.lfdr.de (Postfix) with ESMTP id B4ABA63E5AE
	for <lists+netdev@lfdr.de>; Thu,  1 Dec 2022 00:42:51 +0100 (CET)
Received: (majordomo@vger.kernel.org) by vger.kernel.org via listexpand
        id S229683AbiK3Xms (ORCPT <rfc822;lists+netdev@lfdr.de>);
        Wed, 30 Nov 2022 18:42:48 -0500
Received: from lindbergh.monkeyblade.net ([23.128.96.19]:33236 "EHLO
        lindbergh.monkeyblade.net" rhost-flags-OK-OK-OK-OK) by vger.kernel.org
        with ESMTP id S229635AbiK3Xmf (ORCPT
        <rfc822;netdev@vger.kernel.org>); Wed, 30 Nov 2022 18:42:35 -0500
X-Greylist: delayed 317 seconds by postgrey-1.37 at lindbergh.monkeyblade.net; Wed, 30 Nov 2022 15:42:15 PST
Received: from mout-p-202.mailbox.org (mout-p-202.mailbox.org [80.241.56.172])
        by lindbergh.monkeyblade.net (Postfix) with ESMTPS id C7A3157B74
        for <netdev@vger.kernel.org>; Wed, 30 Nov 2022 15:42:15 -0800 (PST)
Received: from smtp1.mailbox.org (smtp1.mailbox.org [10.196.197.1])
        (using TLSv1.3 with cipher TLS_AES_256_GCM_SHA384 (256/256 bits)
         key-exchange ECDHE (P-384) server-signature RSA-PSS (4096 bits) server-digest SHA256)
        (No client certificate requested)
        by mout-p-202.mailbox.org (Postfix) with ESMTPS id 4NMwb71jtDz9sTm
        for <netdev@vger.kernel.org>; Thu,  1 Dec 2022 00:36:51 +0100 (CET)
DKIM-Signature: v=1; a=rsa-sha256; c=relaxed/relaxed; d=mailbox.org; s=mail20150812;
        t=1669851411;
        h=from:from:reply-to:subject:subject:date:date:message-id:message-id:
         to:to:cc:mime-version:mime-version:content-type:content-type;
        bh=fIT0+JlLQ3T4LaEKqGwlntwHw3ccbgYXp6lwHEcZE7g=;
        b=EC/dxCDwjk5ydRU6TH0+S7JNba3PCY6fLdFENTl/uqYXgNnL8FItHocoSDfAkU/u45z2ZT
        kf3dmW+dbHvSne4PUr0o0QdjpL2w6Ob5ePRSWOkTOW19eOZ51mvUv6smmfDmAy21/COMeO
        1sTRdoSuC3G8wdBxJ0FA+8AC3nqC5Jlj105vvlp7rI3FnaSOXdTrm7zcomI4lpaX/g/Uiy
        28hxlF5EuiuGLpCZ/CLz2GkI3NaAu7z3BlsY6Zy3xD91ZHTpb9dCSqslzLzlM6DVldDzcP
        8rFQ9d04pR1TumzRoBcYdSYbQ7VnqP6Cfyx1favJe971Y8jmIVL6UFKuYozgvA==
Date:   Thu, 1 Dec 2022 00:36:48 +0100
From:   "Erhard F." <erhard_f@mailbox.org>
To:     netdev@vger.kernel.org
Subject: "WARNING: inconsistent lock state, inconsistent {IN-HARDIRQ-W} ->
 {HARDIRQ-ON-W} usage." with netconsole on (kernel 6.1.0-rc7)
Message-ID: <20221201003648.6d8f69e0@yea>
MIME-Version: 1.0
Content-Type: multipart/mixed; boundary="MP_/11BiJKRoRDAXSQu.VU+cB/B"
X-MBO-RS-META: u55wund1d563nzocxt9uqmuu9fyewxoa
X-MBO-RS-ID: 8fa0098fce1abf0d569
X-Spam-Status: No, score=-2.8 required=5.0 tests=BAYES_00,DKIM_SIGNED,
        DKIM_VALID,DKIM_VALID_AU,DKIM_VALID_EF,RCVD_IN_DNSWL_LOW,SPF_HELO_NONE,
        SPF_PASS autolearn=ham autolearn_force=no version=3.4.6
X-Spam-Checker-Version: SpamAssassin 3.4.6 (2021-04-09) on
        lindbergh.monkeyblade.net
Precedence: bulk
List-ID: <netdev.vger.kernel.org>
X-Mailing-List: netdev@vger.kernel.org

--MP_/11BiJKRoRDAXSQu.VU+cB/B
Content-Type: text/plain; charset=US-ASCII
Content-Transfer-Encoding: 7bit
Content-Disposition: inline

I've noticed several locking problems when netconsole is used on various machines on different arches. Another one on my G4 would be https://bugzilla.kernel.org/show_bug.cgi?id=216723

So the issue probably is not network driver or architecture specific or only partly is. So I'll post the latest incarnation here hoping this is the right place for this report.

Output is from my Pentium 4 box; i get this every boot, kernel 6.1.0-rc7. Full dmesg and kernel .config attached.

[...]
netpoll: netconsole: local port 6666
netpoll: netconsole: local IPv4 address 192.168.178.10
netpoll: netconsole: interface 'eth0'
netpoll: netconsole: remote port 6666
netpoll: netconsole: remote IPv4 address 192.168.178.3
netpoll: netconsole: remote ethernet address 70:85:c2:30:ec:01
netpoll: netconsole: device eth0 not up yet, forcing it
8139too 0000:00:0f.0 eth0: link up, 100Mbps, full-duplex, lpa 0xC5E1
netpoll: netconsole: carrier detect appears untrustworthy, waiting 4 seconds

================================
WARNING: inconsistent lock state
6.1.0-rc7-P4 #4 Not tainted
--------------------------------
inconsistent {IN-HARDIRQ-W} -> {HARDIRQ-ON-W} usage.
swapper/0/0 [HC0[0]:SC1[1]:HE1:SE0] takes:
c13c4804 (&syncp->seq#2){?.-.}-{0:0}, at: __napi_poll.constprop.0+0x26/0x1ad
{IN-HARDIRQ-W} state was registered at:
  lock_acquire+0xa8/0x276
  rtl8139_interrupt+0x1f7/0x46a
  __handle_irq_event_percpu+0x7d/0x276
  handle_irq_event+0x29/0x60
  handle_fasteoi_irq+0x68/0x192
  __handle_irq+0x92/0xad
  __common_interrupt+0x3e/0xc9
  common_interrupt+0x22/0x39
  asm_common_interrupt+0x102/0x180
  default_idle+0xb/0xc
  default_idle_call+0x65/0x1d4
  do_idle+0x1d4/0x1d9
  cpu_startup_entry+0x17/0x1a
  rest_init+0xd1/0x141
  arch_call_rest_init+0x8/0x9
  start_kernel+0x4fa/0x50e
  i386_start_kernel+0x43/0x47
  startup_32_smp+0x161/0x164
irq event stamp: 14984
hardirqs last  enabled at (14984): [<c68a205d>] net_rx_action+0x76/0x2eb
hardirqs last disabled at (14983): [<c68a2288>] net_rx_action+0x2a1/0x2eb
softirqs last  enabled at (14968): [<c62175d3>] call_on_stack+0x40/0x4c
softirqs last disabled at (14981): [<c62175d3>] call_on_stack+0x40/0x4c

other info that might help us debug this:
 Possible unsafe locking scenario:

       CPU0
       ----
  lock(&syncp->seq#2);
  <Interrupt>
    lock(&syncp->seq#2);

 *** DEADLOCK ***

1 lock held by swapper/0/0:
 #0: c13c48a4 (&tp->rx_lock){+.-.}-{2:2}, at: rtl8139_poll+0x31/0x505

stack backtrace:
CPU: 0 PID: 0 Comm: swapper/0 Not tainted 6.1.0-rc7-P4 #4
Hardware name:  /FS51, BIOS 6.00 PG 12/02/2003
Call Trace:
 <SOFTIRQ>
 dump_stack_lvl+0x68/0x9e
 dump_stack+0xd/0x12
 print_usage_bug.part.0+0x16c/0x17d
 mark_lock.cold+0x57/0x5c
 __lock_acquire+0x36e/0x23ce
 lock_acquire+0xa8/0x276
 ? __napi_poll.constprop.0+0x26/0x1ad
 ? __napi_alloc_skb+0x10f/0x1d0
 rtl8139_poll+0x1ed/0x505
 ? __napi_poll.constprop.0+0x26/0x1ad
 __napi_poll.constprop.0+0x26/0x1ad
 ? lockdep_hardirqs_on_prepare+0xac/0x193
 ? net_rx_action+0x76/0x2eb
 net_rx_action+0x235/0x2eb
 __do_softirq+0xb2/0x440
 ? __softirqentry_text_start+0x8/0x8
 call_on_stack+0x40/0x4c
 </SOFTIRQ>
 ? __irq_exit_rcu+0x90/0xb7
 ? irq_exit_rcu+0x8/0x11
 ? common_interrupt+0x27/0x39
 ? asm_common_interrupt+0x102/0x180
 ? mwait_idle+0x67/0x67
 ? default_idle+0xb/0xc
 ? __mutex_lock+0x85a/0xbc3
 ? default_idle+0xb/0xc
 ? arch_cpu_idle+0xd/0x11
 ? default_idle_call+0x65/0x1d4
 ? do_idle+0x1d4/0x1d9
 ? cpu_startup_entry+0x17/0x1a
 ? rest_init+0xd1/0x141
 ? arch_call_rest_init+0x8/0x9
 ? start_kernel+0x4fa/0x50e
 ? i386_start_kernel+0x43/0x47
 ? startup_32_smp+0x161/0x164
printk: console [netcon0] enabled
netconsole: network logging started
[...]


Some data about the machine:

 # inxi -bZ
System:
  Kernel: 6.1.0-rc7-P4 arch: i686 bits: 32 Console: pty pts/0
    Distro: Gentoo Base System release 2.9
Machine:
  Type: Desktop Mobo: Shuttle model: FS51 serial: N/A BIOS: Phoenix
    v: 6.00 PG date: 12/02/2003
CPU:
  Info: single core Intel Pentium 4 [MT] speed (MHz): avg: 3063
Graphics:
  Device-1: AMD RV350 [Radeon 9550/9600/X1050 Series] driver: radeon
    v: kernel
  Display: x11 server: X.Org v: 21.1.1 driver: X: loaded: radeon
    unloaded: fbdev,modesetting gpu: radeon resolution: 1400x900~60Hz
  OpenGL: renderer: llvmpipe (LLVM 14.0.6 128 bits) v: 4.5 Mesa 22.1.7
Network:
  Device-1: Ralink RT2500 Wireless 802.11bg driver: rt2500pci
  Device-2: Realtek RTL-8100/8101L/8139 PCI Fast Ethernet Adapter
    driver: 8139too


Regards,
Erhard F.

--MP_/11BiJKRoRDAXSQu.VU+cB/B
Content-Type: text/plain
Content-Transfer-Encoding: 7bit
Content-Disposition: attachment; filename=dmesg_61-rc7_p4_gcc.txt

[    0.000000] Linux version 6.1.0-rc7-P4 (root@supah) (gcc (Gentoo 12.2.1_p20221008 p1) 12.2.1 20221008, GNU ld (Gentoo 2.39 p5) 2.39.0) #4 SMP Wed Nov 30 22:32:25 -00 2022
[    0.000000] KERNEL supported cpus:
[    0.000000]   Intel GenuineIntel
[    0.000000] x86/fpu: x87 FPU will use FXSAVE
[    0.000000] signal: max sigframe size: 1440
[    0.000000] BIOS-provided physical RAM map:
[    0.000000] BIOS-e820: [mem 0x0000000000000000-0x000000000009ffff] usable
[    0.000000] BIOS-e820: [mem 0x00000000000f0000-0x00000000000fffff] reserved
[    0.000000] BIOS-e820: [mem 0x0000000000100000-0x000000007ffeffff] usable
[    0.000000] BIOS-e820: [mem 0x000000007fff0000-0x000000007fff2fff] ACPI NVS
[    0.000000] BIOS-e820: [mem 0x000000007fff3000-0x000000007fffffff] ACPI data
[    0.000000] BIOS-e820: [mem 0x00000000fec00000-0x00000000ffffffff] reserved
[    0.000000] Notice: NX (Execute Disable) protection missing in CPU!
[    0.000000] SMBIOS 2.2 present.
[    0.000000] DMI:  /FS51, BIOS 6.00 PG 12/02/2003
[    0.000000] tsc: Fast TSC calibration using PIT
[    0.000000] tsc: Detected 3062.400 MHz processor
[    0.000996] e820: update [mem 0x00000000-0x00000fff] usable ==> reserved
[    0.001007] e820: remove [mem 0x000a0000-0x000fffff] usable
[    0.001016] last_pfn = 0x7fff0 max_arch_pfn = 0x100000
[    0.001086] x86/PAT: Configuration [0-7]: WB  WC  UC- UC  WB  WC  UC- UC  
[    0.009556] found SMP MP-table at [mem 0x000f54c0-0x000f54cf]
[    0.009596] initial memory mapped: [mem 0x00000000-0x07bfffff]
[    0.012739] ACPI: Early table checksum verification disabled
[    0.012771] ACPI: RSDP 0x00000000000F6F80 000014 (v00 AWARD )
[    0.012787] ACPI: RSDT 0x000000007FFF3000 00002C (v01 AWARD  AWRDACPI 42302E31 AWRD 00000000)
[    0.012804] ACPI: FACP 0x000000007FFF3040 000074 (v01 AWARD  AWRDACPI 42302E31 AWRD 00000000)
[    0.012820] ACPI: DSDT 0x000000007FFF30C0 00364E (v01 AWARD  AWRDACPI 00001000 MSFT 0100000D)
[    0.012830] ACPI: FACS 0x000000007FFF0000 000040
[    0.012838] ACPI: APIC 0x000000007FFF6740 000068 (v01 AWARD  AWRDACPI 42302E31 AWRD 00000000)
[    0.012847] ACPI: Reserving FACP table memory at [mem 0x7fff3040-0x7fff30b3]
[    0.012852] ACPI: Reserving DSDT table memory at [mem 0x7fff30c0-0x7fff670d]
[    0.012854] ACPI: Reserving FACS table memory at [mem 0x7fff0000-0x7fff003f]
[    0.012857] ACPI: Reserving APIC table memory at [mem 0x7fff6740-0x7fff67a7]
[    0.012886] 1163MB HIGHMEM available.
[    0.012890] 883MB LOWMEM available.
[    0.012893]   mapped low ram: 0 - 373fe000
[    0.012895]   low ram: 0 - 373fe000
[    0.012906] Zone ranges:
[    0.012910]   DMA      [mem 0x0000000000001000-0x0000000000ffffff]
[    0.012916]   Normal   [mem 0x0000000001000000-0x00000000373fdfff]
[    0.012921]   HighMem  [mem 0x00000000373fe000-0x000000007ffeffff]
[    0.012926] Movable zone start for each node
[    0.012928] Early memory node ranges
[    0.012929]   node   0: [mem 0x0000000000001000-0x000000000009ffff]
[    0.012933]   node   0: [mem 0x0000000000100000-0x000000007ffeffff]
[    0.012937] Initmem setup node 0 [mem 0x0000000000001000-0x000000007ffeffff]
[    0.012986] On node 0, zone DMA: 1 pages in unavailable ranges
[    0.013146] On node 0, zone DMA: 96 pages in unavailable ranges
[    0.037178] Using APIC driver default
[    0.037328] ACPI: PM-Timer IO Port: 0x1008
[    0.037357] ACPI: LAPIC_NMI (acpi_id[0x00] high edge lint[0x1])
[    0.037362] ACPI: LAPIC_NMI (acpi_id[0x01] high edge lint[0x1])
[    0.037410] IOAPIC[0]: apic_id 2, version 20, address 0xfec00000, GSI 0-23
[    0.037420] ACPI: INT_SRC_OVR (bus 0 bus_irq 0 global_irq 2 dfl dfl)
[    0.037426] ACPI: INT_SRC_OVR (bus 0 bus_irq 9 global_irq 9 dfl dfl)
[    0.037434] ACPI: Using ACPI (MADT) for SMP configuration information
[    0.037440] smpboot: Allowing 2 CPUs, 0 hotplug CPUs
[    0.037499] [mem 0x80000000-0xfebfffff] available for PCI devices
[    0.037510] clocksource: refined-jiffies: mask: 0xffffffff max_cycles: 0xffffffff, max_idle_ns: 6370452778343963 ns
[    0.037536] setup_percpu: NR_CPUS:2 nr_cpumask_bits:2 nr_cpu_ids:2 nr_node_ids:1
[    0.038170] percpu: Embedded 33 pages/cpu s102836 r0 d32332 u135168
[    0.038197] pcpu-alloc: s102836 r0 d32332 u135168 alloc=33*4096
[    0.038207] pcpu-alloc: [0] 0 [0] 1 
[    0.038271] Built 1 zonelists, mobility grouping on.  Total pages: 522407
[    0.038285] Kernel command line: BOOT_IMAGE=/boot/vmlinuz-6.1.0-rc7-P4 root=/dev/sda4 ro zswap.max_pool_percent=13 irqaffinity=0 slub_debug=FZP page_poison=1 netconsole=6666@192.168.178.10/eth0,6666@192.168.178.3/70:85:C2:30:EC:01
[    0.038436] Unknown kernel command line parameters "BOOT_IMAGE=/boot/vmlinuz-6.1.0-rc7-P4", will be passed to user space.
[    0.039043] Dentry cache hash table entries: 131072 (order: 7, 524288 bytes, linear)
[    0.039357] Inode-cache hash table entries: 65536 (order: 6, 262144 bytes, linear)
[    0.042065] mem auto-init: stack:all(pattern), heap alloc:off, heap free:off
[    0.042443] stackdepot hash table entries: 65536 (order: 6, 262144 bytes, linear)
[    0.042453] Initializing HighMem for node 0 (000373fe:0007fff0)
[    1.975749] Initializing Movable for node 0 (00000000:00000000)
[    3.156658] Checking if this processor honours the WP bit even in supervisor mode...Ok.
[    3.156695] Memory: 2052648K/2096700K available (8807K kernel code, 934K rwdata, 2808K rodata, 516K init, 9568K bss, 44052K reserved, 0K cma-reserved, 1191880K highmem)
[    3.156706] **********************************************************
[    3.156708] **   NOTICE NOTICE NOTICE NOTICE NOTICE NOTICE NOTICE   **
[    3.156710] **                                                      **
[    3.156711] ** This system shows unhashed kernel memory addresses   **
[    3.156714] ** via the console, logs, and other interfaces. This    **
[    3.156715] ** might reduce the security of your system.            **
[    3.156717] **                                                      **
[    3.156719] ** If you see this message and you are not debugging    **
[    3.156721] ** the kernel, report this immediately to your system   **
[    3.156722] ** administrator!                                       **
[    3.156724] **                                                      **
[    3.156726] **   NOTICE NOTICE NOTICE NOTICE NOTICE NOTICE NOTICE   **
[    3.156727] **********************************************************
[    3.158206] SLUB: HWalign=128, Order=0-3, MinObjects=0, CPUs=2, Nodes=1
[    3.159057] trace event string verifier disabled
[    3.159846] Running RCU self tests
[    3.159864] rcu: Hierarchical RCU implementation.
[    3.159866] rcu: 	RCU lockdep checking is enabled.
[    3.159869] 	Tracing variant of Tasks RCU enabled.
[    3.159872] rcu: RCU calculated value of scheduler-enlistment delay is 30 jiffies.
[    3.179195] NR_IRQS: 2304, nr_irqs: 440, preallocated irqs: 16
[    3.179779] rcu: srcu_init: Setting srcu_struct sizes based on contention.
[    3.179995] kfence: initialized - using 2097152 bytes for 255 objects at 0xf70f8000-0xf72f8000
[    3.181618] Console: colour VGA+ 80x25
[    3.187400] printk: console [tty0] enabled
[    3.187459] Lock dependency validator: Copyright (c) 2006 Red Hat, Inc., Ingo Molnar
[    3.187533] ... MAX_LOCKDEP_SUBCLASSES:  8
[    3.187588] ... MAX_LOCK_DEPTH:          48
[    3.187643] ... MAX_LOCKDEP_KEYS:        8192
[    3.187699] ... CLASSHASH_SIZE:          4096
[    3.187754] ... MAX_LOCKDEP_ENTRIES:     32768
[    3.187810] ... MAX_LOCKDEP_CHAINS:      65536
[    3.187865] ... CHAINHASH_SIZE:          32768
[    3.187922]  memory used by lock dependency info: 3805 kB
[    3.187983]  memory used for stack traces: 2112 kB
[    3.188041]  per task-struct memory footprint: 1344 bytes
[    3.188166] ACPI: Core revision 20220331
[    3.189151] APIC: Switch to symmetric I/O mode setup
[    3.189217] Enabling APIC mode:  Flat.  Using 1 I/O APICs
[    3.190199] ..TIMER: vector=0x30 apic1=0 pin1=2 apic2=-1 pin2=-1
[    3.205801] clocksource: tsc-early: mask: 0xffffffffffffffff max_cycles: 0x2c248859067, max_idle_ns: 440795355243 ns
[    3.205930] Calibrating delay loop (skipped), value calculated using timer frequency.. 6127.00 BogoMIPS (lpj=10208000)
[    3.206023] pid_max: default: 32768 minimum: 301
[    3.206858] LSM: Security Framework initializing
[    3.206947] Yama: becoming mindful.
[    3.207540] Mount-cache hash table entries: 2048 (order: 1, 8192 bytes, linear)
[    3.207636] Mountpoint-cache hash table entries: 2048 (order: 1, 8192 bytes, linear)
[    3.211176] CPU0: Thermal monitoring enabled (TM1)
[    3.211366] Last level iTLB entries: 4KB 64, 2MB 64, 4MB 64
[    3.211430] Last level dTLB entries: 4KB 64, 2MB 0, 4MB 64, 1GB 0
[    3.211507] Spectre V1 : Mitigation: usercopy/swapgs barriers and __user pointer sanitization
[    3.211589] Spectre V2 : Mitigation: Retpolines
[    3.211647] Spectre V2 : Spectre v2 / SpectreRSB mitigation: Filling RSB on context switch
[    3.211723] Spectre V2 : Spectre v2 / SpectreRSB : Filling RSB on VMEXIT
[    3.211788] Speculative Store Bypass: Vulnerable
[    3.211846] L1TF: Kernel not compiled for PAE. No mitigation for L1TF
[    3.211920] MDS: Vulnerable: Clear CPU buffers attempted, no microcode
[    3.211986] MMIO Stale Data: Unknown: No mitigations
[    3.212450] debug: unmapping init [mem 0xc6ee0000-0xc6ee7fff]
[    3.321315] smpboot: CPU0: Intel(R) Pentium(R) 4 CPU 3.06GHz (family: 0xf, model: 0x2, stepping: 0x7)
[    3.322575] cblist_init_generic: Setting adjustable number of callback queues.
[    3.322575] cblist_init_generic: Setting shift to 1 and lim to 1.
[    3.322575] Running RCU-tasks wait API self tests
[    3.322575] Performance Events: Netburst events, Netburst P4/Xeon PMU driver.
[    3.322575] ... version:                0
[    3.322575] ... bit width:              40
[    3.322575] ... generic registers:      18
[    3.322575] ... value mask:             000000ffffffffff
[    3.322575] ... max period:             0000007fffffffff
[    3.322575] ... fixed-purpose events:   0
[    3.322575] ... event mask:             000000000003ffff
[    3.323206] Callback from call_rcu_tasks_trace() invoked.
[    3.323377] rcu: Hierarchical SRCU implementation.
[    3.323447] rcu: 	Max phase no-delay instances is 1000.
[    3.324688] NMI watchdog: Enabled. Permanently consumes one hw-PMU counter.
[    3.325286] smp: Bringing up secondary CPUs ...
[    3.327117] x86: Booting SMP configuration:
[    3.327217] .... node  #0, CPUs:      #1
[    3.421398] MDS CPU bug present and SMT on, data leak possible. See https://www.kernel.org/doc/html/latest/admin-guide/hw-vuln/mds.html for more details.
[    3.421398] smp: Brought up 1 node, 2 CPUs
[    3.421398] smpboot: Max logical packages: 1
[    3.421398] smpboot: Total of 2 processors activated (12254.16 BogoMIPS)
[    3.424399] devtmpfs: initialized
[    3.429881] clocksource: jiffies: mask: 0xffffffff max_cycles: 0xffffffff, max_idle_ns: 6370867519511994 ns
[    3.430077] futex hash table entries: 512 (order: 4, 65536 bytes, linear)
[    3.432455] NET: Registered PF_NETLINK/PF_ROUTE protocol family
[    3.437019] thermal_sys: Registered thermal governor 'step_wise'
[    3.437188] cpuidle: using governor menu
[    3.475537] PCI: PCI BIOS revision 2.10 entry at 0xfb7f0, last bus=1
[    3.475630] PCI: Using configuration type 1 for base access
[    3.506885] HugeTLB: registered 4.00 MiB page size, pre-allocated 0 pages
[    3.506885] HugeTLB: 0 KiB vmemmap can be freed for a 4.00 MiB page
[    3.567219] raid6: sse2x2   gen()  2543 MB/s
[    3.623881] raid6: sse2x1   gen()  2650 MB/s
[    3.680565] raid6: sse1x2   gen()  1941 MB/s
[    3.737221] raid6: sse1x1   gen()  1493 MB/s
[    3.739302] raid6: using algorithm sse2x1 gen() 2650 MB/s
[    3.793874] raid6: .... xor() 1847 MB/s, rmw enabled
[    3.793950] raid6: using intx1 recovery algorithm
[    3.795913] ACPI: Added _OSI(Module Device)
[    3.795913] ACPI: Added _OSI(Processor Device)
[    3.795913] ACPI: Added _OSI(3.0 _SCP Extensions)
[    3.795913] ACPI: Added _OSI(Processor Aggregator Device)
[    3.910816] ACPI: 1 ACPI AML tables successfully acquired and loaded
[    3.948767] ACPI: Interpreter enabled
[    3.948995] ACPI: PM: (supports S0 S5)
[    3.949072] ACPI: Using IOAPIC for interrupt routing
[    3.949690] PCI: Ignoring host bridge windows from ACPI; if necessary, use "pci=use_crs" and report a bug
[    3.949794] PCI: Using E820 reservations for host bridge windows
[    3.954637] ACPI: Enabled 9 GPEs in block 00 to 0F
[    3.954752] ACPI: Enabled 1 GPEs in block 10 to 1F
[    4.099637] ACPI: PCI Root Bridge [PCI0] (domain 0000 [bus 00-ff])
[    4.099804] acpi PNP0A03:00: _OSC: OS supports [Segments MSI HPX-Type3]
[    4.099885] acpi PNP0A03:00: PCIe port services disabled; not requesting _OSC control
[    4.100175] acpi PNP0A03:00: fail to add MMCONFIG information, can't access extended PCI configuration space under this bridge.
[    4.101660] acpi PNP0A03:00: host bridge window [io  0x0cf8-0x0cff] (ignored)
[    4.101674] acpi PNP0A03:00: host bridge window [io  0x0000-0x047f window] (ignored)
[    4.101683] acpi PNP0A03:00: host bridge window [io  0x0480-0x048f] (ignored)
[    4.101692] acpi PNP0A03:00: host bridge window [io  0x0490-0x0cf7 window] (ignored)
[    4.101701] acpi PNP0A03:00: host bridge window [io  0x0d00-0x0fff window] (ignored)
[    4.101710] acpi PNP0A03:00: host bridge window [io  0x1000-0x10bf] (ignored)
[    4.101719] acpi PNP0A03:00: host bridge window [io  0x10c0-0x10ff] (ignored)
[    4.101728] acpi PNP0A03:00: host bridge window [io  0x1100-0xffff window] (ignored)
[    4.101737] acpi PNP0A03:00: host bridge window [mem 0x000a0000-0x000bffff window] (ignored)
[    4.101747] acpi PNP0A03:00: host bridge window [mem 0x80000000-0xfebfffff window] (ignored)
[    4.101757] PCI: root bus 00: using default resources
[    4.103646] PCI host bridge to bus 0000:00
[    4.103735] pci_bus 0000:00: root bus resource [io  0x0000-0xffff]
[    4.103846] pci_bus 0000:00: root bus resource [mem 0x00000000-0xffffffff]
[    4.103995] pci_bus 0000:00: root bus resource [bus 00-ff]
[    4.104383] pci 0000:00:00.0: [1039:0651] type 00 class 0x060000
[    4.104484] pci 0000:00:00.0: reg 0x10: [mem 0xe0000000-0xe3ffffff]
[    4.105440] pci 0000:00:01.0: [1039:0001] type 01 class 0x060400
[    4.106324] pci 0000:00:02.0: [1039:0008] type 00 class 0x060100
[    4.106585] pci 0000:00:02.0: Enabling SiS 96x SMBus
[    4.108211] pci 0000:00:02.1: [1039:0016] type 00 class 0x0c0500
[    4.108376] pci 0000:00:02.1: reg 0x20: [io  0x10c0-0x10df]
[    4.109261] pci 0000:00:02.5: [1039:5513] type 00 class 0x01018a
[    4.109373] pci 0000:00:02.5: reg 0x10: [io  0x01f0-0x01f7]
[    4.109461] pci 0000:00:02.5: reg 0x14: [io  0x03f4-0x03f7]
[    4.109548] pci 0000:00:02.5: reg 0x18: [io  0x0170-0x0177]
[    4.109634] pci 0000:00:02.5: reg 0x1c: [io  0x0374-0x0377]
[    4.109720] pci 0000:00:02.5: reg 0x20: [io  0x4000-0x400f]
[    4.109824] pci 0000:00:02.5: legacy IDE quirk: reg 0x10: [io  0x01f0-0x01f7]
[    4.109906] pci 0000:00:02.5: legacy IDE quirk: reg 0x14: [io  0x03f6]
[    4.109984] pci 0000:00:02.5: legacy IDE quirk: reg 0x18: [io  0x0170-0x0177]
[    4.110065] pci 0000:00:02.5: legacy IDE quirk: reg 0x1c: [io  0x0376]
[    4.110252] pci 0000:00:02.5: supports D1
[    4.110319] pci 0000:00:02.5: PME# supported from D3cold
[    4.112021] pci 0000:00:02.7: [1039:7012] type 00 class 0x040100
[    4.112135] pci 0000:00:02.7: reg 0x10: [io  0xe000-0xe0ff]
[    4.112225] pci 0000:00:02.7: reg 0x14: [io  0xe400-0xe47f]
[    4.112481] pci 0000:00:02.7: supports D1 D2
[    4.112549] pci 0000:00:02.7: PME# supported from D3hot D3cold
[    4.114150] pci 0000:00:03.0: [1039:7001] type 00 class 0x0c0310
[    4.114265] pci 0000:00:03.0: reg 0x10: [mem 0xe6005000-0xe6005fff]
[    4.116070] pci 0000:00:03.1: [1039:7001] type 00 class 0x0c0310
[    4.116183] pci 0000:00:03.1: reg 0x10: [mem 0xe6002000-0xe6002fff]
[    4.117855] pci 0000:00:03.2: [1039:7001] type 00 class 0x0c0310
[    4.117968] pci 0000:00:03.2: reg 0x10: [mem 0xe6003000-0xe6003fff]
[    4.119671] pci 0000:00:03.3: [1039:7002] type 00 class 0x0c0320
[    4.119783] pci 0000:00:03.3: reg 0x10: [mem 0xe6004000-0xe6004fff]
[    4.120052] pci 0000:00:03.3: PME# supported from D0 D3hot D3cold
[    4.121600] pci 0000:00:0a.0: [1814:0201] type 00 class 0x028000
[    4.121710] pci 0000:00:0a.0: reg 0x10: [mem 0xe6000000-0xe6001fff]
[    4.122632] pci 0000:00:0f.0: [10ec:8139] type 00 class 0x020000
[    4.122741] pci 0000:00:0f.0: reg 0x10: [io  0xe800-0xe8ff]
[    4.122829] pci 0000:00:0f.0: reg 0x14: [mem 0xe6006000-0xe60060ff]
[    4.123107] pci 0000:00:0f.0: supports D1 D2
[    4.123175] pci 0000:00:0f.0: PME# supported from D1 D2 D3hot D3cold
[    4.123863] pci 0000:00:10.0: [1106:3044] type 00 class 0x0c0010
[    4.124012] pci 0000:00:10.0: reg 0x10: [mem 0xe6007000-0xe60077ff]
[    4.124107] pci 0000:00:10.0: reg 0x14: [io  0xec00-0xec7f]
[    4.124369] pci 0000:00:10.0: supports D2
[    4.124436] pci 0000:00:10.0: PME# supported from D2 D3hot D3cold
[    4.125199] pci_bus 0000:01: extended config space not accessible
[    4.125586] pci 0000:01:00.0: [1002:4150] type 00 class 0x030000
[    4.125687] pci 0000:01:00.0: reg 0x10: [mem 0xc0000000-0xcfffffff pref]
[    4.125779] pci 0000:01:00.0: reg 0x14: [io  0xd000-0xd0ff]
[    4.125864] pci 0000:01:00.0: reg 0x18: [mem 0xe5000000-0xe500ffff]
[    4.126006] pci 0000:01:00.0: reg 0x30: [mem 0x00000000-0x0001ffff pref]
[    4.126171] pci 0000:01:00.0: Video device with shadowed ROM at [mem 0x000c0000-0x000dffff]
[    4.126315] pci 0000:01:00.0: supports D1 D2
[    4.127058] pci 0000:01:00.1: [1002:4170] type 00 class 0x038000
[    4.127162] pci 0000:01:00.1: reg 0x10: [mem 0xd0000000-0xdfffffff pref]
[    4.127262] pci 0000:01:00.1: reg 0x14: [mem 0xe5010000-0xe501ffff]
[    4.127485] pci 0000:01:00.1: supports D1 D2
[    4.128168] pci 0000:00:01.0: PCI bridge to [bus 01]
[    4.128246] pci 0000:00:01.0:   bridge window [io  0xd000-0xdfff]
[    4.128326] pci 0000:00:01.0:   bridge window [mem 0xe4000000-0xe5ffffff]
[    4.128410] pci 0000:00:01.0:   bridge window [mem 0xc0000000-0xdfffffff pref]
[    4.128514] pci_bus 0000:00: on NUMA node 0
[    4.145430] ACPI: PCI: Interrupt link LNKA configured for IRQ 12
[    4.147471] ACPI: PCI: Interrupt link LNKB configured for IRQ 10
[    4.149437] ACPI: PCI: Interrupt link LNKC configured for IRQ 11
[    4.151509] ACPI: PCI: Interrupt link LNKD configured for IRQ 5
[    4.153482] ACPI: PCI: Interrupt link LNKE configured for IRQ 11
[    4.155483] ACPI: PCI: Interrupt link LNKF configured for IRQ 6
[    4.157469] ACPI: PCI: Interrupt link LNKG configured for IRQ 9
[    4.159436] ACPI: PCI: Interrupt link LNKH configured for IRQ 7
[    4.176826] SCSI subsystem initialized
[    4.179625] libata version 3.00 loaded.
[    4.180834] PCI: Using ACPI for IRQ routing
[    4.180923] PCI: pci_cache_line_size set to 64 bytes
[    4.181011] e820: reserve RAM buffer [mem 0x7fff0000-0x7fffffff]
[    4.182825] pci 0000:01:00.0: vgaarb: setting as boot VGA device
[    4.182855] pci 0000:01:00.0: vgaarb: bridge control possible
[    4.182930] pci 0000:01:00.0: vgaarb: VGA device added: decodes=io+mem,owns=io+mem,locks=none
[    4.183027] vgaarb: loaded
[    4.192581] clocksource: Switched to clocksource tsc-early
[    4.205101] pnp: PnP ACPI init
[    4.227990] system 00:01: [io  0x04d0-0x04d1] has been reserved
[    4.228235] system 00:01: [io  0x0800-0x0805] has been reserved
[    4.228379] system 00:01: [io  0x0290-0x0297] has been reserved
[    4.262877] pnp: PnP ACPI: found 6 devices
[    4.351321] clocksource: acpi_pm: mask: 0xffffff max_cycles: 0xffffff, max_idle_ns: 2085701024 ns
[    4.352522] NET: Registered PF_INET protocol family
[    4.353439] IP idents hash table entries: 16384 (order: 5, 131072 bytes, linear)
[    4.358132] tcp_listen_portaddr_hash hash table entries: 512 (order: 2, 20480 bytes, linear)
[    4.358654] Table-perturb hash table entries: 65536 (order: 6, 262144 bytes, linear)
[    4.359124] TCP established hash table entries: 8192 (order: 3, 32768 bytes, linear)
[    4.360846] TCP bind hash table entries: 8192 (order: 7, 655360 bytes, linear)
[    4.362718] TCP: Hash tables configured (established 8192 bind 8192)
[    4.364043] UDP hash table entries: 512 (order: 3, 49152 bytes, linear)
[    4.364427] UDP-Lite hash table entries: 512 (order: 3, 49152 bytes, linear)
[    4.365594] NET: Registered PF_UNIX/PF_LOCAL protocol family
[    4.366091] pci 0000:00:01.0: PCI bridge to [bus 01]
[    4.366203] pci 0000:00:01.0:   bridge window [io  0xd000-0xdfff]
[    4.366316] pci 0000:00:01.0:   bridge window [mem 0xe4000000-0xe5ffffff]
[    4.366432] pci 0000:00:01.0:   bridge window [mem 0xc0000000-0xdfffffff pref]
[    4.366565] pci_bus 0000:00: resource 4 [io  0x0000-0xffff]
[    4.366669] pci_bus 0000:00: resource 5 [mem 0x00000000-0xffffffff]
[    4.366777] pci_bus 0000:01: resource 0 [io  0xd000-0xdfff]
[    4.366879] pci_bus 0000:01: resource 1 [mem 0xe4000000-0xe5ffffff]
[    4.366985] pci_bus 0000:01: resource 2 [mem 0xc0000000-0xdfffffff pref]
[    4.414029] pci 0000:00:03.0: quirk_usb_early_handoff+0x0/0x6e8 took 35978 usecs
[    4.450654] pci 0000:00:03.1: quirk_usb_early_handoff+0x0/0x6e8 took 35582 usecs
[    4.487374] pci 0000:00:03.2: quirk_usb_early_handoff+0x0/0x6e8 took 35678 usecs
[    4.495015] PCI: CLS 32 bytes, default 64
[    4.503060] Initialise system trusted keyrings
[    4.504244] workingset: timestamp_bits=30 max_order=19 bucket_order=0
[    4.574899] NET: Registered PF_ALG protocol family
[    4.575163] xor: measuring software checksum speed
[    4.577352]    pIII_sse        :  4688 MB/sec
[    4.579121]    prefetch64-sse  :  6141 MB/sec
[    4.579189] xor: using function: prefetch64-sse (6141 MB/sec)
[    4.579432] Key type asymmetric registered
[    4.579537] Asymmetric key parser 'x509' registered
[    4.587282] alg: self-tests for CTR-KDF (hmac(sha256)) passed
[    4.588765] bounce: pool size: 64 pages
[    4.589648] Block layer SCSI generic (bsg) driver version 0.4 loaded (major 252)
[    4.590814] io scheduler bfq registered
[    4.601374] pata_sis 0000:00:02.5: version 0.5.2
[    4.604248] pata_sis 0000:00:02.5: SiS 962/963 MuTIOL IDE UDMA133 controller
[    4.627364] scsi host0: pata_sis
[    4.630171] scsi host1: pata_sis
[    4.631442] ata1: PATA max UDMA/133 cmd 0x1f0 ctl 0x3f6 bmdma 0x4000 irq 14
[    4.631534] ata2: PATA max UDMA/133 cmd 0x170 ctl 0x376 bmdma 0x4008 irq 15
[    4.632707] 8139too: 8139too Fast Ethernet driver 0.9.28
[    4.639592] 8139too 0000:00:0f.0 eth0: RealTek RTL8139 at 0xf7c15000, 00:30:1b:2f:2c:58, IRQ 18
[    4.640106] rtc_cmos 00:02: RTC can wake from S4
[    4.641916] rtc_cmos 00:02: registered as rtc0
[    4.642012] rtc_cmos 00:02: alarms up to one year, 242 bytes nvram
[    4.642559] intel_pstate: CPU model not supported
[    4.646810] NET: Registered PF_INET6 protocol family
[    4.652774] Segment Routing with IPv6
[    4.652967] In-situ OAM (IOAM) with IPv6
[    4.653242] NET: Registered PF_PACKET protocol family
[    4.656315] microcode: sig=0xf27, pf=0x4, revision=0x33
[    4.656496] microcode: Microcode Update Driver: v2.2.
[    4.656510] IPI shorthand broadcast: enabled
[    4.657532] sched_clock: Marking stable (4647738778, 9426224)->(4660047291, -2882289)
[    4.659830] registered taskstats version 1
[    4.660022] Loading compiled-in X.509 certificates
[    4.665505] zswap: loaded using pool lzo/z3fold
[    4.667082] kmemleak: Kernel memory leak detector initialized (mem pool available: 15576)
[    4.667100] kmemleak: Automatic memory scanning thread started
[    4.667216] debug_vm_pgtable: [debug_vm_pgtable         ]: Validating architecture page table helpers
[    4.688617] Btrfs loaded, crc32c=crc32c-generic, zoned=no, fsverity=no
[    4.794239] ata1.00: ATA-7: ExcelStor Technology J8080, P21OA60A, max UDMA/133
[    4.794405] ata1.00: 160836480 sectors, multi 16: LBA48 
[    4.794511] ata1.01: ATAPI: LITE-ON CD-ROM LTN-529S, 7S06, max UDMA/33
[    4.805947] scsi 0:0:0:0: Direct-Access     ATA      ExcelStor Techno A60A PQ: 0 ANSI: 5
[    4.812004] sd 0:0:0:0: [sda] 160836480 512-byte logical blocks: (82.3 GB/76.7 GiB)
[    4.812314] sd 0:0:0:0: [sda] Write Protect is off
[    4.812433] sd 0:0:0:0: [sda] Mode Sense: 00 3a 00 00
[    4.812651] sd 0:0:0:0: [sda] Write cache: enabled, read cache: enabled, doesn't support DPO or FUA
[    4.813062] sd 0:0:0:0: [sda] Preferred minimum I/O size 512 bytes
[    4.817441] scsi 0:0:1:0: CD-ROM            LITE-ON  CD-ROM LTN-529S  7S06 PQ: 0 ANSI: 5
[    4.851483]  sda: sda1 sda2 sda3 sda4 sda5
[    4.856977] sd 0:0:0:0: [sda] Attached SCSI disk
[    5.482765] tsc: Refined TSC clocksource calibration: 3062.658 MHz
[    5.482929] clocksource: tsc: mask: 0xffffffffffffffff max_cycles: 0x2c257bf0c93, max_idle_ns: 440795221674 ns
[    5.483289] clocksource: Switched to clocksource tsc
[    6.443062] netpoll: netconsole: local port 6666
[    6.443151] netpoll: netconsole: local IPv4 address 192.168.178.10
[    6.443226] netpoll: netconsole: interface 'eth0'
[    6.443292] netpoll: netconsole: remote port 6666
[    6.443358] netpoll: netconsole: remote IPv4 address 192.168.178.3
[    6.443431] netpoll: netconsole: remote ethernet address 70:85:c2:30:ec:01
[    6.443515] netpoll: netconsole: device eth0 not up yet, forcing it
[    6.444046] 8139too 0000:00:0f.0 eth0: link up, 100Mbps, full-duplex, lpa 0xC5E1
[    6.445337] netpoll: netconsole: carrier detect appears untrustworthy, waiting 4 seconds
[    6.625284] 
[    6.625343] ================================
[    6.625388] WARNING: inconsistent lock state
[    6.625433] 6.1.0-rc7-P4 #4 Not tainted
[    6.625477] --------------------------------
[    6.625521] inconsistent {IN-HARDIRQ-W} -> {HARDIRQ-ON-W} usage.
[    6.625567] swapper/0/0 [HC0[0]:SC1[1]:HE1:SE0] takes:
[    6.625615] c13c4804 (&syncp->seq#2){?.-.}-{0:0}, at: __napi_poll.constprop.0+0x26/0x1ad
[    6.625692] {IN-HARDIRQ-W} state was registered at:
[    6.625738]   lock_acquire+0xa8/0x276
[    6.625786]   rtl8139_interrupt+0x1f7/0x46a
[    6.625834]   __handle_irq_event_percpu+0x7d/0x276
[    6.625882]   handle_irq_event+0x29/0x60
[    6.625930]   handle_fasteoi_irq+0x68/0x192
[    6.625988]   __handle_irq+0x92/0xad
[    6.626036]   __common_interrupt+0x3e/0xc9
[    6.626082]   common_interrupt+0x22/0x39
[    6.626127]   asm_common_interrupt+0x102/0x180
[    6.626173]   default_idle+0xb/0xc
[    6.626220]   default_idle_call+0x65/0x1d4
[    6.626265]   do_idle+0x1d4/0x1d9
[    6.626309]   cpu_startup_entry+0x17/0x1a
[    6.626353]   rest_init+0xd1/0x141
[    6.626396]   arch_call_rest_init+0x8/0x9
[    6.626444]   start_kernel+0x4fa/0x50e
[    6.626488]   i386_start_kernel+0x43/0x47
[    6.626533]   startup_32_smp+0x161/0x164
[    6.626577] irq event stamp: 14984
[    6.626620] hardirqs last  enabled at (14984): [<c68a205d>] net_rx_action+0x76/0x2eb
[    6.626678] hardirqs last disabled at (14983): [<c68a2288>] net_rx_action+0x2a1/0x2eb
[    6.626736] softirqs last  enabled at (14968): [<c62175d3>] call_on_stack+0x40/0x4c
[    6.626794] softirqs last disabled at (14981): [<c62175d3>] call_on_stack+0x40/0x4c
[    6.626852] 
[    6.626852] other info that might help us debug this:
[    6.626904]  Possible unsafe locking scenario:
[    6.626904] 
[    6.626956]        CPU0
[    6.626997]        ----
[    6.627037]   lock(&syncp->seq#2);
[    6.627085]   <Interrupt>
[    6.627126]     lock(&syncp->seq#2);
[    6.627171] 
[    6.627171]  *** DEADLOCK ***
[    6.627171] 
[    6.627227] 1 lock held by swapper/0/0:
[    6.627271]  #0: c13c48a4 (&tp->rx_lock){+.-.}-{2:2}, at: rtl8139_poll+0x31/0x505
[    6.627336] 
[    6.627336] stack backtrace:
[    6.627386] CPU: 0 PID: 0 Comm: swapper/0 Not tainted 6.1.0-rc7-P4 #4
[    6.627437] Hardware name:  /FS51, BIOS 6.00 PG 12/02/2003
[    6.627484] Call Trace:
[    6.627526]  <SOFTIRQ>
[    6.627568]  dump_stack_lvl+0x68/0x9e
[    6.627618]  dump_stack+0xd/0x12
[    6.627665]  print_usage_bug.part.0+0x16c/0x17d
[    6.627713]  mark_lock.cold+0x57/0x5c
[    6.627759]  __lock_acquire+0x36e/0x23ce
[    6.627808]  lock_acquire+0xa8/0x276
[    6.627853]  ? __napi_poll.constprop.0+0x26/0x1ad
[    6.627902]  ? __napi_alloc_skb+0x10f/0x1d0
[    6.627950]  rtl8139_poll+0x1ed/0x505
[    6.627995]  ? __napi_poll.constprop.0+0x26/0x1ad
[    6.628043]  __napi_poll.constprop.0+0x26/0x1ad
[    6.628089]  ? lockdep_hardirqs_on_prepare+0xac/0x193
[    6.628138]  ? net_rx_action+0x76/0x2eb
[    6.628184]  net_rx_action+0x235/0x2eb
[    6.628231]  __do_softirq+0xb2/0x440
[    6.628277]  ? __softirqentry_text_start+0x8/0x8
[    6.628324]  call_on_stack+0x40/0x4c
[    6.628369]  </SOFTIRQ>
[    6.628410]  ? __irq_exit_rcu+0x90/0xb7
[    6.628456]  ? irq_exit_rcu+0x8/0x11
[    6.628501]  ? common_interrupt+0x27/0x39
[    6.628546]  ? asm_common_interrupt+0x102/0x180
[    6.628592]  ? mwait_idle+0x67/0x67
[    6.628638]  ? default_idle+0xb/0xc
[    6.628683]  ? __mutex_lock+0x85a/0xbc3
[    6.628728]  ? default_idle+0xb/0xc
[    6.628773]  ? arch_cpu_idle+0xd/0x11
[    6.628820]  ? default_idle_call+0x65/0x1d4
[    6.628867]  ? do_idle+0x1d4/0x1d9
[    6.628911]  ? cpu_startup_entry+0x17/0x1a
[    6.628956]  ? rest_init+0xd1/0x141
[    6.629001]  ? arch_call_rest_init+0x8/0x9
[    6.629047]  ? start_kernel+0x4fa/0x50e
[    6.629092]  ? i386_start_kernel+0x43/0x47
[    6.629138]  ? startup_32_smp+0x161/0x164
[   10.511255] printk: console [netcon0] enabled
[   10.511331] netconsole: network logging started
[   10.530938] BTRFS: device label bisect_p4 devid 1 transid 2684 /dev/root scanned by swapper/0 (1)
[   10.532393] BTRFS info (device sda4): using xxhash64 (xxhash64-generic) checksum algorithm
[   10.532569] BTRFS info (device sda4): disk space caching is enabled
[   10.700537] VFS: Mounted root (btrfs filesystem) readonly on device 0:16.
[   10.700776] debug: unmapping init [mem 0xc6e5f000-0xc6edffff]
[   10.712852] Write protecting kernel text and read-only data: 11616k
[   10.713008] Run /sbin/init as init process
[   10.713072]   with arguments:
[   10.713138]     /sbin/init
[   10.713201]   with environment:
[   10.713266]     HOME=/
[   10.713328]     TERM=linux
[   10.713390]     BOOT_IMAGE=/boot/vmlinuz-6.1.0-rc7-P4
[   12.440271] systemd[1]: systemd 251 running in system mode (+PAM -AUDIT -SELINUX -APPARMOR +IMA +SMACK +SECCOMP -GCRYPT -GNUTLS +OPENSSL +ACL +BLKID -CURL -ELFUTILS -FIDO2 +IDN2 -IDN -IPTC +KMOD -LIBCRYPTSETUP +LIBFDISK +PCRE2 -PWQUALITY -P11KIT -QRENCODE -TPM2 -BZIP2 +LZ4 -XZ -ZLIB +ZSTD -BPF_FRAMEWORK -XKBCOMMON +UTMP +SYSVINIT default-hierarchy=unified)
[   12.440466] systemd[1]: Detected architecture x86.
[   12.470770] systemd[1]: Hostname set to <hakla04>.
[   13.437722] systemd-gpt-auto-generator[103]: File system behind root file system is reported by btrfs to be backed by pseudo-device /dev/root, which is not a valid userspace accessible device node. Cannot determine correct backing block device.
[   13.551228] systemd[95]: /lib/systemd/system-generators/systemd-gpt-auto-generator failed with exit status 1.
[   14.345929] random: crng init done
[   15.109166] systemd[1]: Queued start job for default target Graphical Interface.
[   15.113659] systemd[1]: Created slice Slice /system/getty.
[   15.116739] systemd[1]: Created slice Slice /system/modprobe.
[   15.118996] systemd[1]: Created slice Slice /system/systemd-fsck.
[   15.121365] systemd[1]: Created slice Slice /system/vncserver.
[   15.123667] systemd[1]: Created slice User and Session Slice.
[   15.125427] systemd[1]: Started Dispatch Password Requests to Console Directory Watch.
[   15.126719] systemd[1]: Started Forward Password Requests to Wall Directory Watch.
[   15.128690] systemd[1]: Set up automount Arbitrary Executable File Formats File System Automount Point.
[   15.129831] systemd[1]: Reached target Path Units.
[   15.130564] systemd[1]: Reached target Remote File Systems.
[   15.131220] systemd[1]: Reached target Slice Units.
[   15.137840] systemd[1]: Listening on Process Core Dump Socket.
[   15.139070] systemd[1]: Listening on initctl Compatibility Named Pipe.
[   15.149408] systemd[1]: Journal Audit Socket was skipped because of a failed condition check (ConditionSecurity=audit).
[   15.151346] systemd[1]: Listening on Journal Socket (/dev/log).
[   15.153738] systemd[1]: Listening on Journal Socket.
[   15.168366] systemd[1]: Listening on udev Control Socket.
[   15.169927] systemd[1]: Listening on udev Kernel Socket.
[   15.186714] systemd[1]: Mounting Huge Pages File System...
[   15.193726] systemd[1]: Mounting POSIX Message Queue File System...
[   15.202462] systemd[1]: Mounting Kernel Debug File System...
[   15.213664] systemd[1]: Mounting Kernel Trace File System...
[   15.247223] systemd[1]: Starting Create List of Static Device Nodes...
[   15.265188] systemd[1]: Starting Load Kernel Module configfs...
[   15.276974] systemd[1]: Starting Load Kernel Module drm...
[   15.297605] systemd[1]: Starting Load Kernel Module fuse...
[   15.311056] systemd[1]: Starting File System Check on Root Device...
[   15.340605] systemd[1]: Starting Journal Service...
[   15.481384] fuse: init (API version 7.37)
[   15.484045] systemd[1]: Starting Load Kernel Modules...
[   15.506701] systemd[1]: Repartition Root Disk was skipped because all trigger condition checks failed.
[   15.516571] systemd[1]: Starting Coldplug All udev Devices...
[   15.575433] ACPI: bus type drm_connector registered
[   15.597567] systemd[1]: Mounted Huge Pages File System.
[   15.607765] systemd[1]: Mounted POSIX Message Queue File System.
[   15.610321] systemd[1]: Mounted Kernel Debug File System.
[   15.620116] systemd[1]: Mounted Kernel Trace File System.
[   15.623597] systemd[1]: Finished Create List of Static Device Nodes.
[   15.632682] systemd[1]: modprobe@configfs.service: Deactivated successfully.
[   15.643163] systemd[1]: Finished Load Kernel Module configfs.
[   15.647937] systemd[1]: modprobe@drm.service: Deactivated successfully.
[   15.650588] systemd[1]: Finished Load Kernel Module drm.
[   15.657628] systemd[1]: modprobe@fuse.service: Deactivated successfully.
[   15.659937] systemd[1]: Finished Load Kernel Module fuse.
[   15.664020] systemd[1]: Finished File System Check on Root Device.
[   15.693526] Asymmetric key parser 'pkcs8' registered
[   15.702189] systemd[1]: Mounting FUSE Control File System...
[   15.723147] systemd[1]: Mounting Kernel Configuration File System...
[   15.760652] systemd[1]: Starting Remount Root and Kernel File Systems...
[   15.813629] systemd[1]: Finished Load Kernel Modules.
[   15.816928] systemd[1]: Mounted FUSE Control File System.
[   15.825161] systemd[1]: Mounted Kernel Configuration File System.
[   15.854037] systemd[1]: Starting Apply Kernel Variables...
[   16.110071] systemd[1]: Started Journal Service.
[   16.495530] BTRFS info (device sda4: state M): use lzo compression, level 0
[   16.636530] systemd-journald[119]: Received client request to flush runtime journal.
[   18.549126] input: Power Button as /devices/LNXSYSTM:00/LNXSYBUS:00/PNP0C0C:00/input/input0
[   18.561623] ACPI: button: Power Button [PWRB]
[   18.566702] input: Sleep Button as /devices/LNXSYSTM:00/LNXSYBUS:00/PNP0C0E:00/input/input1
[   18.573763] ACPI: button: Sleep Button [FUTS]
[   18.656626] input: Power Button as /devices/LNXSYSTM:00/LNXPWRBN:00/input/input2
[   18.659807] ACPI: button: Power Button [PWRF]
[   18.816105] sis96x_smbus 0000:00:02.1: SiS96x SMBus base address: 0x10c0
[   18.965424] Serial: 8250/16550 driver, 4 ports, IRQ sharing disabled
[   18.966897] 00:03: ttyS0 at I/O 0x3f8 (irq = 4, base_baud = 115200) is a 16550A
[   18.971896] 00:04: ttyS1 at I/O 0x2f8 (irq = 3, base_baud = 115200) is a 16550A
[   18.984550] thermal LNXTHERM:00: registered as thermal_zone0
[   18.984711] ACPI: thermal: Thermal Zone [THRM] (57 C)
[   19.110946] sr 0:0:1:0: [sr0] scsi3-mmc drive: 52x/52x cd/rw xa/form2 cdda tray
[   19.111110] cdrom: Uniform CD-ROM driver Revision: 3.20
[   19.188138] sr 0:0:1:0: Attached scsi CD-ROM sr0
[   19.425602] ACPI: bus type USB registered
[   19.426639] usbcore: registered new interface driver usbfs
[   19.427238] usbcore: registered new interface driver hub
[   19.427690] usbcore: registered new device driver usb
[   19.576173] firewire_ohci 0000:00:10.0: added OHCI v1.0 device as card 0, 8 IR + 8 IT contexts, quirks 0x41
[   19.773457] ehci-pci 0000:00:03.3: EHCI Host Controller
[   19.773730] ehci-pci 0000:00:03.3: new USB bus registered, assigned bus number 1
[   19.774175] ehci-pci 0000:00:03.3: irq 23, io mem 0xe6004000
[   19.792568] ehci-pci 0000:00:03.3: USB 2.0 started, EHCI 1.00
[   19.794882] usb usb1: New USB device found, idVendor=1d6b, idProduct=0002, bcdDevice= 6.01
[   19.795037] usb usb1: New USB device strings: Mfr=3, Product=2, SerialNumber=1
[   19.795171] usb usb1: Product: EHCI Host Controller
[   19.795266] usb usb1: Manufacturer: Linux 6.1.0-rc7-P4 ehci_hcd
[   19.795357] usb usb1: SerialNumber: 0000:00:03.3
[   19.813121] hub 1-0:1.0: USB hub found
[   19.814478] hub 1-0:1.0: 6 ports detected
[   19.842934] cfg80211: Loading compiled-in X.509 certificates for regulatory database
[   19.864921] ohci-pci 0000:00:03.0: OHCI PCI host controller
[   19.868948] ohci-pci 0000:00:03.0: new USB bus registered, assigned bus number 2
[   19.874409] ohci-pci 0000:00:03.0: irq 20, io mem 0xe6005000
[   19.937117] usb usb2: New USB device found, idVendor=1d6b, idProduct=0001, bcdDevice= 6.01
[   19.937263] usb usb2: New USB device strings: Mfr=3, Product=2, SerialNumber=1
[   19.937381] usb usb2: Product: OHCI PCI host controller
[   19.937488] usb usb2: Manufacturer: Linux 6.1.0-rc7-P4 ohci_hcd
[   19.937587] usb usb2: SerialNumber: 0000:00:03.0
[   19.965166] hub 2-0:1.0: USB hub found
[   19.965421] hub 2-0:1.0: 2 ports detected
[   20.012001] ohci-pci 0000:00:03.1: OHCI PCI host controller
[   20.039463] ohci-pci 0000:00:03.1: new USB bus registered, assigned bus number 3
[   20.042426] ohci-pci 0000:00:03.1: irq 21, io mem 0xe6002000
[   20.076057] usb 1-1: new high-speed USB device number 2 using ehci-pci
[   20.098427] firewire_core 0000:00:10.0: created device fw0: GUID 000000301b1df418, S400
[   20.102160] usb usb3: New USB device found, idVendor=1d6b, idProduct=0001, bcdDevice= 6.01
[   20.102287] usb usb3: New USB device strings: Mfr=3, Product=2, SerialNumber=1
[   20.102973] usb usb3: Product: OHCI PCI host controller
[   20.103100] usb usb3: Manufacturer: Linux 6.1.0-rc7-P4 ohci_hcd
[   20.103224] usb usb3: SerialNumber: 0000:00:03.1
[   20.110158] hub 3-0:1.0: USB hub found
[   20.110416] hub 3-0:1.0: 2 ports detected
[   20.134089] cfg80211: Loaded X.509 cert 'sforshee: 00b28ddf47aef9cea7'
[   20.144005] BTRFS info: devid 1 device path /dev/root changed to /dev/sda4 scanned by systemd-udevd (144)
[   20.149189] ohci-pci 0000:00:03.2: OHCI PCI host controller
[   20.149518] ohci-pci 0000:00:03.2: new USB bus registered, assigned bus number 4
[   20.160598] ohci-pci 0000:00:03.2: irq 22, io mem 0xe6003000
[   20.218899] usb usb4: New USB device found, idVendor=1d6b, idProduct=0001, bcdDevice= 6.01
[   20.219061] usb usb4: New USB device strings: Mfr=3, Product=2, SerialNumber=1
[   20.219205] usb usb4: Product: OHCI PCI host controller
[   20.219371] usb usb4: Manufacturer: Linux 6.1.0-rc7-P4 ohci_hcd
[   20.219476] usb usb4: SerialNumber: 0000:00:03.2
[   20.225461] usb 1-1: New USB device found, idVendor=05e3, idProduct=0610, bcdDevice=32.98
[   20.225636] usb 1-1: New USB device strings: Mfr=0, Product=1, SerialNumber=0
[   20.225776] usb 1-1: Product: USB2.0 Hub
[   20.228818] hub 1-1:1.0: USB hub found
[   20.229546] hub 1-1:1.0: 4 ports detected
[   20.264897] hub 4-0:1.0: USB hub found
[   20.269040] hub 4-0:1.0: 2 ports detected
[   20.386453] snd_intel8x0 0000:00:02.7: intel8x0_measure_ac97_clock: measured 56549 usecs (2720 samples)
[   20.386640] snd_intel8x0 0000:00:02.7: clocking to 48000
[   20.516098] usb 1-1.1: new low-speed USB device number 3 using ehci-pci
[   20.640987] usb 1-1.1: New USB device found, idVendor=04d9, idProduct=0006, bcdDevice= 1.40
[   20.641101] usb 1-1.1: New USB device strings: Mfr=1, Product=2, SerialNumber=0
[   20.641193] usb 1-1.1: Product: RPI Wired Keyboard 5
[   20.641269] usb 1-1.1: Manufacturer:  
[   20.719295] usb 1-1.4: new low-speed USB device number 4 using ehci-pci
[   20.819752] usb 1-1.4: New USB device found, idVendor=275d, idProduct=0ba6, bcdDevice= 1.00
[   20.819865] usb 1-1.4: New USB device strings: Mfr=0, Product=1, SerialNumber=0
[   20.819956] usb 1-1.4: Product: USB OPTICAL MOUSE 
[   21.068817] hid: raw HID events driver (C) Jiri Kosina
[   21.140992] [drm] radeon kernel modesetting enabled.
[   21.141700] radeon 0000:01:00.0: vgaarb: deactivate vga console
[   21.143468] Console: switching to colour dummy device 80x25
[   21.160794] [drm] initializing kernel modesetting (RV350 0x1002:0x4150 0x174B:0x7C20 0x00).
[   21.160923] [drm] Forcing AGP to PCI mode
[   21.166931] usbcore: registered new interface driver usbhid
[   21.167026] usbhid: USB HID core driver
[   21.167597] [drm] Generation 2 PCI interface, using max accessible memory
[   21.167726] radeon 0000:01:00.0: VRAM: 256M 0x00000000C0000000 - 0x00000000CFFFFFFF (256M used)
[   21.167830] radeon 0000:01:00.0: GTT: 512M 0x00000000A0000000 - 0x00000000BFFFFFFF
[   21.182200] [drm] Detected VRAM RAM=256M, BAR=256M
[   21.182310] [drm] RAM width 128bits DDR
[   21.185596] [drm] radeon: 256M of VRAM memory ready
[   21.186308] [drm] radeon: 512M of GTT memory ready.
[   21.186848] [drm] GART: num cpu pages 131072, num gpu pages 131072
[   21.195341] [drm] radeon: 1 quad pipes, 1 Z pipes initialized
[   21.195502] [drm] PCI GART of 512M enabled (table at 0x0000000004F80000).
[   21.195826] radeon 0000:01:00.0: WB enabled
[   21.195991] radeon 0000:01:00.0: fence driver on ring 0 use gpu addr 0x00000000a0000000
[   21.206175] BTRFS: device label void_x86 devid 1 transid 19444 /dev/sda2 scanned by systemd-udevd (140)
[   21.216535] [drm] radeon: irq initialized.
[   21.216806] [drm] Loading R300 Microcode
[   21.323210] input:   RPI Wired Keyboard 5 as /devices/pci0000:00/0000:00:03.3/usb1/1-1/1-1.1/1-1.1:1.0/0003:04D9:0006.0001/input/input3
[   21.380536] hid-generic 0003:04D9:0006.0001: input,hidraw0: USB HID v1.11 Keyboard [  RPI Wired Keyboard 5] on usb-0000:00:03.3-1.1/input0
[   21.384670] input:   RPI Wired Keyboard 5 as /devices/pci0000:00/0000:00:03.3/usb1/1-1/1-1.1/1-1.1:1.1/0003:04D9:0006.0002/input/input4
[   21.440409] hid-generic 0003:04D9:0006.0002: input,hidraw1: USB HID v1.11 Device [  RPI Wired Keyboard 5] on usb-0000:00:03.3-1.1/input1
[   21.442410] input: USB OPTICAL MOUSE  as /devices/pci0000:00/0000:00:03.3/usb1/1-1/1-1.4/1-1.4:1.0/0003:275D:0BA6.0003/input/input5
[   21.445344] hid-generic 0003:275D:0BA6.0003: input,hidraw2: USB HID v1.11 Mouse [USB OPTICAL MOUSE ] on usb-0000:00:03.3-1.4/input0
[   21.464767] [drm] radeon: ring at 0x00000000A0001000
[   21.464984] [drm] ring test succeeded in 1 usecs
[   21.476652] [drm] ib test succeeded in 0 usecs
[   21.519834] [drm] Radeon Display Connectors
[   21.519934] [drm] Connector 0:
[   21.520016] [drm]   VGA-1
[   21.520073] [drm]   DDC: 0x60 0x60 0x60 0x60 0x60 0x60 0x60 0x60
[   21.520159] [drm]   Encoders:
[   21.520233] [drm]     CRT1: INTERNAL_DAC1
[   21.520293] [drm] Connector 1:
[   21.520350] [drm]   DVI-I-1
[   21.520406] [drm]   HPD1
[   21.520468] [drm]   DDC: 0x64 0x64 0x64 0x64 0x64 0x64 0x64 0x64
[   21.520533] [drm]   Encoders:
[   21.520594] [drm]     CRT2: INTERNAL_DAC2
[   21.520653] [drm]     DFP1: INTERNAL_TMDS1
[   21.520711] [drm] Connector 2:
[   21.520774] [drm]   SVIDEO-1
[   21.520837] [drm]   Encoders:
[   21.520902] [drm]     TV1: INTERNAL_DAC2
[   21.571249] BTRFS: device label tmp devid 1 transid 730 /dev/sda5 scanned by systemd-udevd (142)
[   21.643666] [drm] fb mappable at 0xC0040000
[   21.643804] [drm] vram apper at 0xC0000000
[   21.643890] [drm] size 8294400
[   21.643956] [drm] fb depth is 24
[   21.644027] [drm]    pitch is 7680
[   21.650150] fbcon: radeondrmfb (fb0) is primary device
[   21.822683] ieee80211 phy0: rt2x00_set_chip: Info - Chipset detected - rt: 2560, rf: 0003, rev: 0004
[   21.883453] ieee80211 phy0: Selected rate control algorithm 'minstrel_ht'
[   21.956136] Console: switching to colour frame buffer device 240x67
[   22.005643] radeon 0000:01:00.0: [drm] fb0: radeondrmfb frame buffer device
[   22.005898] [drm] Initialized radeon 2.50.0 20080528 for 0000:01:00.0 on minor 0
[   22.181335] Adding 4194300k swap on /dev/sda3.  Priority:-2 extents:1 across:4194300k FS
[   22.582546] BTRFS info (device sda5): using crc32c (crc32c-generic) checksum algorithm
[   22.582987] BTRFS info (device sda5): use lzo compression, level 0
[   22.583260] BTRFS info (device sda5): setting nodatasum
[   22.583489] BTRFS info (device sda5): using free space tree
[   28.184257] alg: No test for hmac(md4) (hmac(md4-generic))

--MP_/11BiJKRoRDAXSQu.VU+cB/B
Content-Type: text/plain
Content-Transfer-Encoding: 7bit
Content-Disposition: attachment; filename=config_61-rc7_p4-gcc.txt

#
# Automatically generated file; DO NOT EDIT.
# Linux/x86 6.1.0-rc7 Kernel Configuration
#
CONFIG_CC_VERSION_TEXT="gcc (Gentoo 12.2.1_p20221008 p1) 12.2.1 20221008"
CONFIG_CC_IS_GCC=y
CONFIG_GCC_VERSION=120201
CONFIG_CLANG_VERSION=0
CONFIG_AS_IS_GNU=y
CONFIG_AS_VERSION=23900
CONFIG_LD_IS_BFD=y
CONFIG_LD_VERSION=23900
CONFIG_LLD_VERSION=0
CONFIG_CC_CAN_LINK=y
CONFIG_CC_CAN_LINK_STATIC=y
CONFIG_CC_HAS_ASM_GOTO_OUTPUT=y
CONFIG_CC_HAS_ASM_GOTO_TIED_OUTPUT=y
CONFIG_CC_HAS_ASM_INLINE=y
CONFIG_CC_HAS_NO_PROFILE_FN_ATTR=y
CONFIG_PAHOLE_VERSION=0
CONFIG_IRQ_WORK=y
CONFIG_BUILDTIME_TABLE_SORT=y
CONFIG_THREAD_INFO_IN_TASK=y

#
# General setup
#
CONFIG_INIT_ENV_ARG_LIMIT=32
# CONFIG_COMPILE_TEST is not set
CONFIG_WERROR=y
CONFIG_LOCALVERSION="-P4"
# CONFIG_LOCALVERSION_AUTO is not set
CONFIG_BUILD_SALT=""
CONFIG_HAVE_KERNEL_GZIP=y
CONFIG_HAVE_KERNEL_BZIP2=y
CONFIG_HAVE_KERNEL_LZMA=y
CONFIG_HAVE_KERNEL_XZ=y
CONFIG_HAVE_KERNEL_LZO=y
CONFIG_HAVE_KERNEL_LZ4=y
CONFIG_HAVE_KERNEL_ZSTD=y
# CONFIG_KERNEL_GZIP is not set
# CONFIG_KERNEL_BZIP2 is not set
# CONFIG_KERNEL_LZMA is not set
# CONFIG_KERNEL_XZ is not set
CONFIG_KERNEL_LZO=y
# CONFIG_KERNEL_LZ4 is not set
# CONFIG_KERNEL_ZSTD is not set
CONFIG_DEFAULT_INIT=""
CONFIG_DEFAULT_HOSTNAME="(none)"
CONFIG_SYSVIPC=y
CONFIG_SYSVIPC_SYSCTL=y
CONFIG_POSIX_MQUEUE=y
CONFIG_POSIX_MQUEUE_SYSCTL=y
CONFIG_WATCH_QUEUE=y
CONFIG_CROSS_MEMORY_ATTACH=y
# CONFIG_USELIB is not set
# CONFIG_AUDIT is not set
CONFIG_HAVE_ARCH_AUDITSYSCALL=y

#
# IRQ subsystem
#
CONFIG_GENERIC_IRQ_PROBE=y
CONFIG_GENERIC_IRQ_SHOW=y
CONFIG_GENERIC_IRQ_EFFECTIVE_AFF_MASK=y
CONFIG_GENERIC_PENDING_IRQ=y
CONFIG_GENERIC_IRQ_MIGRATION=y
CONFIG_HARDIRQS_SW_RESEND=y
CONFIG_IRQ_DOMAIN=y
CONFIG_IRQ_DOMAIN_HIERARCHY=y
CONFIG_GENERIC_MSI_IRQ=y
CONFIG_GENERIC_MSI_IRQ_DOMAIN=y
CONFIG_GENERIC_IRQ_MATRIX_ALLOCATOR=y
CONFIG_GENERIC_IRQ_RESERVATION_MODE=y
CONFIG_IRQ_FORCED_THREADING=y
CONFIG_SPARSE_IRQ=y
# CONFIG_GENERIC_IRQ_DEBUGFS is not set
# end of IRQ subsystem

CONFIG_CLOCKSOURCE_WATCHDOG=y
CONFIG_ARCH_CLOCKSOURCE_INIT=y
CONFIG_CLOCKSOURCE_VALIDATE_LAST_CYCLE=y
CONFIG_GENERIC_TIME_VSYSCALL=y
CONFIG_GENERIC_CLOCKEVENTS=y
CONFIG_GENERIC_CLOCKEVENTS_BROADCAST=y
CONFIG_GENERIC_CLOCKEVENTS_MIN_ADJUST=y
CONFIG_GENERIC_CMOS_UPDATE=y
CONFIG_HAVE_POSIX_CPU_TIMERS_TASK_WORK=y
CONFIG_POSIX_CPU_TIMERS_TASK_WORK=y
CONFIG_CONTEXT_TRACKING=y
CONFIG_CONTEXT_TRACKING_IDLE=y

#
# Timers subsystem
#
CONFIG_TICK_ONESHOT=y
CONFIG_NO_HZ_COMMON=y
# CONFIG_HZ_PERIODIC is not set
CONFIG_NO_HZ_IDLE=y
# CONFIG_NO_HZ is not set
CONFIG_HIGH_RES_TIMERS=y
CONFIG_CLOCKSOURCE_WATCHDOG_MAX_SKEW_US=100
# end of Timers subsystem

CONFIG_BPF=y
CONFIG_HAVE_EBPF_JIT=y

#
# BPF subsystem
#
CONFIG_BPF_SYSCALL=y
# CONFIG_BPF_JIT is not set
CONFIG_BPF_UNPRIV_DEFAULT_OFF=y
# CONFIG_BPF_PRELOAD is not set
# end of BPF subsystem

CONFIG_PREEMPT_VOLUNTARY_BUILD=y
# CONFIG_PREEMPT_NONE is not set
CONFIG_PREEMPT_VOLUNTARY=y
# CONFIG_PREEMPT is not set
CONFIG_PREEMPT_COUNT=y
# CONFIG_PREEMPT_DYNAMIC is not set
# CONFIG_SCHED_CORE is not set

#
# CPU/Task time and stats accounting
#
CONFIG_TICK_CPU_ACCOUNTING=y
# CONFIG_IRQ_TIME_ACCOUNTING is not set
CONFIG_BSD_PROCESS_ACCT=y
CONFIG_BSD_PROCESS_ACCT_V3=y
CONFIG_TASKSTATS=y
CONFIG_TASK_DELAY_ACCT=y
CONFIG_TASK_XACCT=y
CONFIG_TASK_IO_ACCOUNTING=y
# CONFIG_PSI is not set
# end of CPU/Task time and stats accounting

CONFIG_CPU_ISOLATION=y

#
# RCU Subsystem
#
CONFIG_TREE_RCU=y
# CONFIG_RCU_EXPERT is not set
CONFIG_SRCU=y
CONFIG_TREE_SRCU=y
CONFIG_TASKS_RCU_GENERIC=y
CONFIG_TASKS_TRACE_RCU=y
CONFIG_RCU_STALL_COMMON=y
CONFIG_RCU_NEED_SEGCBLIST=y
# end of RCU Subsystem

# CONFIG_IKCONFIG is not set
# CONFIG_IKHEADERS is not set
CONFIG_LOG_BUF_SHIFT=16
CONFIG_LOG_CPU_MAX_BUF_SHIFT=13
CONFIG_PRINTK_SAFE_LOG_BUF_SHIFT=13
# CONFIG_PRINTK_INDEX is not set
CONFIG_HAVE_UNSTABLE_SCHED_CLOCK=y

#
# Scheduler features
#
# CONFIG_UCLAMP_TASK is not set
# end of Scheduler features

CONFIG_ARCH_WANT_BATCHED_UNMAP_TLB_FLUSH=y
CONFIG_CC_IMPLICIT_FALLTHROUGH="-Wimplicit-fallthrough=5"
CONFIG_GCC12_NO_ARRAY_BOUNDS=y
CONFIG_CC_NO_ARRAY_BOUNDS=y
CONFIG_CGROUPS=y
# CONFIG_CGROUP_FAVOR_DYNMODS is not set
# CONFIG_MEMCG is not set
# CONFIG_BLK_CGROUP is not set
CONFIG_CGROUP_SCHED=y
CONFIG_FAIR_GROUP_SCHED=y
# CONFIG_CFS_BANDWIDTH is not set
# CONFIG_RT_GROUP_SCHED is not set
# CONFIG_CGROUP_PIDS is not set
# CONFIG_CGROUP_RDMA is not set
CONFIG_CGROUP_FREEZER=y
# CONFIG_CGROUP_HUGETLB is not set
CONFIG_CPUSETS=y
CONFIG_PROC_PID_CPUSET=y
# CONFIG_CGROUP_DEVICE is not set
CONFIG_CGROUP_CPUACCT=y
# CONFIG_CGROUP_PERF is not set
CONFIG_CGROUP_BPF=y
# CONFIG_CGROUP_MISC is not set
# CONFIG_CGROUP_DEBUG is not set
CONFIG_SOCK_CGROUP_DATA=y
CONFIG_NAMESPACES=y
CONFIG_UTS_NS=y
# CONFIG_TIME_NS is not set
CONFIG_IPC_NS=y
CONFIG_USER_NS=y
CONFIG_PID_NS=y
CONFIG_NET_NS=y
CONFIG_CHECKPOINT_RESTORE=y
CONFIG_SCHED_AUTOGROUP=y
# CONFIG_SYSFS_DEPRECATED is not set
# CONFIG_RELAY is not set
# CONFIG_BLK_DEV_INITRD is not set
# CONFIG_BOOT_CONFIG is not set
CONFIG_INITRAMFS_PRESERVE_MTIME=y
CONFIG_CC_OPTIMIZE_FOR_PERFORMANCE=y
# CONFIG_CC_OPTIMIZE_FOR_SIZE is not set
CONFIG_LD_ORPHAN_WARN=y
CONFIG_SYSCTL=y
CONFIG_HAVE_UID16=y
CONFIG_SYSCTL_EXCEPTION_TRACE=y
CONFIG_HAVE_PCSPKR_PLATFORM=y
CONFIG_EXPERT=y
CONFIG_UID16=y
CONFIG_MULTIUSER=y
# CONFIG_SGETMASK_SYSCALL is not set
# CONFIG_SYSFS_SYSCALL is not set
CONFIG_FHANDLE=y
CONFIG_POSIX_TIMERS=y
CONFIG_PRINTK=y
CONFIG_BUG=y
CONFIG_ELF_CORE=y
# CONFIG_PCSPKR_PLATFORM is not set
CONFIG_BASE_FULL=y
CONFIG_FUTEX=y
CONFIG_FUTEX_PI=y
CONFIG_EPOLL=y
CONFIG_SIGNALFD=y
CONFIG_TIMERFD=y
CONFIG_EVENTFD=y
CONFIG_SHMEM=y
CONFIG_AIO=y
CONFIG_IO_URING=y
CONFIG_ADVISE_SYSCALLS=y
CONFIG_MEMBARRIER=y
CONFIG_KALLSYMS=y
CONFIG_KALLSYMS_ALL=y
CONFIG_KALLSYMS_BASE_RELATIVE=y
CONFIG_ARCH_HAS_MEMBARRIER_SYNC_CORE=y
CONFIG_KCMP=y
CONFIG_RSEQ=y
# CONFIG_DEBUG_RSEQ is not set
# CONFIG_EMBEDDED is not set
CONFIG_HAVE_PERF_EVENTS=y
# CONFIG_PC104 is not set

#
# Kernel Performance Events And Counters
#
CONFIG_PERF_EVENTS=y
# CONFIG_DEBUG_PERF_USE_VMALLOC is not set
# end of Kernel Performance Events And Counters

CONFIG_SYSTEM_DATA_VERIFICATION=y
# CONFIG_PROFILING is not set
CONFIG_TRACEPOINTS=y
# end of General setup

# CONFIG_64BIT is not set
CONFIG_X86_32=y
CONFIG_X86=y
CONFIG_INSTRUCTION_DECODER=y
CONFIG_OUTPUT_FORMAT="elf32-i386"
CONFIG_LOCKDEP_SUPPORT=y
CONFIG_STACKTRACE_SUPPORT=y
CONFIG_MMU=y
CONFIG_ARCH_MMAP_RND_BITS_MIN=8
CONFIG_ARCH_MMAP_RND_BITS_MAX=16
CONFIG_ARCH_MMAP_RND_COMPAT_BITS_MIN=8
CONFIG_ARCH_MMAP_RND_COMPAT_BITS_MAX=16
CONFIG_GENERIC_ISA_DMA=y
CONFIG_GENERIC_BUG=y
CONFIG_ARCH_MAY_HAVE_PC_FDC=y
CONFIG_GENERIC_CALIBRATE_DELAY=y
CONFIG_ARCH_HAS_CPU_RELAX=y
CONFIG_ARCH_HIBERNATION_POSSIBLE=y
CONFIG_ARCH_NR_GPIO=512
CONFIG_ARCH_SUSPEND_POSSIBLE=y
CONFIG_X86_32_SMP=y
CONFIG_ARCH_SUPPORTS_UPROBES=y
CONFIG_FIX_EARLYCON_MEM=y
CONFIG_PGTABLE_LEVELS=2
CONFIG_CC_HAS_SANE_STACKPROTECTOR=y

#
# Processor type and features
#
CONFIG_SMP=y
CONFIG_X86_FEATURE_NAMES=y
CONFIG_X86_MPPARSE=y
# CONFIG_GOLDFISH is not set
# CONFIG_X86_CPU_RESCTRL is not set
# CONFIG_X86_BIGSMP is not set
# CONFIG_X86_EXTENDED_PLATFORM is not set
# CONFIG_X86_INTEL_LPSS is not set
# CONFIG_X86_AMD_PLATFORM_DEVICE is not set
# CONFIG_IOSF_MBI is not set
CONFIG_X86_SUPPORTS_MEMORY_FAILURE=y
# CONFIG_X86_32_IRIS is not set
CONFIG_SCHED_OMIT_FRAME_POINTER=y
# CONFIG_HYPERVISOR_GUEST is not set
# CONFIG_M486SX is not set
# CONFIG_M486 is not set
# CONFIG_M586 is not set
# CONFIG_M586TSC is not set
# CONFIG_M586MMX is not set
# CONFIG_M686 is not set
# CONFIG_MPENTIUMII is not set
# CONFIG_MPENTIUMIII is not set
# CONFIG_MPENTIUMM is not set
CONFIG_MPENTIUM4=y
# CONFIG_MK6 is not set
# CONFIG_MK7 is not set
# CONFIG_MK8 is not set
# CONFIG_MCRUSOE is not set
# CONFIG_MEFFICEON is not set
# CONFIG_MWINCHIPC6 is not set
# CONFIG_MWINCHIP3D is not set
# CONFIG_MELAN is not set
# CONFIG_MGEODEGX1 is not set
# CONFIG_MGEODE_LX is not set
# CONFIG_MCYRIXIII is not set
# CONFIG_MVIAC3_2 is not set
# CONFIG_MVIAC7 is not set
# CONFIG_MCORE2 is not set
# CONFIG_MATOM is not set
# CONFIG_X86_GENERIC is not set
CONFIG_X86_INTERNODE_CACHE_SHIFT=7
CONFIG_X86_L1_CACHE_SHIFT=7
CONFIG_X86_INTEL_USERCOPY=y
CONFIG_X86_USE_PPRO_CHECKSUM=y
CONFIG_X86_TSC=y
CONFIG_X86_CMPXCHG64=y
CONFIG_X86_CMOV=y
CONFIG_X86_MINIMUM_CPU_FAMILY=6
CONFIG_X86_DEBUGCTLMSR=y
CONFIG_IA32_FEAT_CTL=y
CONFIG_X86_VMX_FEATURE_NAMES=y
CONFIG_PROCESSOR_SELECT=y
CONFIG_CPU_SUP_INTEL=y
# CONFIG_CPU_SUP_CYRIX_32 is not set
# CONFIG_CPU_SUP_AMD is not set
# CONFIG_CPU_SUP_HYGON is not set
# CONFIG_CPU_SUP_CENTAUR is not set
# CONFIG_CPU_SUP_TRANSMETA_32 is not set
# CONFIG_CPU_SUP_UMC_32 is not set
# CONFIG_CPU_SUP_ZHAOXIN is not set
# CONFIG_CPU_SUP_VORTEX_32 is not set
# CONFIG_HPET_TIMER is not set
CONFIG_DMI=y
CONFIG_BOOT_VESA_SUPPORT=y
CONFIG_NR_CPUS_RANGE_BEGIN=2
CONFIG_NR_CPUS_RANGE_END=8
CONFIG_NR_CPUS_DEFAULT=8
CONFIG_NR_CPUS=2
# CONFIG_SCHED_CLUSTER is not set
CONFIG_SCHED_SMT=y
CONFIG_SCHED_MC=y
CONFIG_SCHED_MC_PRIO=y
CONFIG_X86_LOCAL_APIC=y
CONFIG_X86_IO_APIC=y
# CONFIG_X86_REROUTE_FOR_BROKEN_BOOT_IRQS is not set
CONFIG_X86_MCE=y
# CONFIG_X86_MCELOG_LEGACY is not set
CONFIG_X86_MCE_INTEL=y
# CONFIG_X86_ANCIENT_MCE is not set
CONFIG_X86_MCE_THRESHOLD=y
# CONFIG_X86_MCE_INJECT is not set

#
# Performance monitoring
#
# CONFIG_PERF_EVENTS_INTEL_UNCORE is not set
# CONFIG_PERF_EVENTS_INTEL_RAPL is not set
# CONFIG_PERF_EVENTS_INTEL_CSTATE is not set
# end of Performance monitoring

# CONFIG_X86_LEGACY_VM86 is not set
CONFIG_X86_IOPL_IOPERM=y
# CONFIG_TOSHIBA is not set
# CONFIG_X86_REBOOTFIXUPS is not set
CONFIG_MICROCODE=y
CONFIG_MICROCODE_INTEL=y
# CONFIG_MICROCODE_LATE_LOADING is not set
# CONFIG_X86_MSR is not set
CONFIG_X86_CPUID=m
# CONFIG_NOHIGHMEM is not set
CONFIG_HIGHMEM4G=y
# CONFIG_HIGHMEM64G is not set
CONFIG_VMSPLIT_3G=y
# CONFIG_VMSPLIT_3G_OPT is not set
# CONFIG_VMSPLIT_2G is not set
# CONFIG_VMSPLIT_2G_OPT is not set
# CONFIG_VMSPLIT_1G is not set
CONFIG_PAGE_OFFSET=0xC0000000
CONFIG_HIGHMEM=y
# CONFIG_X86_CPA_STATISTICS is not set
CONFIG_ARCH_FLATMEM_ENABLE=y
CONFIG_ARCH_SPARSEMEM_ENABLE=y
CONFIG_ARCH_SELECT_MEMORY_MODEL=y
CONFIG_ILLEGAL_POINTER_VALUE=0
CONFIG_HIGHPTE=y
# CONFIG_X86_CHECK_BIOS_CORRUPTION is not set
CONFIG_MTRR=y
CONFIG_MTRR_SANITIZER=y
CONFIG_MTRR_SANITIZER_ENABLE_DEFAULT=0
CONFIG_MTRR_SANITIZER_SPARE_REG_NR_DEFAULT=1
CONFIG_X86_PAT=y
CONFIG_ARCH_USES_PG_UNCACHED=y
# CONFIG_X86_UMIP is not set
CONFIG_CC_HAS_IBT=y
CONFIG_X86_INTEL_TSX_MODE_OFF=y
# CONFIG_X86_INTEL_TSX_MODE_ON is not set
# CONFIG_X86_INTEL_TSX_MODE_AUTO is not set
# CONFIG_EFI is not set
# CONFIG_HZ_100 is not set
# CONFIG_HZ_250 is not set
CONFIG_HZ_300=y
# CONFIG_HZ_1000 is not set
CONFIG_HZ=300
CONFIG_SCHED_HRTICK=y
# CONFIG_KEXEC is not set
CONFIG_CRASH_DUMP=y
CONFIG_PHYSICAL_START=0x1000000
CONFIG_RELOCATABLE=y
CONFIG_RANDOMIZE_BASE=y
CONFIG_X86_NEED_RELOCS=y
CONFIG_PHYSICAL_ALIGN=0x200000
CONFIG_HOTPLUG_CPU=y
# CONFIG_BOOTPARAM_HOTPLUG_CPU0 is not set
# CONFIG_DEBUG_HOTPLUG_CPU0 is not set
# CONFIG_COMPAT_VDSO is not set
# CONFIG_CMDLINE_BOOL is not set
# CONFIG_MODIFY_LDT_SYSCALL is not set
# CONFIG_STRICT_SIGALTSTACK_SIZE is not set
# end of Processor type and features

CONFIG_CC_HAS_SLS=y
CONFIG_CC_HAS_RETURN_THUNK=y
CONFIG_SPECULATION_MITIGATIONS=y
CONFIG_RETPOLINE=y
# CONFIG_RETHUNK is not set
CONFIG_ARCH_MHP_MEMMAP_ON_MEMORY_ENABLE=y

#
# Power management and ACPI options
#
# CONFIG_SUSPEND is not set
# CONFIG_HIBERNATION is not set
CONFIG_PM=y
CONFIG_PM_DEBUG=y
# CONFIG_PM_ADVANCED_DEBUG is not set
CONFIG_PM_CLK=y
CONFIG_WQ_POWER_EFFICIENT_DEFAULT=y
# CONFIG_ENERGY_MODEL is not set
CONFIG_ARCH_SUPPORTS_ACPI=y
CONFIG_ACPI=y
CONFIG_ACPI_LEGACY_TABLES_LOOKUP=y
CONFIG_ARCH_MIGHT_HAVE_ACPI_PDC=y
CONFIG_ACPI_SYSTEM_POWER_STATES_SUPPORT=y
# CONFIG_ACPI_DEBUGGER is not set
# CONFIG_ACPI_SPCR_TABLE is not set
CONFIG_ACPI_REV_OVERRIDE_POSSIBLE=y
# CONFIG_ACPI_EC_DEBUGFS is not set
# CONFIG_ACPI_AC is not set
# CONFIG_ACPI_BATTERY is not set
CONFIG_ACPI_BUTTON=m
# CONFIG_ACPI_TINY_POWER_BUTTON is not set
CONFIG_ACPI_VIDEO=m
CONFIG_ACPI_FAN=m
# CONFIG_ACPI_DOCK is not set
CONFIG_ACPI_CPU_FREQ_PSS=y
CONFIG_ACPI_PROCESSOR_CSTATE=y
CONFIG_ACPI_PROCESSOR_IDLE=y
CONFIG_ACPI_PROCESSOR=y
CONFIG_ACPI_HOTPLUG_CPU=y
CONFIG_ACPI_PROCESSOR_AGGREGATOR=m
CONFIG_ACPI_THERMAL=m
CONFIG_ARCH_HAS_ACPI_TABLE_UPGRADE=y
CONFIG_ACPI_DEBUG=y
# CONFIG_ACPI_PCI_SLOT is not set
CONFIG_ACPI_CONTAINER=y
CONFIG_ACPI_HOTPLUG_IOAPIC=y
# CONFIG_ACPI_SBS is not set
# CONFIG_ACPI_HED is not set
# CONFIG_ACPI_CUSTOM_METHOD is not set
# CONFIG_ACPI_REDUCED_HARDWARE_ONLY is not set
CONFIG_HAVE_ACPI_APEI=y
CONFIG_HAVE_ACPI_APEI_NMI=y
# CONFIG_ACPI_APEI is not set
# CONFIG_ACPI_DPTF is not set
# CONFIG_ACPI_CONFIGFS is not set
# CONFIG_PMIC_OPREGION is not set
CONFIG_X86_PM_TIMER=y

#
# CPU Frequency scaling
#
CONFIG_CPU_FREQ=y
CONFIG_CPU_FREQ_GOV_ATTR_SET=y
# CONFIG_CPU_FREQ_STAT is not set
# CONFIG_CPU_FREQ_DEFAULT_GOV_PERFORMANCE is not set
# CONFIG_CPU_FREQ_DEFAULT_GOV_POWERSAVE is not set
# CONFIG_CPU_FREQ_DEFAULT_GOV_USERSPACE is not set
CONFIG_CPU_FREQ_DEFAULT_GOV_SCHEDUTIL=y
CONFIG_CPU_FREQ_GOV_PERFORMANCE=y
# CONFIG_CPU_FREQ_GOV_POWERSAVE is not set
# CONFIG_CPU_FREQ_GOV_USERSPACE is not set
# CONFIG_CPU_FREQ_GOV_ONDEMAND is not set
# CONFIG_CPU_FREQ_GOV_CONSERVATIVE is not set
CONFIG_CPU_FREQ_GOV_SCHEDUTIL=y

#
# CPU frequency scaling drivers
#
CONFIG_X86_INTEL_PSTATE=y
# CONFIG_X86_PCC_CPUFREQ is not set
# CONFIG_X86_AMD_PSTATE is not set
# CONFIG_X86_AMD_PSTATE_UT is not set
CONFIG_X86_ACPI_CPUFREQ=m
# CONFIG_X86_POWERNOW_K6 is not set
# CONFIG_X86_POWERNOW_K7 is not set
# CONFIG_X86_POWERNOW_K8 is not set
# CONFIG_X86_GX_SUSPMOD is not set
# CONFIG_X86_SPEEDSTEP_CENTRINO is not set
# CONFIG_X86_SPEEDSTEP_ICH is not set
# CONFIG_X86_SPEEDSTEP_SMI is not set
# CONFIG_X86_P4_CLOCKMOD is not set
# CONFIG_X86_CPUFREQ_NFORCE2 is not set
# CONFIG_X86_LONGRUN is not set
# CONFIG_X86_LONGHAUL is not set
# CONFIG_X86_E_POWERSAVER is not set

#
# shared options
#
# end of CPU Frequency scaling

#
# CPU Idle
#
CONFIG_CPU_IDLE=y
# CONFIG_CPU_IDLE_GOV_LADDER is not set
CONFIG_CPU_IDLE_GOV_MENU=y
# CONFIG_CPU_IDLE_GOV_TEO is not set
# end of CPU Idle

CONFIG_INTEL_IDLE=y
# end of Power management and ACPI options

#
# Bus options (PCI etc.)
#
# CONFIG_PCI_GOBIOS is not set
# CONFIG_PCI_GOMMCONFIG is not set
# CONFIG_PCI_GODIRECT is not set
CONFIG_PCI_GOANY=y
CONFIG_PCI_BIOS=y
CONFIG_PCI_DIRECT=y
CONFIG_PCI_MMCONFIG=y
# CONFIG_PCI_CNB20LE_QUIRK is not set
# CONFIG_ISA_BUS is not set
CONFIG_ISA_DMA_API=y
# CONFIG_ISA is not set
# CONFIG_SCx200 is not set
# CONFIG_OLPC is not set
# CONFIG_ALIX is not set
# CONFIG_NET5501 is not set
# CONFIG_GEOS is not set
# end of Bus options (PCI etc.)

#
# Binary Emulations
#
CONFIG_COMPAT_32=y
# end of Binary Emulations

CONFIG_HAVE_ATOMIC_IOMAP=y
CONFIG_HAVE_KVM=y
# CONFIG_VIRTUALIZATION is not set
CONFIG_AS_AVX512=y
CONFIG_AS_SHA1_NI=y
CONFIG_AS_SHA256_NI=y
CONFIG_AS_TPAUSE=y

#
# General architecture-dependent options
#
CONFIG_HOTPLUG_SMT=y
CONFIG_GENERIC_ENTRY=y
# CONFIG_KPROBES is not set
CONFIG_JUMP_LABEL=y
# CONFIG_STATIC_KEYS_SELFTEST is not set
# CONFIG_STATIC_CALL_SELFTEST is not set
CONFIG_HAVE_EFFICIENT_UNALIGNED_ACCESS=y
CONFIG_ARCH_USE_BUILTIN_BSWAP=y
CONFIG_HAVE_IOREMAP_PROT=y
CONFIG_HAVE_KPROBES=y
CONFIG_HAVE_KRETPROBES=y
CONFIG_HAVE_OPTPROBES=y
CONFIG_HAVE_KPROBES_ON_FTRACE=y
CONFIG_ARCH_CORRECT_STACKTRACE_ON_KRETPROBE=y
CONFIG_HAVE_FUNCTION_ERROR_INJECTION=y
CONFIG_HAVE_NMI=y
CONFIG_TRACE_IRQFLAGS_SUPPORT=y
CONFIG_TRACE_IRQFLAGS_NMI_SUPPORT=y
CONFIG_HAVE_ARCH_TRACEHOOK=y
CONFIG_HAVE_DMA_CONTIGUOUS=y
CONFIG_GENERIC_SMP_IDLE_THREAD=y
CONFIG_ARCH_HAS_FORTIFY_SOURCE=y
CONFIG_ARCH_HAS_SET_MEMORY=y
CONFIG_ARCH_HAS_SET_DIRECT_MAP=y
CONFIG_HAVE_ARCH_THREAD_STRUCT_WHITELIST=y
CONFIG_ARCH_WANTS_DYNAMIC_TASK_STRUCT=y
CONFIG_ARCH_WANTS_NO_INSTR=y
CONFIG_ARCH_32BIT_OFF_T=y
CONFIG_HAVE_ASM_MODVERSIONS=y
CONFIG_HAVE_REGS_AND_STACK_ACCESS_API=y
CONFIG_HAVE_RSEQ=y
CONFIG_HAVE_FUNCTION_ARG_ACCESS_API=y
CONFIG_HAVE_HW_BREAKPOINT=y
CONFIG_HAVE_MIXED_BREAKPOINTS_REGS=y
CONFIG_HAVE_USER_RETURN_NOTIFIER=y
CONFIG_HAVE_PERF_EVENTS_NMI=y
CONFIG_HAVE_HARDLOCKUP_DETECTOR_PERF=y
CONFIG_HAVE_PERF_REGS=y
CONFIG_HAVE_PERF_USER_STACK_DUMP=y
CONFIG_HAVE_ARCH_JUMP_LABEL=y
CONFIG_HAVE_ARCH_JUMP_LABEL_RELATIVE=y
CONFIG_MMU_GATHER_MERGE_VMAS=y
CONFIG_ARCH_HAVE_NMI_SAFE_CMPXCHG=y
CONFIG_HAVE_ALIGNED_STRUCT_PAGE=y
CONFIG_HAVE_CMPXCHG_LOCAL=y
CONFIG_HAVE_CMPXCHG_DOUBLE=y
CONFIG_ARCH_WANT_IPC_PARSE_VERSION=y
CONFIG_HAVE_ARCH_SECCOMP=y
CONFIG_HAVE_ARCH_SECCOMP_FILTER=y
CONFIG_SECCOMP=y
CONFIG_SECCOMP_FILTER=y
# CONFIG_SECCOMP_CACHE_DEBUG is not set
CONFIG_HAVE_ARCH_STACKLEAK=y
CONFIG_HAVE_STACKPROTECTOR=y
CONFIG_STACKPROTECTOR=y
# CONFIG_STACKPROTECTOR_STRONG is not set
CONFIG_ARCH_SUPPORTS_LTO_CLANG=y
CONFIG_ARCH_SUPPORTS_LTO_CLANG_THIN=y
CONFIG_LTO_NONE=y
CONFIG_HAVE_ARCH_WITHIN_STACK_FRAMES=y
CONFIG_HAVE_IRQ_TIME_ACCOUNTING=y
CONFIG_HAVE_MOVE_PUD=y
CONFIG_HAVE_MOVE_PMD=y
CONFIG_HAVE_ARCH_TRANSPARENT_HUGEPAGE=y
CONFIG_ARCH_WANT_HUGE_PMD_SHARE=y
CONFIG_HAVE_MOD_ARCH_SPECIFIC=y
CONFIG_MODULES_USE_ELF_REL=y
CONFIG_HAVE_SOFTIRQ_ON_OWN_STACK=y
CONFIG_SOFTIRQ_ON_OWN_STACK=y
CONFIG_ARCH_HAS_ELF_RANDOMIZE=y
CONFIG_HAVE_ARCH_MMAP_RND_BITS=y
CONFIG_HAVE_EXIT_THREAD=y
CONFIG_ARCH_MMAP_RND_BITS=8
CONFIG_PAGE_SIZE_LESS_THAN_64KB=y
CONFIG_PAGE_SIZE_LESS_THAN_256KB=y
CONFIG_CLONE_BACKWARDS=y
CONFIG_OLD_SIGSUSPEND3=y
CONFIG_OLD_SIGACTION=y
CONFIG_COMPAT_32BIT_TIME=y
CONFIG_HAVE_ARCH_RANDOMIZE_KSTACK_OFFSET=y
CONFIG_RANDOMIZE_KSTACK_OFFSET=y
CONFIG_RANDOMIZE_KSTACK_OFFSET_DEFAULT=y
CONFIG_ARCH_HAS_STRICT_KERNEL_RWX=y
CONFIG_STRICT_KERNEL_RWX=y
CONFIG_ARCH_HAS_STRICT_MODULE_RWX=y
CONFIG_STRICT_MODULE_RWX=y
CONFIG_HAVE_ARCH_PREL32_RELOCATIONS=y
# CONFIG_LOCK_EVENT_COUNTS is not set
CONFIG_ARCH_HAS_MEM_ENCRYPT=y
CONFIG_HAVE_STATIC_CALL=y
CONFIG_HAVE_PREEMPT_DYNAMIC=y
CONFIG_HAVE_PREEMPT_DYNAMIC_CALL=y
CONFIG_ARCH_WANT_LD_ORPHAN_WARN=y
CONFIG_ARCH_SUPPORTS_DEBUG_PAGEALLOC=y
CONFIG_ARCH_SPLIT_ARG64=y
CONFIG_ARCH_HAS_PARANOID_L1D_FLUSH=y
CONFIG_DYNAMIC_SIGFRAME=y

#
# GCOV-based kernel profiling
#
# CONFIG_GCOV_KERNEL is not set
CONFIG_ARCH_HAS_GCOV_PROFILE_ALL=y
# end of GCOV-based kernel profiling

CONFIG_HAVE_GCC_PLUGINS=y
# CONFIG_GCC_PLUGINS is not set
# end of General architecture-dependent options

CONFIG_RT_MUTEXES=y
CONFIG_BASE_SMALL=0
CONFIG_MODULES=y
# CONFIG_MODULE_FORCE_LOAD is not set
CONFIG_MODULE_UNLOAD=y
CONFIG_MODULE_FORCE_UNLOAD=y
# CONFIG_MODULE_UNLOAD_TAINT_TRACKING is not set
CONFIG_MODVERSIONS=y
CONFIG_ASM_MODVERSIONS=y
# CONFIG_MODULE_SRCVERSION_ALL is not set
# CONFIG_MODULE_SIG is not set
CONFIG_MODULE_COMPRESS_NONE=y
# CONFIG_MODULE_COMPRESS_GZIP is not set
# CONFIG_MODULE_COMPRESS_XZ is not set
# CONFIG_MODULE_COMPRESS_ZSTD is not set
# CONFIG_MODULE_ALLOW_MISSING_NAMESPACE_IMPORTS is not set
CONFIG_MODPROBE_PATH="/sbin/modprobe"
# CONFIG_TRIM_UNUSED_KSYMS is not set
CONFIG_MODULES_TREE_LOOKUP=y
CONFIG_BLOCK=y
# CONFIG_BLOCK_LEGACY_AUTOLOAD is not set
CONFIG_BLK_DEV_BSG_COMMON=y
CONFIG_BLK_ICQ=y
# CONFIG_BLK_DEV_BSGLIB is not set
# CONFIG_BLK_DEV_INTEGRITY is not set
# CONFIG_BLK_DEV_ZONED is not set
# CONFIG_BLK_WBT is not set
CONFIG_BLK_DEBUG_FS=y
# CONFIG_BLK_SED_OPAL is not set
# CONFIG_BLK_INLINE_ENCRYPTION is not set

#
# Partition Types
#
CONFIG_PARTITION_ADVANCED=y
# CONFIG_ACORN_PARTITION is not set
# CONFIG_AIX_PARTITION is not set
# CONFIG_OSF_PARTITION is not set
CONFIG_AMIGA_PARTITION=y
# CONFIG_ATARI_PARTITION is not set
CONFIG_MAC_PARTITION=y
CONFIG_MSDOS_PARTITION=y
CONFIG_BSD_DISKLABEL=y
CONFIG_MINIX_SUBPARTITION=y
CONFIG_SOLARIS_X86_PARTITION=y
# CONFIG_UNIXWARE_DISKLABEL is not set
# CONFIG_LDM_PARTITION is not set
# CONFIG_SGI_PARTITION is not set
# CONFIG_ULTRIX_PARTITION is not set
# CONFIG_SUN_PARTITION is not set
# CONFIG_KARMA_PARTITION is not set
CONFIG_EFI_PARTITION=y
# CONFIG_SYSV68_PARTITION is not set
# CONFIG_CMDLINE_PARTITION is not set
# end of Partition Types

CONFIG_BLK_MQ_PCI=y
CONFIG_BLK_PM=y
CONFIG_BLOCK_HOLDER_DEPRECATED=y
CONFIG_BLK_MQ_STACKING=y

#
# IO Schedulers
#
# CONFIG_MQ_IOSCHED_DEADLINE is not set
# CONFIG_MQ_IOSCHED_KYBER is not set
CONFIG_IOSCHED_BFQ=y
# end of IO Schedulers

CONFIG_PADATA=y
CONFIG_ASN1=y
CONFIG_UNINLINE_SPIN_UNLOCK=y
CONFIG_ARCH_SUPPORTS_ATOMIC_RMW=y
CONFIG_MUTEX_SPIN_ON_OWNER=y
CONFIG_RWSEM_SPIN_ON_OWNER=y
CONFIG_LOCK_SPIN_ON_OWNER=y
CONFIG_ARCH_USE_QUEUED_SPINLOCKS=y
CONFIG_QUEUED_SPINLOCKS=y
CONFIG_ARCH_USE_QUEUED_RWLOCKS=y
CONFIG_QUEUED_RWLOCKS=y
CONFIG_ARCH_HAS_NON_OVERLAPPING_ADDRESS_SPACE=y
CONFIG_ARCH_HAS_SYNC_CORE_BEFORE_USERMODE=y
CONFIG_ARCH_HAS_SYSCALL_WRAPPER=y
CONFIG_FREEZER=y

#
# Executable file formats
#
CONFIG_BINFMT_ELF=y
CONFIG_ELFCORE=y
CONFIG_CORE_DUMP_DEFAULT_ELF_HEADERS=y
CONFIG_BINFMT_SCRIPT=y
CONFIG_BINFMT_MISC=m
CONFIG_COREDUMP=y
# end of Executable file formats

#
# Memory Management options
#
CONFIG_ZPOOL=y
CONFIG_SWAP=y
CONFIG_ZSWAP=y
CONFIG_ZSWAP_DEFAULT_ON=y
# CONFIG_ZSWAP_COMPRESSOR_DEFAULT_DEFLATE is not set
CONFIG_ZSWAP_COMPRESSOR_DEFAULT_LZO=y
# CONFIG_ZSWAP_COMPRESSOR_DEFAULT_842 is not set
# CONFIG_ZSWAP_COMPRESSOR_DEFAULT_LZ4 is not set
# CONFIG_ZSWAP_COMPRESSOR_DEFAULT_LZ4HC is not set
# CONFIG_ZSWAP_COMPRESSOR_DEFAULT_ZSTD is not set
CONFIG_ZSWAP_COMPRESSOR_DEFAULT="lzo"
# CONFIG_ZSWAP_ZPOOL_DEFAULT_ZBUD is not set
CONFIG_ZSWAP_ZPOOL_DEFAULT_Z3FOLD=y
# CONFIG_ZSWAP_ZPOOL_DEFAULT_ZSMALLOC is not set
CONFIG_ZSWAP_ZPOOL_DEFAULT="z3fold"
# CONFIG_ZBUD is not set
CONFIG_Z3FOLD=y
# CONFIG_ZSMALLOC is not set

#
# SLAB allocator options
#
# CONFIG_SLAB is not set
CONFIG_SLUB=y
# CONFIG_SLOB is not set
# CONFIG_SLAB_MERGE_DEFAULT is not set
CONFIG_SLAB_FREELIST_RANDOM=y
CONFIG_SLAB_FREELIST_HARDENED=y
# CONFIG_SLUB_STATS is not set
# CONFIG_SLUB_CPU_PARTIAL is not set
# end of SLAB allocator options

CONFIG_SHUFFLE_PAGE_ALLOCATOR=y
# CONFIG_COMPAT_BRK is not set
CONFIG_SELECT_MEMORY_MODEL=y
CONFIG_FLATMEM_MANUAL=y
# CONFIG_SPARSEMEM_MANUAL is not set
CONFIG_FLATMEM=y
CONFIG_SPARSEMEM_STATIC=y
CONFIG_HAVE_FAST_GUP=y
CONFIG_EXCLUSIVE_SYSTEM_RAM=y
CONFIG_SPLIT_PTLOCK_CPUS=4
CONFIG_COMPACTION=y
CONFIG_COMPACT_UNEVICTABLE_DEFAULT=1
# CONFIG_PAGE_REPORTING is not set
CONFIG_MIGRATION=y
CONFIG_BOUNCE=y
CONFIG_MMU_NOTIFIER=y
CONFIG_KSM=y
CONFIG_DEFAULT_MMAP_MIN_ADDR=65536
CONFIG_ARCH_SUPPORTS_MEMORY_FAILURE=y
# CONFIG_MEMORY_FAILURE is not set
CONFIG_ARCH_WANT_GENERAL_HUGETLB=y
CONFIG_TRANSPARENT_HUGEPAGE=y
# CONFIG_TRANSPARENT_HUGEPAGE_ALWAYS is not set
CONFIG_TRANSPARENT_HUGEPAGE_MADVISE=y
# CONFIG_READ_ONLY_THP_FOR_FS is not set
CONFIG_NEED_PER_CPU_EMBED_FIRST_CHUNK=y
CONFIG_NEED_PER_CPU_PAGE_FIRST_CHUNK=y
CONFIG_HAVE_SETUP_PER_CPU_AREA=y
CONFIG_FRONTSWAP=y
# CONFIG_CMA is not set
CONFIG_GENERIC_EARLY_IOREMAP=y
# CONFIG_IDLE_PAGE_TRACKING is not set
CONFIG_ARCH_HAS_CACHE_LINE_SIZE=y
CONFIG_ARCH_HAS_CURRENT_STACK_POINTER=y
CONFIG_ARCH_HAS_ZONE_DMA_SET=y
CONFIG_ZONE_DMA=y
CONFIG_VM_EVENT_COUNTERS=y
# CONFIG_PERCPU_STATS is not set
# CONFIG_GUP_TEST is not set
CONFIG_ARCH_HAS_PTE_SPECIAL=y
CONFIG_KMAP_LOCAL=y
CONFIG_SECRETMEM=y
# CONFIG_ANON_VMA_NAME is not set
CONFIG_USERFAULTFD=y
# CONFIG_LRU_GEN is not set

#
# Data Access Monitoring
#
# CONFIG_DAMON is not set
# end of Data Access Monitoring
# end of Memory Management options

CONFIG_NET=y
CONFIG_SKB_EXTENSIONS=y

#
# Networking options
#
CONFIG_PACKET=y
CONFIG_PACKET_DIAG=m
CONFIG_UNIX=y
CONFIG_UNIX_SCM=y
CONFIG_AF_UNIX_OOB=y
CONFIG_UNIX_DIAG=m
CONFIG_TLS=m
CONFIG_TLS_DEVICE=y
# CONFIG_TLS_TOE is not set
CONFIG_XFRM=y
CONFIG_XFRM_ALGO=m
CONFIG_XFRM_USER=m
# CONFIG_XFRM_INTERFACE is not set
# CONFIG_XFRM_SUB_POLICY is not set
# CONFIG_XFRM_MIGRATE is not set
# CONFIG_XFRM_STATISTICS is not set
CONFIG_XFRM_AH=m
CONFIG_XFRM_ESP=m
CONFIG_XFRM_IPCOMP=m
CONFIG_NET_KEY=m
# CONFIG_NET_KEY_MIGRATE is not set
# CONFIG_XDP_SOCKETS is not set
CONFIG_INET=y
# CONFIG_IP_MULTICAST is not set
# CONFIG_IP_ADVANCED_ROUTER is not set
# CONFIG_IP_PNP is not set
CONFIG_NET_IPIP=m
# CONFIG_NET_IPGRE_DEMUX is not set
CONFIG_NET_IP_TUNNEL=m
CONFIG_SYN_COOKIES=y
# CONFIG_NET_IPVTI is not set
CONFIG_NET_UDP_TUNNEL=m
# CONFIG_NET_FOU is not set
# CONFIG_NET_FOU_IP_TUNNELS is not set
CONFIG_INET_AH=m
CONFIG_INET_ESP=m
# CONFIG_INET_ESP_OFFLOAD is not set
# CONFIG_INET_ESPINTCP is not set
CONFIG_INET_IPCOMP=m
CONFIG_INET_TABLE_PERTURB_ORDER=16
CONFIG_INET_XFRM_TUNNEL=m
CONFIG_INET_TUNNEL=m
# CONFIG_INET_DIAG is not set
CONFIG_TCP_CONG_ADVANCED=y
# CONFIG_TCP_CONG_BIC is not set
CONFIG_TCP_CONG_CUBIC=y
# CONFIG_TCP_CONG_WESTWOOD is not set
# CONFIG_TCP_CONG_HTCP is not set
# CONFIG_TCP_CONG_HSTCP is not set
# CONFIG_TCP_CONG_HYBLA is not set
# CONFIG_TCP_CONG_VEGAS is not set
# CONFIG_TCP_CONG_NV is not set
# CONFIG_TCP_CONG_SCALABLE is not set
# CONFIG_TCP_CONG_LP is not set
# CONFIG_TCP_CONG_VENO is not set
# CONFIG_TCP_CONG_YEAH is not set
# CONFIG_TCP_CONG_ILLINOIS is not set
# CONFIG_TCP_CONG_DCTCP is not set
# CONFIG_TCP_CONG_CDG is not set
# CONFIG_TCP_CONG_BBR is not set
CONFIG_DEFAULT_CUBIC=y
# CONFIG_DEFAULT_RENO is not set
CONFIG_DEFAULT_TCP_CONG="cubic"
# CONFIG_TCP_MD5SIG is not set
CONFIG_IPV6=y
# CONFIG_IPV6_ROUTER_PREF is not set
CONFIG_IPV6_OPTIMISTIC_DAD=y
CONFIG_INET6_AH=m
CONFIG_INET6_ESP=m
# CONFIG_INET6_ESP_OFFLOAD is not set
# CONFIG_INET6_ESPINTCP is not set
CONFIG_INET6_IPCOMP=m
# CONFIG_IPV6_MIP6 is not set
CONFIG_INET6_XFRM_TUNNEL=m
CONFIG_INET6_TUNNEL=m
# CONFIG_IPV6_VTI is not set
CONFIG_IPV6_SIT=m
CONFIG_IPV6_SIT_6RD=y
CONFIG_IPV6_NDISC_NODETYPE=y
# CONFIG_IPV6_TUNNEL is not set
CONFIG_IPV6_MULTIPLE_TABLES=y
# CONFIG_IPV6_SUBTREES is not set
# CONFIG_IPV6_MROUTE is not set
# CONFIG_IPV6_SEG6_LWTUNNEL is not set
# CONFIG_IPV6_SEG6_HMAC is not set
# CONFIG_IPV6_RPL_LWTUNNEL is not set
# CONFIG_IPV6_IOAM6_LWTUNNEL is not set
# CONFIG_NETLABEL is not set
# CONFIG_MPTCP is not set
# CONFIG_NETWORK_SECMARK is not set
# CONFIG_NETWORK_PHY_TIMESTAMPING is not set
# CONFIG_NETFILTER is not set
# CONFIG_BPFILTER is not set
# CONFIG_IP_DCCP is not set
CONFIG_IP_SCTP=m
# CONFIG_SCTP_DBG_OBJCNT is not set
CONFIG_SCTP_DEFAULT_COOKIE_HMAC_MD5=y
# CONFIG_SCTP_DEFAULT_COOKIE_HMAC_SHA1 is not set
# CONFIG_SCTP_DEFAULT_COOKIE_HMAC_NONE is not set
CONFIG_SCTP_COOKIE_HMAC_MD5=y
# CONFIG_SCTP_COOKIE_HMAC_SHA1 is not set
# CONFIG_RDS is not set
# CONFIG_TIPC is not set
# CONFIG_ATM is not set
# CONFIG_L2TP is not set
# CONFIG_BRIDGE is not set
# CONFIG_NET_DSA is not set
# CONFIG_VLAN_8021Q is not set
# CONFIG_LLC2 is not set
# CONFIG_ATALK is not set
# CONFIG_X25 is not set
# CONFIG_LAPB is not set
# CONFIG_PHONET is not set
# CONFIG_6LOWPAN is not set
# CONFIG_IEEE802154 is not set
CONFIG_NET_SCHED=y

#
# Queueing/Scheduling
#
# CONFIG_NET_SCH_CBQ is not set
# CONFIG_NET_SCH_HTB is not set
# CONFIG_NET_SCH_HFSC is not set
# CONFIG_NET_SCH_PRIO is not set
# CONFIG_NET_SCH_MULTIQ is not set
# CONFIG_NET_SCH_RED is not set
# CONFIG_NET_SCH_SFB is not set
# CONFIG_NET_SCH_SFQ is not set
# CONFIG_NET_SCH_TEQL is not set
# CONFIG_NET_SCH_TBF is not set
# CONFIG_NET_SCH_CBS is not set
# CONFIG_NET_SCH_ETF is not set
# CONFIG_NET_SCH_TAPRIO is not set
# CONFIG_NET_SCH_GRED is not set
# CONFIG_NET_SCH_DSMARK is not set
# CONFIG_NET_SCH_NETEM is not set
# CONFIG_NET_SCH_DRR is not set
# CONFIG_NET_SCH_MQPRIO is not set
# CONFIG_NET_SCH_SKBPRIO is not set
# CONFIG_NET_SCH_CHOKE is not set
# CONFIG_NET_SCH_QFQ is not set
# CONFIG_NET_SCH_CODEL is not set
CONFIG_NET_SCH_FQ_CODEL=y
# CONFIG_NET_SCH_CAKE is not set
# CONFIG_NET_SCH_FQ is not set
# CONFIG_NET_SCH_HHF is not set
# CONFIG_NET_SCH_PIE is not set
# CONFIG_NET_SCH_PLUG is not set
# CONFIG_NET_SCH_ETS is not set
CONFIG_NET_SCH_DEFAULT=y
CONFIG_DEFAULT_FQ_CODEL=y
# CONFIG_DEFAULT_PFIFO_FAST is not set
CONFIG_DEFAULT_NET_SCH="fq_codel"

#
# Classification
#
# CONFIG_NET_CLS_BASIC is not set
# CONFIG_NET_CLS_TCINDEX is not set
# CONFIG_NET_CLS_ROUTE4 is not set
# CONFIG_NET_CLS_FW is not set
# CONFIG_NET_CLS_U32 is not set
# CONFIG_NET_CLS_RSVP is not set
# CONFIG_NET_CLS_RSVP6 is not set
# CONFIG_NET_CLS_FLOW is not set
# CONFIG_NET_CLS_CGROUP is not set
# CONFIG_NET_CLS_BPF is not set
# CONFIG_NET_CLS_FLOWER is not set
# CONFIG_NET_CLS_MATCHALL is not set
# CONFIG_NET_EMATCH is not set
# CONFIG_NET_CLS_ACT is not set
CONFIG_NET_SCH_FIFO=y
# CONFIG_DCB is not set
CONFIG_DNS_RESOLVER=m
# CONFIG_BATMAN_ADV is not set
# CONFIG_OPENVSWITCH is not set
CONFIG_VSOCKETS=m
CONFIG_VSOCKETS_DIAG=m
# CONFIG_VSOCKETS_LOOPBACK is not set
# CONFIG_NETLINK_DIAG is not set
# CONFIG_MPLS is not set
# CONFIG_NET_NSH is not set
# CONFIG_HSR is not set
# CONFIG_NET_SWITCHDEV is not set
# CONFIG_NET_L3_MASTER_DEV is not set
# CONFIG_QRTR is not set
# CONFIG_NET_NCSI is not set
CONFIG_PCPU_DEV_REFCNT=y
CONFIG_RPS=y
CONFIG_RFS_ACCEL=y
CONFIG_SOCK_RX_QUEUE_MAPPING=y
CONFIG_XPS=y
# CONFIG_CGROUP_NET_PRIO is not set
# CONFIG_CGROUP_NET_CLASSID is not set
CONFIG_NET_RX_BUSY_POLL=y
CONFIG_BQL=y
# CONFIG_BPF_STREAM_PARSER is not set
CONFIG_NET_FLOW_LIMIT=y

#
# Network testing
#
# CONFIG_NET_PKTGEN is not set
# CONFIG_NET_DROP_MONITOR is not set
# end of Network testing
# end of Networking options

# CONFIG_HAMRADIO is not set
# CONFIG_CAN is not set
CONFIG_BT=m
CONFIG_BT_BREDR=y
# CONFIG_BT_RFCOMM is not set
# CONFIG_BT_BNEP is not set
# CONFIG_BT_HIDP is not set
CONFIG_BT_HS=y
CONFIG_BT_LE=y
# CONFIG_BT_LEDS is not set
CONFIG_BT_MSFTEXT=y
CONFIG_BT_AOSPEXT=y
CONFIG_BT_DEBUGFS=y
# CONFIG_BT_SELFTEST is not set
CONFIG_BT_FEATURE_DEBUG=y

#
# Bluetooth device drivers
#
# CONFIG_BT_HCIBTUSB is not set
# CONFIG_BT_HCIUART is not set
# CONFIG_BT_HCIBCM203X is not set
# CONFIG_BT_HCIBPA10X is not set
# CONFIG_BT_HCIBFUSB is not set
# CONFIG_BT_HCIVHCI is not set
# CONFIG_BT_MRVL is not set
# end of Bluetooth device drivers

# CONFIG_AF_RXRPC is not set
# CONFIG_AF_KCM is not set
CONFIG_STREAM_PARSER=y
# CONFIG_MCTP is not set
CONFIG_FIB_RULES=y
CONFIG_WIRELESS=y
CONFIG_WEXT_CORE=y
CONFIG_WEXT_PROC=y
CONFIG_CFG80211=m
# CONFIG_NL80211_TESTMODE is not set
# CONFIG_CFG80211_DEVELOPER_WARNINGS is not set
# CONFIG_CFG80211_CERTIFICATION_ONUS is not set
CONFIG_CFG80211_REQUIRE_SIGNED_REGDB=y
CONFIG_CFG80211_USE_KERNEL_REGDB_KEYS=y
CONFIG_CFG80211_DEFAULT_PS=y
# CONFIG_CFG80211_DEBUGFS is not set
CONFIG_CFG80211_CRDA_SUPPORT=y
CONFIG_CFG80211_WEXT=y
CONFIG_MAC80211=m
CONFIG_MAC80211_HAS_RC=y
CONFIG_MAC80211_RC_MINSTREL=y
CONFIG_MAC80211_RC_DEFAULT_MINSTREL=y
CONFIG_MAC80211_RC_DEFAULT="minstrel_ht"
# CONFIG_MAC80211_MESH is not set
CONFIG_MAC80211_LEDS=y
# CONFIG_MAC80211_DEBUGFS is not set
# CONFIG_MAC80211_MESSAGE_TRACING is not set
# CONFIG_MAC80211_DEBUG_MENU is not set
CONFIG_MAC80211_STA_HASH_MAX_SIZE=0
CONFIG_RFKILL=m
CONFIG_RFKILL_LEDS=y
# CONFIG_RFKILL_INPUT is not set
# CONFIG_NET_9P is not set
# CONFIG_CAIF is not set
# CONFIG_CEPH_LIB is not set
# CONFIG_NFC is not set
# CONFIG_PSAMPLE is not set
# CONFIG_NET_IFE is not set
# CONFIG_LWTUNNEL is not set
CONFIG_DST_CACHE=y
CONFIG_GRO_CELLS=y
CONFIG_SOCK_VALIDATE_XMIT=y
CONFIG_NET_SOCK_MSG=y
CONFIG_PAGE_POOL=y
# CONFIG_PAGE_POOL_STATS is not set
# CONFIG_FAILOVER is not set
CONFIG_ETHTOOL_NETLINK=y

#
# Device Drivers
#
CONFIG_HAVE_EISA=y
# CONFIG_EISA is not set
CONFIG_HAVE_PCI=y
CONFIG_PCI=y
CONFIG_PCI_DOMAINS=y
# CONFIG_PCIEPORTBUS is not set
# CONFIG_PCIEASPM is not set
# CONFIG_PCIE_PTM is not set
CONFIG_PCI_MSI=y
CONFIG_PCI_MSI_IRQ_DOMAIN=y
CONFIG_PCI_QUIRKS=y
# CONFIG_PCI_DEBUG is not set
# CONFIG_PCI_STUB is not set
CONFIG_PCI_LOCKLESS_CONFIG=y
# CONFIG_PCI_IOV is not set
# CONFIG_PCI_PRI is not set
# CONFIG_PCI_PASID is not set
CONFIG_PCI_LABEL=y
# CONFIG_PCIE_BUS_TUNE_OFF is not set
CONFIG_PCIE_BUS_DEFAULT=y
# CONFIG_PCIE_BUS_SAFE is not set
# CONFIG_PCIE_BUS_PERFORMANCE is not set
# CONFIG_PCIE_BUS_PEER2PEER is not set
CONFIG_VGA_ARB=y
CONFIG_VGA_ARB_MAX_GPUS=4
# CONFIG_HOTPLUG_PCI is not set

#
# PCI controller drivers
#

#
# DesignWare PCI Core Support
#
# CONFIG_PCIE_DW_PLAT_HOST is not set
# CONFIG_PCI_MESON is not set
# end of DesignWare PCI Core Support

#
# Mobiveil PCIe Core Support
#
# end of Mobiveil PCIe Core Support

#
# Cadence PCIe controllers support
#
# end of Cadence PCIe controllers support
# end of PCI controller drivers

#
# PCI Endpoint
#
# CONFIG_PCI_ENDPOINT is not set
# end of PCI Endpoint

#
# PCI switch controller drivers
#
# CONFIG_PCI_SW_SWITCHTEC is not set
# end of PCI switch controller drivers

# CONFIG_CXL_BUS is not set
# CONFIG_PCCARD is not set
# CONFIG_RAPIDIO is not set

#
# Generic Driver Options
#
# CONFIG_UEVENT_HELPER is not set
CONFIG_DEVTMPFS=y
# CONFIG_DEVTMPFS_MOUNT is not set
CONFIG_DEVTMPFS_SAFE=y
CONFIG_STANDALONE=y
CONFIG_PREVENT_FIRMWARE_BUILD=y

#
# Firmware loader
#
CONFIG_FW_LOADER=y
CONFIG_EXTRA_FIRMWARE=""
# CONFIG_FW_LOADER_USER_HELPER is not set
# CONFIG_FW_LOADER_COMPRESS is not set
# CONFIG_FW_UPLOAD is not set
# end of Firmware loader

CONFIG_ALLOW_DEV_COREDUMP=y
# CONFIG_DEBUG_DRIVER is not set
CONFIG_DEBUG_DEVRES=y
# CONFIG_DEBUG_TEST_DRIVER_REMOVE is not set
# CONFIG_TEST_ASYNC_DRIVER_PROBE is not set
CONFIG_GENERIC_CPU_AUTOPROBE=y
CONFIG_GENERIC_CPU_VULNERABILITIES=y
CONFIG_REGMAP=y
CONFIG_DMA_SHARED_BUFFER=y
# CONFIG_DMA_FENCE_TRACE is not set
# end of Generic Driver Options

#
# Bus devices
#
# CONFIG_MHI_BUS is not set
# CONFIG_MHI_BUS_EP is not set
# end of Bus devices

# CONFIG_CONNECTOR is not set

#
# Firmware Drivers
#

#
# ARM System Control and Management Interface Protocol
#
# end of ARM System Control and Management Interface Protocol

# CONFIG_EDD is not set
CONFIG_FIRMWARE_MEMMAP=y
CONFIG_DMIID=y
CONFIG_DMI_SYSFS=m
CONFIG_DMI_SCAN_MACHINE_NON_EFI_FALLBACK=y
# CONFIG_FW_CFG_SYSFS is not set
CONFIG_SYSFB=y
CONFIG_SYSFB_SIMPLEFB=y
# CONFIG_GOOGLE_FIRMWARE is not set

#
# Tegra firmware driver
#
# end of Tegra firmware driver
# end of Firmware Drivers

# CONFIG_GNSS is not set
# CONFIG_MTD is not set
# CONFIG_OF is not set
CONFIG_ARCH_MIGHT_HAVE_PC_PARPORT=y
# CONFIG_PARPORT is not set
CONFIG_PNP=y
CONFIG_PNP_DEBUG_MESSAGES=y

#
# Protocols
#
CONFIG_PNPACPI=y
CONFIG_BLK_DEV=y
# CONFIG_BLK_DEV_NULL_BLK is not set
# CONFIG_BLK_DEV_FD is not set
CONFIG_CDROM=m
# CONFIG_BLK_DEV_PCIESSD_MTIP32XX is not set
# CONFIG_ZRAM is not set
CONFIG_BLK_DEV_LOOP=m
CONFIG_BLK_DEV_LOOP_MIN_COUNT=8
# CONFIG_BLK_DEV_DRBD is not set
# CONFIG_BLK_DEV_NBD is not set
# CONFIG_BLK_DEV_RAM is not set
# CONFIG_CDROM_PKTCDVD is not set
# CONFIG_ATA_OVER_ETH is not set
# CONFIG_BLK_DEV_RBD is not set
# CONFIG_BLK_DEV_UBLK is not set

#
# NVME Support
#
# CONFIG_BLK_DEV_NVME is not set
# CONFIG_NVME_FC is not set
# CONFIG_NVME_TCP is not set
# CONFIG_NVME_TARGET is not set
# end of NVME Support

#
# Misc devices
#
# CONFIG_AD525X_DPOT is not set
# CONFIG_DUMMY_IRQ is not set
# CONFIG_IBM_ASM is not set
# CONFIG_PHANTOM is not set
# CONFIG_TIFM_CORE is not set
# CONFIG_ICS932S401 is not set
# CONFIG_ENCLOSURE_SERVICES is not set
# CONFIG_HP_ILO is not set
# CONFIG_APDS9802ALS is not set
# CONFIG_ISL29003 is not set
# CONFIG_ISL29020 is not set
# CONFIG_SENSORS_TSL2550 is not set
# CONFIG_SENSORS_BH1770 is not set
# CONFIG_SENSORS_APDS990X is not set
# CONFIG_HMC6352 is not set
# CONFIG_DS1682 is not set
# CONFIG_PCH_PHUB is not set
# CONFIG_SRAM is not set
# CONFIG_DW_XDATA_PCIE is not set
# CONFIG_PCI_ENDPOINT_TEST is not set
# CONFIG_XILINX_SDFEC is not set
# CONFIG_C2PORT is not set

#
# EEPROM support
#
# CONFIG_EEPROM_AT24 is not set
# CONFIG_EEPROM_LEGACY is not set
# CONFIG_EEPROM_MAX6875 is not set
CONFIG_EEPROM_93CX6=m
# CONFIG_EEPROM_IDT_89HPESX is not set
# CONFIG_EEPROM_EE1004 is not set
# end of EEPROM support

# CONFIG_CB710_CORE is not set

#
# Texas Instruments shared transport line discipline
#
# end of Texas Instruments shared transport line discipline

# CONFIG_SENSORS_LIS3_I2C is not set
# CONFIG_ALTERA_STAPL is not set
# CONFIG_INTEL_MEI is not set
# CONFIG_INTEL_MEI_ME is not set
# CONFIG_INTEL_MEI_TXE is not set
# CONFIG_VMWARE_VMCI is not set
# CONFIG_ECHO is not set
# CONFIG_BCM_VK is not set
# CONFIG_MISC_ALCOR_PCI is not set
# CONFIG_MISC_RTSX_PCI is not set
# CONFIG_MISC_RTSX_USB is not set
# CONFIG_HABANA_AI is not set
# CONFIG_PVPANIC is not set
# end of Misc devices

#
# SCSI device support
#
CONFIG_SCSI_MOD=y
# CONFIG_RAID_ATTRS is not set
CONFIG_SCSI_COMMON=y
CONFIG_SCSI=y
CONFIG_SCSI_DMA=y
# CONFIG_SCSI_PROC_FS is not set

#
# SCSI support type (disk, tape, CD-ROM)
#
CONFIG_BLK_DEV_SD=y
# CONFIG_CHR_DEV_ST is not set
CONFIG_BLK_DEV_SR=m
CONFIG_CHR_DEV_SG=m
CONFIG_BLK_DEV_BSG=y
# CONFIG_CHR_DEV_SCH is not set
CONFIG_SCSI_CONSTANTS=y
# CONFIG_SCSI_LOGGING is not set
CONFIG_SCSI_SCAN_ASYNC=y

#
# SCSI Transports
#
# CONFIG_SCSI_SPI_ATTRS is not set
# CONFIG_SCSI_FC_ATTRS is not set
# CONFIG_SCSI_ISCSI_ATTRS is not set
# CONFIG_SCSI_SAS_ATTRS is not set
# CONFIG_SCSI_SAS_LIBSAS is not set
# CONFIG_SCSI_SRP_ATTRS is not set
# end of SCSI Transports

# CONFIG_SCSI_LOWLEVEL is not set
# CONFIG_SCSI_DH is not set
# end of SCSI device support

CONFIG_ATA=y
CONFIG_PATA_TIMINGS=y
CONFIG_ATA_VERBOSE_ERROR=y
# CONFIG_ATA_FORCE is not set
CONFIG_ATA_ACPI=y
# CONFIG_SATA_ZPODD is not set

#
# Controllers with non-SFF native interface
#
# CONFIG_SATA_AHCI is not set
# CONFIG_SATA_AHCI_PLATFORM is not set
# CONFIG_AHCI_DWC is not set
# CONFIG_SATA_INIC162X is not set
# CONFIG_SATA_ACARD_AHCI is not set
# CONFIG_SATA_SIL24 is not set
CONFIG_ATA_SFF=y

#
# SFF controllers with custom DMA interface
#
# CONFIG_PDC_ADMA is not set
# CONFIG_SATA_QSTOR is not set
# CONFIG_SATA_SX4 is not set
CONFIG_ATA_BMDMA=y

#
# SATA SFF controllers with BMDMA
#
# CONFIG_ATA_PIIX is not set
# CONFIG_SATA_MV is not set
# CONFIG_SATA_NV is not set
# CONFIG_SATA_PROMISE is not set
# CONFIG_SATA_SIL is not set
# CONFIG_SATA_SIS is not set
# CONFIG_SATA_SVW is not set
# CONFIG_SATA_ULI is not set
# CONFIG_SATA_VIA is not set
# CONFIG_SATA_VITESSE is not set

#
# PATA SFF controllers with BMDMA
#
# CONFIG_PATA_ALI is not set
# CONFIG_PATA_AMD is not set
# CONFIG_PATA_ARTOP is not set
# CONFIG_PATA_ATIIXP is not set
# CONFIG_PATA_ATP867X is not set
# CONFIG_PATA_CMD64X is not set
# CONFIG_PATA_CS5520 is not set
# CONFIG_PATA_CS5530 is not set
# CONFIG_PATA_CS5535 is not set
# CONFIG_PATA_CS5536 is not set
# CONFIG_PATA_CYPRESS is not set
# CONFIG_PATA_EFAR is not set
# CONFIG_PATA_HPT366 is not set
# CONFIG_PATA_HPT37X is not set
# CONFIG_PATA_HPT3X2N is not set
# CONFIG_PATA_HPT3X3 is not set
# CONFIG_PATA_IT8213 is not set
# CONFIG_PATA_IT821X is not set
# CONFIG_PATA_JMICRON is not set
# CONFIG_PATA_MARVELL is not set
# CONFIG_PATA_NETCELL is not set
# CONFIG_PATA_NINJA32 is not set
# CONFIG_PATA_NS87415 is not set
# CONFIG_PATA_OLDPIIX is not set
# CONFIG_PATA_OPTIDMA is not set
# CONFIG_PATA_PDC2027X is not set
# CONFIG_PATA_PDC_OLD is not set
# CONFIG_PATA_RADISYS is not set
# CONFIG_PATA_RDC is not set
# CONFIG_PATA_SC1200 is not set
# CONFIG_PATA_SCH is not set
# CONFIG_PATA_SERVERWORKS is not set
# CONFIG_PATA_SIL680 is not set
CONFIG_PATA_SIS=y
# CONFIG_PATA_TOSHIBA is not set
# CONFIG_PATA_TRIFLEX is not set
# CONFIG_PATA_VIA is not set
# CONFIG_PATA_WINBOND is not set

#
# PIO-only SFF controllers
#
# CONFIG_PATA_CMD640_PCI is not set
# CONFIG_PATA_MPIIX is not set
# CONFIG_PATA_NS87410 is not set
# CONFIG_PATA_OPTI is not set
# CONFIG_PATA_RZ1000 is not set

#
# Generic fallback / legacy drivers
#
# CONFIG_PATA_ACPI is not set
# CONFIG_ATA_GENERIC is not set
# CONFIG_PATA_LEGACY is not set
CONFIG_MD=y
# CONFIG_BLK_DEV_MD is not set
# CONFIG_BCACHE is not set
CONFIG_BLK_DEV_DM_BUILTIN=y
CONFIG_BLK_DEV_DM=m
CONFIG_DM_DEBUG=y
CONFIG_DM_BUFIO=m
CONFIG_DM_DEBUG_BLOCK_MANAGER_LOCKING=y
# CONFIG_DM_DEBUG_BLOCK_STACK_TRACING is not set
CONFIG_DM_BIO_PRISON=m
CONFIG_DM_PERSISTENT_DATA=m
# CONFIG_DM_UNSTRIPED is not set
CONFIG_DM_CRYPT=m
# CONFIG_DM_SNAPSHOT is not set
CONFIG_DM_THIN_PROVISIONING=m
# CONFIG_DM_CACHE is not set
# CONFIG_DM_WRITECACHE is not set
# CONFIG_DM_ERA is not set
# CONFIG_DM_CLONE is not set
# CONFIG_DM_MIRROR is not set
# CONFIG_DM_RAID is not set
# CONFIG_DM_ZERO is not set
# CONFIG_DM_MULTIPATH is not set
# CONFIG_DM_DELAY is not set
# CONFIG_DM_DUST is not set
CONFIG_DM_UEVENT=y
# CONFIG_DM_FLAKEY is not set
# CONFIG_DM_VERITY is not set
# CONFIG_DM_SWITCH is not set
# CONFIG_DM_LOG_WRITES is not set
# CONFIG_DM_INTEGRITY is not set
# CONFIG_TARGET_CORE is not set
# CONFIG_FUSION is not set

#
# IEEE 1394 (FireWire) support
#
CONFIG_FIREWIRE=m
CONFIG_FIREWIRE_OHCI=m
CONFIG_FIREWIRE_SBP2=m
CONFIG_FIREWIRE_NET=m
# CONFIG_FIREWIRE_NOSY is not set
# end of IEEE 1394 (FireWire) support

# CONFIG_MACINTOSH_DRIVERS is not set
CONFIG_NETDEVICES=y
CONFIG_MII=y
CONFIG_NET_CORE=y
# CONFIG_BONDING is not set
# CONFIG_DUMMY is not set
CONFIG_WIREGUARD=m
# CONFIG_WIREGUARD_DEBUG is not set
# CONFIG_EQUALIZER is not set
# CONFIG_NET_FC is not set
# CONFIG_NET_TEAM is not set
# CONFIG_MACVLAN is not set
# CONFIG_IPVLAN is not set
# CONFIG_VXLAN is not set
# CONFIG_GENEVE is not set
# CONFIG_BAREUDP is not set
# CONFIG_GTP is not set
# CONFIG_MACSEC is not set
CONFIG_NETCONSOLE=y
CONFIG_NETPOLL=y
CONFIG_NET_POLL_CONTROLLER=y
# CONFIG_TUN is not set
# CONFIG_TUN_VNET_CROSS_LE is not set
# CONFIG_VETH is not set
# CONFIG_NLMON is not set
# CONFIG_ARCNET is not set
CONFIG_ETHERNET=y
# CONFIG_NET_VENDOR_3COM is not set
# CONFIG_NET_VENDOR_ADAPTEC is not set
# CONFIG_NET_VENDOR_AGERE is not set
# CONFIG_NET_VENDOR_ALACRITECH is not set
# CONFIG_NET_VENDOR_ALTEON is not set
# CONFIG_ALTERA_TSE is not set
# CONFIG_NET_VENDOR_AMAZON is not set
# CONFIG_NET_VENDOR_AMD is not set
# CONFIG_NET_VENDOR_AQUANTIA is not set
# CONFIG_NET_VENDOR_ARC is not set
# CONFIG_NET_VENDOR_ASIX is not set
# CONFIG_NET_VENDOR_ATHEROS is not set
# CONFIG_CX_ECAT is not set
# CONFIG_NET_VENDOR_BROADCOM is not set
# CONFIG_NET_VENDOR_CADENCE is not set
# CONFIG_NET_VENDOR_CAVIUM is not set
# CONFIG_NET_VENDOR_CHELSIO is not set
# CONFIG_NET_VENDOR_CISCO is not set
# CONFIG_NET_VENDOR_CORTINA is not set
# CONFIG_NET_VENDOR_DAVICOM is not set
# CONFIG_DNET is not set
# CONFIG_NET_VENDOR_DEC is not set
# CONFIG_NET_VENDOR_DLINK is not set
# CONFIG_NET_VENDOR_EMULEX is not set
# CONFIG_NET_VENDOR_ENGLEDER is not set
# CONFIG_NET_VENDOR_EZCHIP is not set
# CONFIG_NET_VENDOR_FUNGIBLE is not set
# CONFIG_NET_VENDOR_GOOGLE is not set
# CONFIG_NET_VENDOR_HUAWEI is not set
# CONFIG_NET_VENDOR_INTEL is not set
# CONFIG_NET_VENDOR_WANGXUN is not set
# CONFIG_JME is not set
# CONFIG_NET_VENDOR_LITEX is not set
# CONFIG_NET_VENDOR_MARVELL is not set
# CONFIG_NET_VENDOR_MELLANOX is not set
# CONFIG_NET_VENDOR_MICREL is not set
# CONFIG_NET_VENDOR_MICROCHIP is not set
# CONFIG_NET_VENDOR_MICROSEMI is not set
# CONFIG_NET_VENDOR_MICROSOFT is not set
# CONFIG_NET_VENDOR_MYRI is not set
# CONFIG_FEALNX is not set
# CONFIG_NET_VENDOR_NI is not set
# CONFIG_NET_VENDOR_NATSEMI is not set
# CONFIG_NET_VENDOR_NETERION is not set
# CONFIG_NET_VENDOR_NETRONOME is not set
# CONFIG_NET_VENDOR_NVIDIA is not set
# CONFIG_NET_VENDOR_OKI is not set
# CONFIG_ETHOC is not set
# CONFIG_NET_VENDOR_PACKET_ENGINES is not set
# CONFIG_NET_VENDOR_PENSANDO is not set
# CONFIG_NET_VENDOR_QLOGIC is not set
# CONFIG_NET_VENDOR_BROCADE is not set
# CONFIG_NET_VENDOR_QUALCOMM is not set
# CONFIG_NET_VENDOR_RDC is not set
CONFIG_NET_VENDOR_REALTEK=y
# CONFIG_8139CP is not set
CONFIG_8139TOO=y
# CONFIG_8139TOO_PIO is not set
# CONFIG_8139TOO_TUNE_TWISTER is not set
# CONFIG_8139TOO_8129 is not set
# CONFIG_8139_OLD_RX_RESET is not set
# CONFIG_R8169 is not set
# CONFIG_NET_VENDOR_RENESAS is not set
# CONFIG_NET_VENDOR_ROCKER is not set
# CONFIG_NET_VENDOR_SAMSUNG is not set
# CONFIG_NET_VENDOR_SEEQ is not set
# CONFIG_NET_VENDOR_SILAN is not set
# CONFIG_NET_VENDOR_SIS is not set
# CONFIG_NET_VENDOR_SOLARFLARE is not set
# CONFIG_NET_VENDOR_SMSC is not set
# CONFIG_NET_VENDOR_SOCIONEXT is not set
# CONFIG_NET_VENDOR_STMICRO is not set
# CONFIG_NET_VENDOR_SUN is not set
# CONFIG_NET_VENDOR_SYNOPSYS is not set
# CONFIG_NET_VENDOR_TEHUTI is not set
# CONFIG_NET_VENDOR_TI is not set
# CONFIG_NET_VENDOR_VERTEXCOM is not set
# CONFIG_NET_VENDOR_VIA is not set
# CONFIG_NET_VENDOR_WIZNET is not set
# CONFIG_NET_VENDOR_XILINX is not set
# CONFIG_FDDI is not set
# CONFIG_HIPPI is not set
# CONFIG_NET_SB1000 is not set
# CONFIG_PHYLIB is not set
# CONFIG_PSE_CONTROLLER is not set
# CONFIG_MDIO_DEVICE is not set

#
# PCS device drivers
#
# end of PCS device drivers

CONFIG_PPP=m
CONFIG_PPP_BSDCOMP=m
CONFIG_PPP_DEFLATE=m
CONFIG_PPP_FILTER=y
CONFIG_PPP_MPPE=m
CONFIG_PPP_MULTILINK=y
CONFIG_PPPOE=m
CONFIG_PPP_ASYNC=m
CONFIG_PPP_SYNC_TTY=m
# CONFIG_SLIP is not set
CONFIG_SLHC=m

#
# Host-side USB support is needed for USB Network Adapter support
#
# CONFIG_USB_NET_DRIVERS is not set
CONFIG_WLAN=y
# CONFIG_WLAN_VENDOR_ADMTEK is not set
CONFIG_ATH_COMMON=m
CONFIG_WLAN_VENDOR_ATH=y
# CONFIG_ATH_DEBUG is not set
CONFIG_ATH5K=m
CONFIG_ATH5K_DEBUG=y
# CONFIG_ATH5K_TRACER is not set
CONFIG_ATH5K_PCI=y
# CONFIG_ATH9K is not set
# CONFIG_ATH9K_HTC is not set
# CONFIG_CARL9170 is not set
# CONFIG_ATH6KL is not set
# CONFIG_AR5523 is not set
# CONFIG_WIL6210 is not set
# CONFIG_ATH10K is not set
# CONFIG_WCN36XX is not set
# CONFIG_WLAN_VENDOR_ATMEL is not set
# CONFIG_WLAN_VENDOR_BROADCOM is not set
# CONFIG_WLAN_VENDOR_CISCO is not set
# CONFIG_WLAN_VENDOR_INTEL is not set
# CONFIG_WLAN_VENDOR_INTERSIL is not set
# CONFIG_WLAN_VENDOR_MARVELL is not set
# CONFIG_WLAN_VENDOR_MEDIATEK is not set
# CONFIG_WLAN_VENDOR_MICROCHIP is not set
# CONFIG_WLAN_VENDOR_PURELIFI is not set
CONFIG_WLAN_VENDOR_RALINK=y
CONFIG_RT2X00=m
# CONFIG_RT2400PCI is not set
CONFIG_RT2500PCI=m
# CONFIG_RT61PCI is not set
# CONFIG_RT2800PCI is not set
# CONFIG_RT2500USB is not set
# CONFIG_RT73USB is not set
# CONFIG_RT2800USB is not set
CONFIG_RT2X00_LIB_MMIO=m
CONFIG_RT2X00_LIB_PCI=m
CONFIG_RT2X00_LIB=m
CONFIG_RT2X00_LIB_LEDS=y
CONFIG_RT2X00_DEBUG=y
CONFIG_WLAN_VENDOR_REALTEK=y
# CONFIG_RTL8180 is not set
# CONFIG_RTL8187 is not set
# CONFIG_RTL_CARDS is not set
CONFIG_RTL8XXXU=m
# CONFIG_RTL8XXXU_UNTESTED is not set
# CONFIG_RTW88 is not set
# CONFIG_RTW89 is not set
# CONFIG_WLAN_VENDOR_RSI is not set
# CONFIG_WLAN_VENDOR_SILABS is not set
# CONFIG_WLAN_VENDOR_ST is not set
# CONFIG_WLAN_VENDOR_TI is not set
# CONFIG_WLAN_VENDOR_ZYDAS is not set
# CONFIG_WLAN_VENDOR_QUANTENNA is not set
# CONFIG_MAC80211_HWSIM is not set
# CONFIG_USB_NET_RNDIS_WLAN is not set
# CONFIG_VIRT_WIFI is not set
# CONFIG_WAN is not set

#
# Wireless WAN
#
# CONFIG_WWAN is not set
# end of Wireless WAN

# CONFIG_VMXNET3 is not set
# CONFIG_FUJITSU_ES is not set
# CONFIG_NETDEVSIM is not set
# CONFIG_NET_FAILOVER is not set
# CONFIG_ISDN is not set

#
# Input device support
#
CONFIG_INPUT=y
CONFIG_INPUT_LEDS=m
CONFIG_INPUT_FF_MEMLESS=m
# CONFIG_INPUT_SPARSEKMAP is not set
# CONFIG_INPUT_MATRIXKMAP is not set

#
# Userland interfaces
#
# CONFIG_INPUT_MOUSEDEV is not set
