Return-Path: <netdev-owner@vger.kernel.org>
X-Original-To: lists+netdev@lfdr.de
Delivered-To: lists+netdev@lfdr.de
Received: from vger.kernel.org (vger.kernel.org [209.132.180.67])
	by mail.lfdr.de (Postfix) with ESMTP id DBCBC16196E
	for <lists+netdev@lfdr.de>; Mon, 17 Feb 2020 19:08:32 +0100 (CET)
Received: (majordomo@vger.kernel.org) by vger.kernel.org via listexpand
        id S1729837AbgBQSIb (ORCPT <rfc822;lists+netdev@lfdr.de>);
        Mon, 17 Feb 2020 13:08:31 -0500
Received: from mail-lj1-f180.google.com ([209.85.208.180]:40628 "EHLO
        mail-lj1-f180.google.com" rhost-flags-OK-OK-OK-OK) by vger.kernel.org
        with ESMTP id S1726707AbgBQSIa (ORCPT
        <rfc822;netdev@vger.kernel.org>); Mon, 17 Feb 2020 13:08:30 -0500
Received: by mail-lj1-f180.google.com with SMTP id n18so19874120ljo.7
        for <netdev@vger.kernel.org>; Mon, 17 Feb 2020 10:08:13 -0800 (PST)
DKIM-Signature: v=1; a=rsa-sha256; c=relaxed/relaxed;
        d=gmail.com; s=20161025;
        h=subject:to:cc:references:from:message-id:date:user-agent
         :mime-version:in-reply-to:content-language;
        bh=25FtdJY4SvmtH5zcJSSGK6KzDfkA5FELvZRgdubDVgM=;
        b=myl7UhG+2wdxaZk9rtycluaSlBPT3LMMLhlS5qxs+Altll4PVqO2AUy9Tpo7RmFgAX
         Z53CrkBdYPghyK+IS5oLDT8bHV+sYwP3HPtwgYe50vBl/9JoYW/g2U/V16wlVMyCNuuy
         iJmJ/PgGi1cSgOv7/mRFP/B88B3ccPAcDoaXQdc0CkdYIkfaLWIVidLWS8v48Lvpf+6o
         a4tOaRS6+NJBB95AEPMZ1EjAfmkjKzp6CPhuHFQ1zhBGqohZ3LnxQ+X4cX5zV2mWfB1K
         h3mRC7PPSbA3e4zY/caimQR+kqHUo/D7xKE+d9JwdaNg3VvUAsSgfDhtZdd8TI5maf0V
         W9Wg==
X-Google-DKIM-Signature: v=1; a=rsa-sha256; c=relaxed/relaxed;
        d=1e100.net; s=20161025;
        h=x-gm-message-state:subject:to:cc:references:from:message-id:date
         :user-agent:mime-version:in-reply-to:content-language;
        bh=25FtdJY4SvmtH5zcJSSGK6KzDfkA5FELvZRgdubDVgM=;
        b=N1TujAqbxmnUw7vPdiTwz2k/I3Y+NvmDuf2ZMZMpPXlWNEqCiG+E9JY8BWXGYeLVQ9
         BQ+85r2S+PUXuF2xscCR1y84VYiAM2T5hq9yZ+uP0McXJRwWfTutU8IEcCsK2kj/h7q4
         2gV60yX/9E+OHh0+U/dg6PlGpgegHoin+qpH6VsnGwXQ/eYcK4KXS2i46sxZDmAwb9yw
         3grYEwHwHzfBgb2BrvTSOaEtzc3YGayJTYBMgVqEflKZdk8r2nbEhiA47qtbSe/8lwgy
         m1xLtv1XTClrGw2BQof5DdynWPZTXvxRxdfbe4OvpwRoUAQP84AJuILEx0ZrlbVgxAhD
         8PQg==
X-Gm-Message-State: APjAAAVKjLWfrm/k9QF1l94OQiOPnPy+ZDdnh6i7680wMkry1Zq+pwLN
        xiG4QtbUvsOWNAWiuJzzibggaklW
X-Google-Smtp-Source: APXvYqyTFGwQjVtGG72tXXJ4TU11uhseygPCfZTTW9W/SqikZlS8fXoPc/gZfrvXBglXEsRaSBPy/g==
X-Received: by 2002:a2e:b5a5:: with SMTP id f5mr10536364ljn.162.1581962892718;
        Mon, 17 Feb 2020 10:08:12 -0800 (PST)
Received: from [192.168.1.10] (hst-227-49.splius.lt. [62.80.227.49])
        by smtp.gmail.com with ESMTPSA id h24sm837865ljc.84.2020.02.17.10.08.10
        (version=TLS1_3 cipher=TLS_AES_128_GCM_SHA256 bits=128/128);
        Mon, 17 Feb 2020 10:08:11 -0800 (PST)
Subject: Re: About r8169 regression 5.4
To:     Heiner Kallweit <hkallweit1@gmail.com>,
        Salvatore Bonaccorso <carnil@debian.org>
Cc:     netdev@vger.kernel.org
References: <b46d29d8-faf6-351e-0d9f-a4d4c043a54c@gmail.com>
 <9e865e39-0406-d5e0-5022-9978ef4ec6ac@gmail.com>
 <97b0eb30-7ae2-80e2-6961-f52a8bb26b81@gmail.com>
 <20200215161247.GA179065@eldamar.local>
 <269f588f-78f2-4acf-06d3-eeefaa5d8e0f@gmail.com>
 <3ad8a76d-5da1-eb62-689e-44ea0534907f@gmail.com>
 <74c2d5db-3396-96c4-cbb3-744046c55c46@gmail.com>
From:   Vincas Dargis <vindrg@gmail.com>
Message-ID: <81548409-2fd3-9645-eeaf-ab8f7789b676@gmail.com>
Date:   Mon, 17 Feb 2020 20:08:10 +0200
User-Agent: Mozilla/5.0 (X11; Linux x86_64; rv:68.0) Gecko/20100101
 Thunderbird/68.5.0
MIME-Version: 1.0
In-Reply-To: <74c2d5db-3396-96c4-cbb3-744046c55c46@gmail.com>
Content-Type: multipart/mixed;
 boundary="------------6B4E476C6BC68787477D6DB6"
Content-Language: en-US
Sender: netdev-owner@vger.kernel.org
Precedence: bulk
List-ID: <netdev.vger.kernel.org>
X-Mailing-List: netdev@vger.kernel.org

This is a multi-part message in MIME format.
--------------6B4E476C6BC68787477D6DB6
Content-Type: text/plain; charset=utf-8; format=flowed
Content-Transfer-Encoding: 8bit

2020-02-16 01:27, Heiner Kallweit rašė:
> One more idea:
> Commit "r8169: enable HW csum and TSO" enables certain hardware offloading by default.
> Maybe your chip version has a hw issue with offloading. You could try:
> 
> 1. Disable TSO
> ethtool -K <if> tso off
> 
> 2. If this didn't help, disable all offloading.
> ethtool -K <if> tx off sg off tso off
> 

Unmodified 5.4 was running successfully for whole Sunday with `tx off sg off tso off`! Disabling only tso did not help, while disabling all actually avoided the timeout.

I've attached kern.log from boot 'til 5.4 got that timeout (when I did not use these off's).

About bisecting - I need to figure out how to build linux-image and linux-headers package only, to reduce that almost hour build...

--------------6B4E476C6BC68787477D6DB6
Content-Type: text/x-log; charset=UTF-8;
 name="kern.log"
Content-Transfer-Encoding: quoted-printable
Content-Disposition: attachment;
 filename="kern.log"

Feb 17 19:00:29 vinco kernel: [    0.000000] microcode: microcode updated=
 early to revision 0x27, date =3D 2019-02-26
Feb 17 19:00:29 vinco kernel: [    0.000000] Linux version 5.4.0-4-amd64 =
(debian-kernel@lists.debian.org) (gcc version 9.2.1 20200203 (Debian 9.2.=
1-28)) #1 SMP Debian 5.4.19-1 (2020-02-13)
Feb 17 19:00:29 vinco kernel: [    0.000000] Command line: BOOT_IMAGE=3D/=
vmlinuz-5.4.0-4-amd64 root=3DUUID=3D795ee075-978f-4245-9dad-ecccd37080d8 =
ro quiet apparmor=3D1 security=3Dapparmor
Feb 17 19:00:29 vinco kernel: [    0.000000] x86/fpu: Supporting XSAVE fe=
ature 0x001: 'x87 floating point registers'
Feb 17 19:00:29 vinco kernel: [    0.000000] x86/fpu: Supporting XSAVE fe=
ature 0x002: 'SSE registers'
Feb 17 19:00:29 vinco kernel: [    0.000000] x86/fpu: Supporting XSAVE fe=
ature 0x004: 'AVX registers'
Feb 17 19:00:29 vinco kernel: [    0.000000] x86/fpu: xstate_offset[2]:  =
576, xstate_sizes[2]:  256
Feb 17 19:00:29 vinco kernel: [    0.000000] x86/fpu: Enabled xstate feat=
ures 0x7, context size is 832 bytes, using 'standard' format.
Feb 17 19:00:29 vinco kernel: [    0.000000] BIOS-provided physical RAM m=
ap:
Feb 17 19:00:29 vinco kernel: [    0.000000] BIOS-e820: [mem 0x0000000000=
000000-0x0000000000057fff] usable
Feb 17 19:00:29 vinco kernel: [    0.000000] BIOS-e820: [mem 0x0000000000=
058000-0x0000000000058fff] reserved
Feb 17 19:00:29 vinco kernel: [    0.000000] BIOS-e820: [mem 0x0000000000=
059000-0x000000000009efff] usable
Feb 17 19:00:29 vinco kernel: [    0.000000] BIOS-e820: [mem 0x0000000000=
09f000-0x000000000009ffff] reserved
Feb 17 19:00:29 vinco kernel: [    0.000000] BIOS-e820: [mem 0x0000000000=
100000-0x00000000b9754fff] usable
Feb 17 19:00:29 vinco kernel: [    0.000000] BIOS-e820: [mem 0x00000000b9=
755000-0x00000000b975bfff] ACPI NVS
Feb 17 19:00:29 vinco kernel: [    0.000000] BIOS-e820: [mem 0x00000000b9=
75c000-0x00000000b9fd4fff] usable
Feb 17 19:00:29 vinco kernel: [    0.000000] BIOS-e820: [mem 0x00000000b9=
fd5000-0x00000000ba275fff] reserved
Feb 17 19:00:29 vinco kernel: [    0.000000] BIOS-e820: [mem 0x00000000ba=
276000-0x00000000c98c5fff] usable
Feb 17 19:00:29 vinco kernel: [    0.000000] BIOS-e820: [mem 0x00000000c9=
8c6000-0x00000000c9acefff] reserved
Feb 17 19:00:29 vinco kernel: [    0.000000] BIOS-e820: [mem 0x00000000c9=
acf000-0x00000000c9e00fff] usable
Feb 17 19:00:29 vinco kernel: [    0.000000] BIOS-e820: [mem 0x00000000c9=
e01000-0x00000000cab05fff] ACPI NVS
Feb 17 19:00:29 vinco kernel: [    0.000000] BIOS-e820: [mem 0x00000000ca=
b06000-0x00000000caf59fff] reserved
Feb 17 19:00:29 vinco kernel: [    0.000000] BIOS-e820: [mem 0x00000000ca=
f5a000-0x00000000caffefff] type 20
Feb 17 19:00:29 vinco kernel: [    0.000000] BIOS-e820: [mem 0x00000000ca=
fff000-0x00000000caffffff] usable
Feb 17 19:00:29 vinco kernel: [    0.000000] BIOS-e820: [mem 0x00000000cb=
c00000-0x00000000cfdfffff] reserved
Feb 17 19:00:29 vinco kernel: [    0.000000] BIOS-e820: [mem 0x00000000f8=
000000-0x00000000fbffffff] reserved
Feb 17 19:00:29 vinco kernel: [    0.000000] BIOS-e820: [mem 0x00000000fe=
c00000-0x00000000fec00fff] reserved
Feb 17 19:00:29 vinco kernel: [    0.000000] BIOS-e820: [mem 0x00000000fe=
d00000-0x00000000fed03fff] reserved
Feb 17 19:00:29 vinco kernel: [    0.000000] BIOS-e820: [mem 0x00000000fe=
d1c000-0x00000000fed1ffff] reserved
Feb 17 19:00:29 vinco kernel: [    0.000000] BIOS-e820: [mem 0x00000000fe=
e00000-0x00000000fee00fff] reserved
Feb 17 19:00:29 vinco kernel: [    0.000000] BIOS-e820: [mem 0x00000000ff=
000000-0x00000000ffffffff] reserved
Feb 17 19:00:29 vinco kernel: [    0.000000] BIOS-e820: [mem 0x0000000100=
000000-0x000000042f1fffff] usable
Feb 17 19:00:29 vinco kernel: [    0.000000] NX (Execute Disable) protect=
ion: active
Feb 17 19:00:29 vinco kernel: [    0.000000] efi: EFI v2.31 by American M=
egatrends
Feb 17 19:00:29 vinco kernel: [    0.000000] efi:  ACPI 2.0=3D0xc9e89000 =
 ACPI=3D0xc9e89000  SMBIOS=3D0xf04c0  MPS=3D0xfd5a0=20
Feb 17 19:00:29 vinco kernel: [    0.000000] secureboot: Secure boot coul=
d not be determined (mode 0)
Feb 17 19:00:29 vinco kernel: [    0.000000] SMBIOS 2.7 present.
Feb 17 19:00:29 vinco kernel: [    0.000000] DMI: ASUSTeK COMPUTER INC. N=
551JM/N551JM, BIOS N551JM.205 02/13/2015
Feb 17 19:00:29 vinco kernel: [    0.000000] tsc: Fast TSC calibration us=
ing PIT
Feb 17 19:00:29 vinco kernel: [    0.000000] tsc: Detected 2494.164 MHz p=
rocessor
Feb 17 19:00:29 vinco kernel: [    0.001378] e820: update [mem 0x00000000=
-0x00000fff] usable =3D=3D> reserved
Feb 17 19:00:29 vinco kernel: [    0.001379] e820: remove [mem 0x000a0000=
-0x000fffff] usable
Feb 17 19:00:29 vinco kernel: [    0.001384] last_pfn =3D 0x42f200 max_ar=
ch_pfn =3D 0x400000000
Feb 17 19:00:29 vinco kernel: [    0.001388] MTRR default type: uncachabl=
e
Feb 17 19:00:29 vinco kernel: [    0.001388] MTRR fixed ranges enabled:
Feb 17 19:00:29 vinco kernel: [    0.001389]   00000-9FFFF write-back
Feb 17 19:00:29 vinco kernel: [    0.001390]   A0000-BFFFF uncachable
Feb 17 19:00:29 vinco kernel: [    0.001390]   C0000-CFFFF write-protect
Feb 17 19:00:29 vinco kernel: [    0.001391]   D0000-DFFFF uncachable
Feb 17 19:00:29 vinco kernel: [    0.001391]   E0000-FFFFF write-protect
Feb 17 19:00:29 vinco kernel: [    0.001392] MTRR variable ranges enabled=
:
Feb 17 19:00:29 vinco kernel: [    0.001393]   0 base 0000000000 mask 7C0=
0000000 write-back
Feb 17 19:00:29 vinco kernel: [    0.001393]   1 base 0400000000 mask 7FE=
0000000 write-back
Feb 17 19:00:29 vinco kernel: [    0.001394]   2 base 0420000000 mask 7FF=
0000000 write-back
Feb 17 19:00:29 vinco kernel: [    0.001394]   3 base 00E0000000 mask 7FE=
0000000 uncachable
Feb 17 19:00:29 vinco kernel: [    0.001395]   4 base 00D0000000 mask 7FF=
0000000 uncachable
Feb 17 19:00:29 vinco kernel: [    0.001395]   5 base 00CC000000 mask 7FF=
C000000 uncachable
Feb 17 19:00:29 vinco kernel: [    0.001396]   6 base 00CBC00000 mask 7FF=
FC00000 uncachable
Feb 17 19:00:29 vinco kernel: [    0.001396]   7 base 042F800000 mask 7FF=
F800000 uncachable
Feb 17 19:00:29 vinco kernel: [    0.001397]   8 base 042F400000 mask 7FF=
FC00000 uncachable
Feb 17 19:00:29 vinco kernel: [    0.001397]   9 base 042F200000 mask 7FF=
FE00000 uncachable
Feb 17 19:00:29 vinco kernel: [    0.001660] x86/PAT: Configuration [0-7]=
: WB  WC  UC- UC  WB  WP  UC- WT =20
Feb 17 19:00:29 vinco kernel: [    0.001766] e820: update [mem 0xcbc00000=
-0xffffffff] usable =3D=3D> reserved
Feb 17 19:00:29 vinco kernel: [    0.001768] last_pfn =3D 0xcb000 max_arc=
h_pfn =3D 0x400000000
Feb 17 19:00:29 vinco kernel: [    0.007745] found SMP MP-table at [mem 0=
x000fd8a0-0x000fd8af]
Feb 17 19:00:29 vinco kernel: [    0.007759] Using GB pages for direct ma=
pping
Feb 17 19:00:29 vinco kernel: [    0.007760] BRK [0x1eae01000, 0x1eae01ff=
f] PGTABLE
Feb 17 19:00:29 vinco kernel: [    0.007762] BRK [0x1eae02000, 0x1eae02ff=
f] PGTABLE
Feb 17 19:00:29 vinco kernel: [    0.007762] BRK [0x1eae03000, 0x1eae03ff=
f] PGTABLE
Feb 17 19:00:29 vinco kernel: [    0.007803] BRK [0x1eae04000, 0x1eae04ff=
f] PGTABLE
Feb 17 19:00:29 vinco kernel: [    0.007804] BRK [0x1eae05000, 0x1eae05ff=
f] PGTABLE
Feb 17 19:00:29 vinco kernel: [    0.008013] BRK [0x1eae06000, 0x1eae06ff=
f] PGTABLE
Feb 17 19:00:29 vinco kernel: [    0.008048] BRK [0x1eae07000, 0x1eae07ff=
f] PGTABLE
Feb 17 19:00:29 vinco kernel: [    0.008140] BRK [0x1eae08000, 0x1eae08ff=
f] PGTABLE
Feb 17 19:00:29 vinco kernel: [    0.008175] BRK [0x1eae09000, 0x1eae09ff=
f] PGTABLE
Feb 17 19:00:29 vinco kernel: [    0.008207] BRK [0x1eae0a000, 0x1eae0aff=
f] PGTABLE
Feb 17 19:00:29 vinco kernel: [    0.008258] BRK [0x1eae0b000, 0x1eae0bff=
f] PGTABLE
Feb 17 19:00:29 vinco kernel: [    0.008327] BRK [0x1eae0c000, 0x1eae0cff=
f] PGTABLE
Feb 17 19:00:29 vinco kernel: [    0.008585] RAMDISK: [mem 0x30ed7000-0x3=
4762fff]
Feb 17 19:00:29 vinco kernel: [    0.008590] ACPI: Early table checksum v=
erification disabled
Feb 17 19:00:29 vinco kernel: [    0.008592] ACPI: RSDP 0x00000000C9E8900=
0 000024 (v02 _ASUS_)
Feb 17 19:00:29 vinco kernel: [    0.008595] ACPI: XSDT 0x00000000C9E8908=
8 00009C (v01 _ASUS_ Notebook 01072009 AMI  00010013)
Feb 17 19:00:29 vinco kernel: [    0.008598] ACPI: FACP 0x00000000C9E9CF3=
8 00010C (v05 _ASUS_ Notebook 01072009 AMI  00010013)
Feb 17 19:00:29 vinco kernel: [    0.008602] ACPI: DSDT 0x00000000C9E8924=
0 013CF2 (v02 _ASUS_ Notebook 00000012 INTL 20120711)
Feb 17 19:00:29 vinco kernel: [    0.008604] ACPI: FACS 0x00000000CAB03F8=
0 000040
Feb 17 19:00:29 vinco kernel: [    0.008606] ACPI: APIC 0x00000000C9E9D04=
8 000092 (v03 _ASUS_ Notebook 01072009 AMI  00010013)
Feb 17 19:00:29 vinco kernel: [    0.008607] ACPI: FPDT 0x00000000C9E9D0E=
0 000044 (v01 _ASUS_ Notebook 01072009 AMI  00010013)
Feb 17 19:00:29 vinco kernel: [    0.008609] ACPI: ECDT 0x00000000C9E9D12=
8 0000C1 (v01 _ASUS_ Notebook 01072009 AMI. 00000005)
Feb 17 19:00:29 vinco kernel: [    0.008611] ACPI: SSDT 0x00000000C9E9D1F=
0 00019D (v01 Intel  zpodd    00001000 INTL 20120711)
Feb 17 19:00:29 vinco kernel: [    0.008613] ACPI: SSDT 0x00000000C9E9D39=
0 000539 (v01 PmRef  Cpu0Ist  00003000 INTL 20120711)
Feb 17 19:00:29 vinco kernel: [    0.008615] ACPI: SSDT 0x00000000C9E9D8D=
0 000AD8 (v01 PmRef  CpuPm    00003000 INTL 20120711)
Feb 17 19:00:29 vinco kernel: [    0.008616] ACPI: MCFG 0x00000000C9E9E3A=
8 00003C (v01 _ASUS_ Notebook 01072009 MSFT 00000097)
Feb 17 19:00:29 vinco kernel: [    0.008618] ACPI: HPET 0x00000000C9E9E3E=
8 000038 (v01 _ASUS_ Notebook 01072009 AMI. 00000005)
Feb 17 19:00:29 vinco kernel: [    0.008620] ACPI: SSDT 0x00000000C9E9E42=
0 000298 (v01 SataRe SataTabl 00001000 INTL 20120711)
Feb 17 19:00:29 vinco kernel: [    0.008622] ACPI: SSDT 0x00000000C9E9E6B=
8 004541 (v01 SaSsdt SaSsdt   00003000 INTL 20091112)
Feb 17 19:00:29 vinco kernel: [    0.008623] ACPI: SSDT 0x00000000C9EA2C0=
0 001983 (v01 SgRef  SgPeg    00001000 INTL 20120711)
Feb 17 19:00:29 vinco kernel: [    0.008625] ACPI: DMAR 0x00000000C9EA458=
8 0000B8 (v01 INTEL  HSW      00000001 INTL 00000001)
Feb 17 19:00:29 vinco kernel: [    0.008627] ACPI: SSDT 0x00000000C9EA464=
0 0019CA (v01 OptRef OptTabl  00001000 INTL 20120711)
Feb 17 19:00:29 vinco kernel: [    0.008629] ACPI: MSDM 0x00000000C9ACDE1=
8 000055 (v03 _ASUS_ Notebook 00000000 ASUS 00000001)
Feb 17 19:00:29 vinco kernel: [    0.008635] ACPI: Local APIC address 0xf=
ee00000
Feb 17 19:00:29 vinco kernel: [    0.008699] No NUMA configuration found
Feb 17 19:00:29 vinco kernel: [    0.008699] Faking a node at [mem 0x0000=
000000000000-0x000000042f1fffff]
Feb 17 19:00:29 vinco kernel: [    0.008702] NODE_DATA(0) allocated [mem =
0x42f1f9000-0x42f1fdfff]
Feb 17 19:00:29 vinco kernel: [    0.008726] Zone ranges:
Feb 17 19:00:29 vinco kernel: [    0.008727]   DMA      [mem 0x0000000000=
001000-0x0000000000ffffff]
Feb 17 19:00:29 vinco kernel: [    0.008727]   DMA32    [mem 0x0000000001=
000000-0x00000000ffffffff]
Feb 17 19:00:29 vinco kernel: [    0.008728]   Normal   [mem 0x0000000100=
000000-0x000000042f1fffff]
Feb 17 19:00:29 vinco kernel: [    0.008729]   Device   empty
Feb 17 19:00:29 vinco kernel: [    0.008729] Movable zone start for each =
node
Feb 17 19:00:29 vinco kernel: [    0.008730] Early memory node ranges
Feb 17 19:00:29 vinco kernel: [    0.008730]   node   0: [mem 0x000000000=
0001000-0x0000000000057fff]
Feb 17 19:00:29 vinco kernel: [    0.008731]   node   0: [mem 0x000000000=
0059000-0x000000000009efff]
Feb 17 19:00:29 vinco kernel: [    0.008731]   node   0: [mem 0x000000000=
0100000-0x00000000b9754fff]
Feb 17 19:00:29 vinco kernel: [    0.008732]   node   0: [mem 0x00000000b=
975c000-0x00000000b9fd4fff]
Feb 17 19:00:29 vinco kernel: [    0.008733]   node   0: [mem 0x00000000b=
a276000-0x00000000c98c5fff]
Feb 17 19:00:29 vinco kernel: [    0.008733]   node   0: [mem 0x00000000c=
9acf000-0x00000000c9e00fff]
Feb 17 19:00:29 vinco kernel: [    0.008733]   node   0: [mem 0x00000000c=
afff000-0x00000000caffffff]
Feb 17 19:00:29 vinco kernel: [    0.008734]   node   0: [mem 0x000000010=
0000000-0x000000042f1fffff]
Feb 17 19:00:29 vinco kernel: [    0.008954] Zeroed struct page in unavai=
lable ranges: 29970 pages
Feb 17 19:00:29 vinco kernel: [    0.008955] Initmem setup node 0 [mem 0x=
0000000000001000-0x000000042f1fffff]
Feb 17 19:00:29 vinco kernel: [    0.008956] On node 0 totalpages: 416433=
4
Feb 17 19:00:29 vinco kernel: [    0.008957]   DMA zone: 64 pages used fo=
r memmap
Feb 17 19:00:29 vinco kernel: [    0.008957]   DMA zone: 26 pages reserve=
d
Feb 17 19:00:29 vinco kernel: [    0.008958]   DMA zone: 3997 pages, LIFO=
 batch:0
Feb 17 19:00:29 vinco kernel: [    0.008995]   DMA32 zone: 12838 pages us=
ed for memmap
Feb 17 19:00:29 vinco kernel: [    0.008996]   DMA32 zone: 821585 pages, =
LIFO batch:63
Feb 17 19:00:29 vinco kernel: [    0.016841]   Normal zone: 52168 pages u=
sed for memmap
Feb 17 19:00:29 vinco kernel: [    0.016842]   Normal zone: 3338752 pages=
, LIFO batch:63
Feb 17 19:00:29 vinco kernel: [    0.045337] Reserving Intel graphics mem=
ory at [mem 0xcbe00000-0xcfdfffff]
Feb 17 19:00:29 vinco kernel: [    0.045505] ACPI: PM-Timer IO Port: 0x18=
08
Feb 17 19:00:29 vinco kernel: [    0.045507] ACPI: Local APIC address 0xf=
ee00000
Feb 17 19:00:29 vinco kernel: [    0.045511] ACPI: LAPIC_NMI (acpi_id[0xf=
f] high edge lint[0x1])
Feb 17 19:00:29 vinco kernel: [    0.045521] IOAPIC[0]: apic_id 8, versio=
n 32, address 0xfec00000, GSI 0-23
Feb 17 19:00:29 vinco kernel: [    0.045522] ACPI: INT_SRC_OVR (bus 0 bus=
_irq 0 global_irq 2 dfl dfl)
Feb 17 19:00:29 vinco kernel: [    0.045523] ACPI: INT_SRC_OVR (bus 0 bus=
_irq 9 global_irq 9 high level)
Feb 17 19:00:29 vinco kernel: [    0.045524] ACPI: IRQ0 used by override.=

Feb 17 19:00:29 vinco kernel: [    0.045524] ACPI: IRQ9 used by override.=

Feb 17 19:00:29 vinco kernel: [    0.045526] Using ACPI (MADT) for SMP co=
nfiguration information
Feb 17 19:00:29 vinco kernel: [    0.045527] ACPI: HPET id: 0x8086a701 ba=
se: 0xfed00000
Feb 17 19:00:29 vinco kernel: [    0.045530] smpboot: Allowing 8 CPUs, 0 =
hotplug CPUs
Feb 17 19:00:29 vinco kernel: [    0.045546] PM: Registered nosave memory=
: [mem 0x00000000-0x00000fff]
Feb 17 19:00:29 vinco kernel: [    0.045547] PM: Registered nosave memory=
: [mem 0x00058000-0x00058fff]
Feb 17 19:00:29 vinco kernel: [    0.045549] PM: Registered nosave memory=
: [mem 0x0009f000-0x0009ffff]
Feb 17 19:00:29 vinco kernel: [    0.045549] PM: Registered nosave memory=
: [mem 0x000a0000-0x000fffff]
Feb 17 19:00:29 vinco kernel: [    0.045550] PM: Registered nosave memory=
: [mem 0xb9755000-0xb975bfff]
Feb 17 19:00:29 vinco kernel: [    0.045551] PM: Registered nosave memory=
: [mem 0xb9fd5000-0xba275fff]
Feb 17 19:00:29 vinco kernel: [    0.045552] PM: Registered nosave memory=
: [mem 0xc98c6000-0xc9acefff]
Feb 17 19:00:29 vinco kernel: [    0.045554] PM: Registered nosave memory=
: [mem 0xc9e01000-0xcab05fff]
Feb 17 19:00:29 vinco kernel: [    0.045554] PM: Registered nosave memory=
: [mem 0xcab06000-0xcaf59fff]
Feb 17 19:00:29 vinco kernel: [    0.045554] PM: Registered nosave memory=
: [mem 0xcaf5a000-0xcaffefff]
Feb 17 19:00:29 vinco kernel: [    0.045556] PM: Registered nosave memory=
: [mem 0xcb000000-0xcbbfffff]
Feb 17 19:00:29 vinco kernel: [    0.045556] PM: Registered nosave memory=
: [mem 0xcbc00000-0xcfdfffff]
Feb 17 19:00:29 vinco kernel: [    0.045556] PM: Registered nosave memory=
: [mem 0xcfe00000-0xf7ffffff]
Feb 17 19:00:29 vinco kernel: [    0.045557] PM: Registered nosave memory=
: [mem 0xf8000000-0xfbffffff]
Feb 17 19:00:29 vinco kernel: [    0.045557] PM: Registered nosave memory=
: [mem 0xfc000000-0xfebfffff]
Feb 17 19:00:29 vinco kernel: [    0.045558] PM: Registered nosave memory=
: [mem 0xfec00000-0xfec00fff]
Feb 17 19:00:29 vinco kernel: [    0.045558] PM: Registered nosave memory=
: [mem 0xfec01000-0xfecfffff]
Feb 17 19:00:29 vinco kernel: [    0.045558] PM: Registered nosave memory=
: [mem 0xfed00000-0xfed03fff]
Feb 17 19:00:29 vinco kernel: [    0.045559] PM: Registered nosave memory=
: [mem 0xfed04000-0xfed1bfff]
Feb 17 19:00:29 vinco kernel: [    0.045559] PM: Registered nosave memory=
: [mem 0xfed1c000-0xfed1ffff]
Feb 17 19:00:29 vinco kernel: [    0.045559] PM: Registered nosave memory=
: [mem 0xfed20000-0xfedfffff]
Feb 17 19:00:29 vinco kernel: [    0.045560] PM: Registered nosave memory=
: [mem 0xfee00000-0xfee00fff]
Feb 17 19:00:29 vinco kernel: [    0.045560] PM: Registered nosave memory=
: [mem 0xfee01000-0xfeffffff]
Feb 17 19:00:29 vinco kernel: [    0.045561] PM: Registered nosave memory=
: [mem 0xff000000-0xffffffff]
Feb 17 19:00:29 vinco kernel: [    0.045562] [mem 0xcfe00000-0xf7ffffff] =
available for PCI devices
Feb 17 19:00:29 vinco kernel: [    0.045563] Booting paravirtualized kern=
el on bare hardware
Feb 17 19:00:29 vinco kernel: [    0.045565] clocksource: refined-jiffies=
: mask: 0xffffffff max_cycles: 0xffffffff, max_idle_ns: 7645519600211568 =
ns
Feb 17 19:00:29 vinco kernel: [    0.112638] setup_percpu: NR_CPUS:512 nr=
_cpumask_bits:512 nr_cpu_ids:8 nr_node_ids:1
Feb 17 19:00:29 vinco kernel: [    0.112803] percpu: Embedded 53 pages/cp=
u s178584 r8192 d30312 u262144
Feb 17 19:00:29 vinco kernel: [    0.112809] pcpu-alloc: s178584 r8192 d3=
0312 u262144 alloc=3D1*2097152
Feb 17 19:00:29 vinco kernel: [    0.112809] pcpu-alloc: [0] 0 1 2 3 4 5 =
6 7=20
Feb 17 19:00:29 vinco kernel: [    0.112828] Built 1 zonelists, mobility =
grouping on.  Total pages: 4099238
Feb 17 19:00:29 vinco kernel: [    0.112829] Policy zone: Normal
Feb 17 19:00:29 vinco kernel: [    0.112830] Kernel command line: BOOT_IM=
AGE=3D/vmlinuz-5.4.0-4-amd64 root=3DUUID=3D795ee075-978f-4245-9dad-ecccd3=
7080d8 ro quiet apparmor=3D1 security=3Dapparmor
Feb 17 19:00:29 vinco kernel: [    0.113574] Dentry cache hash table entr=
ies: 2097152 (order: 12, 16777216 bytes, linear)
Feb 17 19:00:29 vinco kernel: [    0.113917] Inode-cache hash table entri=
es: 1048576 (order: 11, 8388608 bytes, linear)
Feb 17 19:00:29 vinco kernel: [    0.113972] mem auto-init: stack:off, he=
ap alloc:off, heap free:off
Feb 17 19:00:29 vinco kernel: [    0.116740] Calgary: detecting Calgary v=
ia BIOS EBDA area
Feb 17 19:00:29 vinco kernel: [    0.116741] Calgary: Unable to locate Ri=
o Grande table in EBDA - bailing!
Feb 17 19:00:29 vinco kernel: [    0.152158] Memory: 16022980K/16657336K =
available (10243K kernel code, 1197K rwdata, 3736K rodata, 1672K init, 20=
48K bss, 634356K reserved, 0K cma-reserved)
Feb 17 19:00:29 vinco kernel: [    0.152256] SLUB: HWalign=3D64, Order=3D=
0-3, MinObjects=3D0, CPUs=3D8, Nodes=3D1
Feb 17 19:00:29 vinco kernel: [    0.152264] Kernel/User page tables isol=
ation: enabled
Feb 17 19:00:29 vinco kernel: [    0.152274] ftrace: allocating 33946 ent=
ries in 133 pages
Feb 17 19:00:29 vinco kernel: [    0.161826] rcu: Hierarchical RCU implem=
entation.
Feb 17 19:00:29 vinco kernel: [    0.161827] rcu: 	RCU restricting CPUs f=
rom NR_CPUS=3D512 to nr_cpu_ids=3D8.
Feb 17 19:00:29 vinco kernel: [    0.161828] rcu: RCU calculated value of=
 scheduler-enlistment delay is 25 jiffies.
Feb 17 19:00:29 vinco kernel: [    0.161828] rcu: Adjusting geometry for =
rcu_fanout_leaf=3D16, nr_cpu_ids=3D8
Feb 17 19:00:29 vinco kernel: [    0.163925] NR_IRQS: 33024, nr_irqs: 488=
, preallocated irqs: 16
Feb 17 19:00:29 vinco kernel: [    0.164101] random: crng done (trusting =
CPU's manufacturer)
Feb 17 19:00:29 vinco kernel: [    0.164116] Console: colour dummy device=
 80x25
Feb 17 19:00:29 vinco kernel: [    0.164121] printk: console [tty0] enabl=
ed
Feb 17 19:00:29 vinco kernel: [    0.164133] ACPI: Core revision 20190816=

Feb 17 19:00:29 vinco kernel: [    0.164254] clocksource: hpet: mask: 0xf=
fffffff max_cycles: 0xffffffff, max_idle_ns: 133484882848 ns
Feb 17 19:00:29 vinco kernel: [    0.164265] APIC: Switch to symmetric I/=
O mode setup
Feb 17 19:00:29 vinco kernel: [    0.164266] DMAR: Host address width 39
Feb 17 19:00:29 vinco kernel: [    0.164267] DMAR: DRHD base: 0x000000fed=
90000 flags: 0x0
Feb 17 19:00:29 vinco kernel: [    0.164270] DMAR: dmar0: reg_base_addr f=
ed90000 ver 1:0 cap c0000020660462 ecap f0101a
Feb 17 19:00:29 vinco kernel: [    0.164271] DMAR: DRHD base: 0x000000fed=
91000 flags: 0x1
Feb 17 19:00:29 vinco kernel: [    0.164273] DMAR: dmar1: reg_base_addr f=
ed91000 ver 1:0 cap d2008020660462 ecap f010da
Feb 17 19:00:29 vinco kernel: [    0.164274] DMAR: RMRR base: 0x000000c9a=
56000 end: 0x000000c9a62fff
Feb 17 19:00:29 vinco kernel: [    0.164274] DMAR: RMRR base: 0x000000cbc=
00000 end: 0x000000cfdfffff
Feb 17 19:00:29 vinco kernel: [    0.164275] DMAR-IR: IOAPIC id 8 under D=
RHD base  0xfed91000 IOMMU 1
Feb 17 19:00:29 vinco kernel: [    0.164276] DMAR-IR: HPET id 0 under DRH=
D base 0xfed91000
Feb 17 19:00:29 vinco kernel: [    0.164276] DMAR-IR: Queued invalidation=
 will be enabled to support x2apic and Intr-remapping.
Feb 17 19:00:29 vinco kernel: [    0.164635] DMAR-IR: Enabled IRQ remappi=
ng in x2apic mode
Feb 17 19:00:29 vinco kernel: [    0.164636] x2apic enabled
Feb 17 19:00:29 vinco kernel: [    0.164641] Switched APIC routing to clu=
ster x2apic.
Feb 17 19:00:29 vinco kernel: [    0.165013] ..TIMER: vector=3D0x30 apic1=
=3D0 pin1=3D2 apic2=3D-1 pin2=3D-1
Feb 17 19:00:29 vinco kernel: [    0.184267] clocksource: tsc-early: mask=
: 0xffffffffffffffff max_cycles: 0x23f3b0d5e5b, max_idle_ns: 440795306932=
 ns
Feb 17 19:00:29 vinco kernel: [    0.184270] Calibrating delay loop (skip=
ped), value calculated using timer frequency.. 4988.32 BogoMIPS (lpj=3D99=
76656)
Feb 17 19:00:29 vinco kernel: [    0.184272] pid_max: default: 32768 mini=
mum: 301
Feb 17 19:00:29 vinco kernel: [    0.188875] LSM: Security Framework init=
ializing
Feb 17 19:00:29 vinco kernel: [    0.188880] Yama: disabled by default; e=
nable with sysctl kernel.yama.*
Feb 17 19:00:29 vinco kernel: [    0.188898] AppArmor: AppArmor initializ=
ed
Feb 17 19:00:29 vinco kernel: [    0.188934] Mount-cache hash table entri=
es: 32768 (order: 6, 262144 bytes, linear)
Feb 17 19:00:29 vinco kernel: [    0.188962] Mountpoint-cache hash table =
entries: 32768 (order: 6, 262144 bytes, linear)
Feb 17 19:00:29 vinco kernel: [    0.189149] mce: CPU0: Thermal monitorin=
g enabled (TM1)
Feb 17 19:00:29 vinco kernel: [    0.189161] process: using mwait in idle=
 threads
Feb 17 19:00:29 vinco kernel: [    0.189163] Last level iTLB entries: 4KB=
 1024, 2MB 1024, 4MB 1024
Feb 17 19:00:29 vinco kernel: [    0.189163] Last level dTLB entries: 4KB=
 1024, 2MB 1024, 4MB 1024, 1GB 4
Feb 17 19:00:29 vinco kernel: [    0.189165] Spectre V1 : Mitigation: use=
rcopy/swapgs barriers and __user pointer sanitization
Feb 17 19:00:29 vinco kernel: [    0.189166] Spectre V2 : Mitigation: Ful=
l generic retpoline
Feb 17 19:00:29 vinco kernel: [    0.189167] Spectre V2 : Spectre v2 / Sp=
ectreRSB mitigation: Filling RSB on context switch
Feb 17 19:00:29 vinco kernel: [    0.189167] Spectre V2 : Enabling Restri=
cted Speculation for firmware calls
Feb 17 19:00:29 vinco kernel: [    0.189168] Spectre V2 : mitigation: Ena=
bling conditional Indirect Branch Prediction Barrier
Feb 17 19:00:29 vinco kernel: [    0.189169] Spectre V2 : User space: Mit=
igation: STIBP via seccomp and prctl
Feb 17 19:00:29 vinco kernel: [    0.189169] Speculative Store Bypass: Mi=
tigation: Speculative Store Bypass disabled via prctl and seccomp
Feb 17 19:00:29 vinco kernel: [    0.189172] MDS: Mitigation: Clear CPU b=
uffers
Feb 17 19:00:29 vinco kernel: [    0.189302] Freeing SMP alternatives mem=
ory: 24K
Feb 17 19:00:29 vinco kernel: [    0.191432] TSC deadline timer enabled
Feb 17 19:00:29 vinco kernel: [    0.191434] smpboot: CPU0: Intel(R) Core=
(TM) i7-4710HQ CPU @ 2.50GHz (family: 0x6, model: 0x3c, stepping: 0x3)
Feb 17 19:00:29 vinco kernel: [    0.191506] Performance Events: PEBS fmt=
2+, Haswell events, 16-deep LBR, full-width counters, Intel PMU driver.
Feb 17 19:00:29 vinco kernel: [    0.191519] ... version:                =
3
Feb 17 19:00:29 vinco kernel: [    0.191519] ... bit width:              =
48
Feb 17 19:00:29 vinco kernel: [    0.191520] ... generic registers:      =
4
Feb 17 19:00:29 vinco kernel: [    0.191520] ... value mask:             =
0000ffffffffffff
Feb 17 19:00:29 vinco kernel: [    0.191520] ... max period:             =
00007fffffffffff
Feb 17 19:00:29 vinco kernel: [    0.191521] ... fixed-purpose events:   =
3
Feb 17 19:00:29 vinco kernel: [    0.191521] ... event mask:             =
000000070000000f
Feb 17 19:00:29 vinco kernel: [    0.191545] rcu: Hierarchical SRCU imple=
mentation.
Feb 17 19:00:29 vinco kernel: [    0.192141] NMI watchdog: Enabled. Perma=
nently consumes one hw-PMU counter.
Feb 17 19:00:29 vinco kernel: [    0.192190] smp: Bringing up secondary C=
PUs ...
Feb 17 19:00:29 vinco kernel: [    0.192240] x86: Booting SMP configurati=
on:
Feb 17 19:00:29 vinco kernel: [    0.192241] .... node  #0, CPUs:      #1=
 #2 #3 #4
Feb 17 19:00:29 vinco kernel: [    0.193733] MDS CPU bug present and SMT =
on, data leak possible. See https://www.kernel.org/doc/html/latest/admin-=
guide/hw-vuln/mds.html for more details.
Feb 17 19:00:29 vinco kernel: [    0.193733]  #5 #6 #7
Feb 17 19:00:29 vinco kernel: [    0.193733] smp: Brought up 1 node, 8 CP=
Us
Feb 17 19:00:29 vinco kernel: [    0.193733] smpboot: Max logical package=
s: 1
Feb 17 19:00:29 vinco kernel: [    0.193733] smpboot: Total of 8 processo=
rs activated (39906.62 BogoMIPS)
Feb 17 19:00:29 vinco kernel: [    0.196584] devtmpfs: initialized
Feb 17 19:00:29 vinco kernel: [    0.196584] x86/mm: Memory block size: 1=
28MB
Feb 17 19:00:29 vinco kernel: [    0.197433] PM: Registering ACPI NVS reg=
ion [mem 0xb9755000-0xb975bfff] (28672 bytes)
Feb 17 19:00:29 vinco kernel: [    0.197433] PM: Registering ACPI NVS reg=
ion [mem 0xc9e01000-0xcab05fff] (13651968 bytes)
Feb 17 19:00:29 vinco kernel: [    0.197433] clocksource: jiffies: mask: =
0xffffffff max_cycles: 0xffffffff, max_idle_ns: 7645041785100000 ns
Feb 17 19:00:29 vinco kernel: [    0.197433] futex hash table entries: 20=
48 (order: 5, 131072 bytes, linear)
Feb 17 19:00:29 vinco kernel: [    0.197433] pinctrl core: initialized pi=
nctrl subsystem
Feb 17 19:00:29 vinco kernel: [    0.197433] NET: Registered protocol fam=
ily 16
Feb 17 19:00:29 vinco kernel: [    0.197433] audit: initializing netlink =
subsys (disabled)
Feb 17 19:00:29 vinco kernel: [    0.197433] audit: type=3D2000 audit(158=
1958823.032:1): state=3Dinitialized audit_enabled=3D0 res=3D1
Feb 17 19:00:29 vinco kernel: [    0.197433] cpuidle: using governor ladd=
er
Feb 17 19:00:29 vinco kernel: [    0.197433] cpuidle: using governor menu=

Feb 17 19:00:29 vinco kernel: [    0.197433] ACPI FADT declares the syste=
m doesn't support PCIe ASPM, so disable it
Feb 17 19:00:29 vinco kernel: [    0.197433] ACPI: bus type PCI registere=
d
Feb 17 19:00:29 vinco kernel: [    0.197433] acpiphp: ACPI Hot Plug PCI C=
ontroller Driver version: 0.5
Feb 17 19:00:29 vinco kernel: [    0.197433] PCI: MMCONFIG for domain 000=
0 [bus 00-3f] at [mem 0xf8000000-0xfbffffff] (base 0xf8000000)
Feb 17 19:00:29 vinco kernel: [    0.197433] PCI: MMCONFIG at [mem 0xf800=
0000-0xfbffffff] reserved in E820
Feb 17 19:00:29 vinco kernel: [    0.197433] pmd_set_huge: Cannot satisfy=
 [mem 0xf8000000-0xf8200000] with a huge-page mapping due to MTRR overrid=
e.
Feb 17 19:00:29 vinco kernel: [    0.197433] PCI: Using configuration typ=
e 1 for base access
Feb 17 19:00:29 vinco kernel: [    0.197433] core: PMU erratum BJ122, BV9=
8, HSD29 worked around, HT is on
Feb 17 19:00:29 vinco kernel: [    0.197433] ENERGY_PERF_BIAS: Set to 'no=
rmal', was 'performance'
Feb 17 19:00:29 vinco kernel: [    0.197433] HugeTLB registered 1.00 GiB =
page size, pre-allocated 0 pages
Feb 17 19:00:29 vinco kernel: [    0.197433] HugeTLB registered 2.00 MiB =
page size, pre-allocated 0 pages
Feb 17 19:00:29 vinco kernel: [    0.316471] ACPI: Added _OSI(Module Devi=
ce)
Feb 17 19:00:29 vinco kernel: [    0.316471] ACPI: Added _OSI(Processor D=
evice)
Feb 17 19:00:29 vinco kernel: [    0.316471] ACPI: Added _OSI(3.0 _SCP Ex=
tensions)
Feb 17 19:00:29 vinco kernel: [    0.316471] ACPI: Added _OSI(Processor A=
ggregator Device)
Feb 17 19:00:29 vinco kernel: [    0.316471] ACPI: Added _OSI(Linux-Dell-=
Video)
Feb 17 19:00:29 vinco kernel: [    0.316471] ACPI: Added _OSI(Linux-Lenov=
o-NV-HDMI-Audio)
Feb 17 19:00:29 vinco kernel: [    0.316471] ACPI: Added _OSI(Linux-HPI-H=
ybrid-Graphics)
Feb 17 19:00:29 vinco kernel: [    0.330316] ACPI: 8 ACPI AML tables succ=
essfully acquired and loaded
Feb 17 19:00:29 vinco kernel: [    0.330821] ACPI: EC: EC started
Feb 17 19:00:29 vinco kernel: [    0.330821] ACPI: EC: interrupt blocked
Feb 17 19:00:29 vinco kernel: [    0.331621] ACPI: \: Used as first EC
Feb 17 19:00:29 vinco kernel: [    0.331622] ACPI: \: GPE=3D0x19, EC_CMD/=
EC_SC=3D0x66, EC_DATA=3D0x62
Feb 17 19:00:29 vinco kernel: [    0.331622] ACPI: EC: Boot ECDT EC used =
to handle transactions
Feb 17 19:00:29 vinco kernel: [    0.332251] ACPI: [Firmware Bug]: BIOS _=
OSI(Linux) query ignored
Feb 17 19:00:29 vinco kernel: [    0.334580] ACPI: Dynamic OEM Table Load=
:
Feb 17 19:00:29 vinco kernel: [    0.334584] ACPI: SSDT 0xFFFF95065C7F600=
0 0003D3 (v01 PmRef  Cpu0Cst  00003001 INTL 20120711)
Feb 17 19:00:29 vinco kernel: [    0.335303] ACPI: Dynamic OEM Table Load=
:
Feb 17 19:00:29 vinco kernel: [    0.335306] ACPI: SSDT 0xFFFF95065C2F680=
0 0005AA (v01 PmRef  ApIst    00003000 INTL 20120711)
Feb 17 19:00:29 vinco kernel: [    0.336046] ACPI: Dynamic OEM Table Load=
:
Feb 17 19:00:29 vinco kernel: [    0.336049] ACPI: SSDT 0xFFFF95065C7EB00=
0 000119 (v01 PmRef  ApCst    00003000 INTL 20120711)
Feb 17 19:00:29 vinco kernel: [    0.337593] ACPI: Interpreter enabled
Feb 17 19:00:29 vinco kernel: [    0.337618] ACPI: (supports S0 S3 S4 S5)=

Feb 17 19:00:29 vinco kernel: [    0.337619] ACPI: Using IOAPIC for inter=
rupt routing
Feb 17 19:00:29 vinco kernel: [    0.337638] PCI: Using host bridge windo=
ws from ACPI; if necessary, use "pci=3Dnocrs" and report a bug
Feb 17 19:00:29 vinco kernel: [    0.337839] ACPI: Enabled 7 GPEs in bloc=
k 00 to 3F
Feb 17 19:00:29 vinco kernel: [    0.341494] ACPI: Power Resource [PG00] =
(on)
Feb 17 19:00:29 vinco kernel: [    0.345154] ACPI: PCI Root Bridge [PCI0]=
 (domain 0000 [bus 00-3e])
Feb 17 19:00:29 vinco kernel: [    0.345157] acpi PNP0A08:00: _OSC: OS su=
pports [ExtendedConfig ASPM ClockPM Segments MSI HPX-Type3]
Feb 17 19:00:29 vinco kernel: [    0.345614] acpi PNP0A08:00: _OSC: OS no=
w controls [PCIeHotplug SHPCHotplug PME AER PCIeCapability LTR]
Feb 17 19:00:29 vinco kernel: [    0.345615] acpi PNP0A08:00: FADT indica=
tes ASPM is unsupported, using BIOS configuration
Feb 17 19:00:29 vinco kernel: [    0.345895] PCI host bridge to bus 0000:=
00
Feb 17 19:00:29 vinco kernel: [    0.345896] pci_bus 0000:00: root bus re=
source [io  0x0000-0x0cf7 window]
Feb 17 19:00:29 vinco kernel: [    0.345897] pci_bus 0000:00: root bus re=
source [io  0x0d00-0xffff window]
Feb 17 19:00:29 vinco kernel: [    0.345898] pci_bus 0000:00: root bus re=
source [mem 0x000a0000-0x000bffff window]
Feb 17 19:00:29 vinco kernel: [    0.345899] pci_bus 0000:00: root bus re=
source [mem 0x000d0000-0x000d3fff window]
Feb 17 19:00:29 vinco kernel: [    0.345899] pci_bus 0000:00: root bus re=
source [mem 0x000d4000-0x000d7fff window]
Feb 17 19:00:29 vinco kernel: [    0.345900] pci_bus 0000:00: root bus re=
source [mem 0x000d8000-0x000dbfff window]
Feb 17 19:00:29 vinco kernel: [    0.345901] pci_bus 0000:00: root bus re=
source [mem 0x000dc000-0x000dffff window]
Feb 17 19:00:29 vinco kernel: [    0.345901] pci_bus 0000:00: root bus re=
source [mem 0xcfe00000-0xfeafffff window]
Feb 17 19:00:29 vinco kernel: [    0.345902] pci_bus 0000:00: root bus re=
source [bus 00-3e]
Feb 17 19:00:29 vinco kernel: [    0.345909] pci 0000:00:00.0: [8086:0c04=
] type 00 class 0x060000
Feb 17 19:00:29 vinco kernel: [    0.345971] pci 0000:00:01.0: [8086:0c01=
] type 01 class 0x060400
Feb 17 19:00:29 vinco kernel: [    0.346003] pci 0000:00:01.0: PME# suppo=
rted from D0 D3hot D3cold
Feb 17 19:00:29 vinco kernel: [    0.346097] pci 0000:00:02.0: [8086:0416=
] type 00 class 0x030000
Feb 17 19:00:29 vinco kernel: [    0.346105] pci 0000:00:02.0: reg 0x10: =
[mem 0xf7400000-0xf77fffff 64bit]
Feb 17 19:00:29 vinco kernel: [    0.346109] pci 0000:00:02.0: reg 0x18: =
[mem 0xd0000000-0xdfffffff 64bit pref]
Feb 17 19:00:29 vinco kernel: [    0.346112] pci 0000:00:02.0: reg 0x20: =
[io  0xf000-0xf03f]
Feb 17 19:00:29 vinco kernel: [    0.346121] pci 0000:00:02.0: BAR 2: ass=
igned to efifb
Feb 17 19:00:29 vinco kernel: [    0.346176] pci 0000:00:03.0: [8086:0c0c=
] type 00 class 0x040300
Feb 17 19:00:29 vinco kernel: [    0.346183] pci 0000:00:03.0: reg 0x10: =
[mem 0xf7a14000-0xf7a17fff 64bit]
Feb 17 19:00:29 vinco kernel: [    0.346263] pci 0000:00:14.0: [8086:8c31=
] type 00 class 0x0c0330
Feb 17 19:00:29 vinco kernel: [    0.346281] pci 0000:00:14.0: reg 0x10: =
[mem 0xf7a00000-0xf7a0ffff 64bit]
Feb 17 19:00:29 vinco kernel: [    0.346332] pci 0000:00:14.0: PME# suppo=
rted from D3hot D3cold
Feb 17 19:00:29 vinco kernel: [    0.346389] pci 0000:00:16.0: [8086:8c3a=
] type 00 class 0x078000
Feb 17 19:00:29 vinco kernel: [    0.346407] pci 0000:00:16.0: reg 0x10: =
[mem 0xf7a1e000-0xf7a1e00f 64bit]
Feb 17 19:00:29 vinco kernel: [    0.346461] pci 0000:00:16.0: PME# suppo=
rted from D0 D3hot D3cold
Feb 17 19:00:29 vinco kernel: [    0.346518] pci 0000:00:1a.0: [8086:8c2d=
] type 00 class 0x0c0320
Feb 17 19:00:29 vinco kernel: [    0.346536] pci 0000:00:1a.0: reg 0x10: =
[mem 0xf7a1c000-0xf7a1c3ff]
Feb 17 19:00:29 vinco kernel: [    0.346608] pci 0000:00:1a.0: PME# suppo=
rted from D0 D3hot D3cold
Feb 17 19:00:29 vinco kernel: [    0.346670] pci 0000:00:1b.0: [8086:8c20=
] type 00 class 0x040300
Feb 17 19:00:29 vinco kernel: [    0.346688] pci 0000:00:1b.0: reg 0x10: =
[mem 0xf7a10000-0xf7a13fff 64bit]
Feb 17 19:00:29 vinco kernel: [    0.346748] pci 0000:00:1b.0: PME# suppo=
rted from D0 D3hot D3cold
Feb 17 19:00:29 vinco kernel: [    0.346806] pci 0000:00:1c.0: [8086:8c10=
] type 01 class 0x060400
Feb 17 19:00:29 vinco kernel: [    0.346874] pci 0000:00:1c.0: PME# suppo=
rted from D0 D3hot D3cold
Feb 17 19:00:29 vinco kernel: [    0.346890] pci 0000:00:1c.0: Enabling M=
PC IRBNCE
Feb 17 19:00:29 vinco kernel: [    0.346893] pci 0000:00:1c.0: Intel PCH =
root port ACS workaround enabled
Feb 17 19:00:29 vinco kernel: [    0.346977] pci 0000:00:1c.1: [8086:8c12=
] type 01 class 0x060400
Feb 17 19:00:29 vinco kernel: [    0.347065] pci 0000:00:1c.1: PME# suppo=
rted from D0 D3hot D3cold
Feb 17 19:00:29 vinco kernel: [    0.347080] pci 0000:00:1c.1: Enabling M=
PC IRBNCE
Feb 17 19:00:29 vinco kernel: [    0.347082] pci 0000:00:1c.1: Intel PCH =
root port ACS workaround enabled
Feb 17 19:00:29 vinco kernel: [    0.347161] pci 0000:00:1c.2: [8086:8c14=
] type 01 class 0x060400
Feb 17 19:00:29 vinco kernel: [    0.347231] pci 0000:00:1c.2: PME# suppo=
rted from D0 D3hot D3cold
Feb 17 19:00:29 vinco kernel: [    0.347245] pci 0000:00:1c.2: Enabling M=
PC IRBNCE
Feb 17 19:00:29 vinco kernel: [    0.347247] pci 0000:00:1c.2: Intel PCH =
root port ACS workaround enabled
Feb 17 19:00:29 vinco kernel: [    0.347329] pci 0000:00:1c.3: [8086:8c16=
] type 01 class 0x060400
Feb 17 19:00:29 vinco kernel: [    0.347399] pci 0000:00:1c.3: PME# suppo=
rted from D0 D3hot D3cold
Feb 17 19:00:29 vinco kernel: [    0.347413] pci 0000:00:1c.3: Enabling M=
PC IRBNCE
Feb 17 19:00:29 vinco kernel: [    0.347415] pci 0000:00:1c.3: Intel PCH =
root port ACS workaround enabled
Feb 17 19:00:29 vinco kernel: [    0.347502] pci 0000:00:1d.0: [8086:8c26=
] type 00 class 0x0c0320
Feb 17 19:00:29 vinco kernel: [    0.347521] pci 0000:00:1d.0: reg 0x10: =
[mem 0xf7a1b000-0xf7a1b3ff]
Feb 17 19:00:29 vinco kernel: [    0.347595] pci 0000:00:1d.0: PME# suppo=
rted from D0 D3hot D3cold
Feb 17 19:00:29 vinco kernel: [    0.347658] pci 0000:00:1f.0: [8086:8c49=
] type 00 class 0x060100
Feb 17 19:00:29 vinco kernel: [    0.347804] pci 0000:00:1f.2: [8086:8c03=
] type 00 class 0x010601
Feb 17 19:00:29 vinco kernel: [    0.347818] pci 0000:00:1f.2: reg 0x10: =
[io  0xf0b0-0xf0b7]
Feb 17 19:00:29 vinco kernel: [    0.347824] pci 0000:00:1f.2: reg 0x14: =
[io  0xf0a0-0xf0a3]
Feb 17 19:00:29 vinco kernel: [    0.347830] pci 0000:00:1f.2: reg 0x18: =
[io  0xf090-0xf097]
Feb 17 19:00:29 vinco kernel: [    0.347836] pci 0000:00:1f.2: reg 0x1c: =
[io  0xf080-0xf083]
Feb 17 19:00:29 vinco kernel: [    0.347842] pci 0000:00:1f.2: reg 0x20: =
[io  0xf060-0xf07f]
Feb 17 19:00:29 vinco kernel: [    0.347848] pci 0000:00:1f.2: reg 0x24: =
[mem 0xf7a1a000-0xf7a1a7ff]
Feb 17 19:00:29 vinco kernel: [    0.347878] pci 0000:00:1f.2: PME# suppo=
rted from D3hot
Feb 17 19:00:29 vinco kernel: [    0.347931] pci 0000:00:1f.3: [8086:8c22=
] type 00 class 0x0c0500
Feb 17 19:00:29 vinco kernel: [    0.347947] pci 0000:00:1f.3: reg 0x10: =
[mem 0xf7a19000-0xf7a190ff 64bit]
Feb 17 19:00:29 vinco kernel: [    0.347964] pci 0000:00:1f.3: reg 0x20: =
[io  0xf040-0xf05f]
Feb 17 19:00:29 vinco kernel: [    0.348067] pci 0000:01:00.0: [10de:1392=
] type 00 class 0x030200
Feb 17 19:00:29 vinco kernel: [    0.348091] pci 0000:01:00.0: reg 0x10: =
[mem 0xf6000000-0xf6ffffff]
Feb 17 19:00:29 vinco kernel: [    0.348107] pci 0000:01:00.0: reg 0x14: =
[mem 0xe0000000-0xefffffff 64bit pref]
Feb 17 19:00:29 vinco kernel: [    0.348122] pci 0000:01:00.0: reg 0x1c: =
[mem 0xf0000000-0xf1ffffff 64bit pref]
Feb 17 19:00:29 vinco kernel: [    0.348132] pci 0000:01:00.0: reg 0x24: =
[io  0xe000-0xe07f]
Feb 17 19:00:29 vinco kernel: [    0.348143] pci 0000:01:00.0: reg 0x30: =
[mem 0xf7000000-0xf707ffff pref]
Feb 17 19:00:29 vinco kernel: [    0.348160] pci 0000:01:00.0: Enabling H=
DA controller
Feb 17 19:00:29 vinco kernel: [    0.348312] pci 0000:00:01.0: PCI bridge=
 to [bus 01]
Feb 17 19:00:29 vinco kernel: [    0.348313] pci 0000:00:01.0:   bridge w=
indow [io  0xe000-0xefff]
Feb 17 19:00:29 vinco kernel: [    0.348315] pci 0000:00:01.0:   bridge w=
indow [mem 0xf6000000-0xf70fffff]
Feb 17 19:00:29 vinco kernel: [    0.348317] pci 0000:00:01.0:   bridge w=
indow [mem 0xe0000000-0xf1ffffff 64bit pref]
Feb 17 19:00:29 vinco kernel: [    0.348362] acpiphp: Slot [1] registered=

Feb 17 19:00:29 vinco kernel: [    0.348367] pci 0000:00:1c.0: PCI bridge=
 to [bus 02]
Feb 17 19:00:29 vinco kernel: [    0.348421] pci 0000:00:1c.1: PCI bridge=
 to [bus 03]
Feb 17 19:00:29 vinco kernel: [    0.348517] pci 0000:04:00.0: [8086:08b1=
] type 00 class 0x028000
Feb 17 19:00:29 vinco kernel: [    0.348593] pci 0000:04:00.0: reg 0x10: =
[mem 0xf7900000-0xf7901fff 64bit]
Feb 17 19:00:29 vinco kernel: [    0.348857] pci 0000:04:00.0: PME# suppo=
rted from D0 D3hot D3cold
Feb 17 19:00:29 vinco kernel: [    0.349058] pci 0000:00:1c.2: PCI bridge=
 to [bus 04]
Feb 17 19:00:29 vinco kernel: [    0.349063] pci 0000:00:1c.2:   bridge w=
indow [mem 0xf7900000-0xf79fffff]
Feb 17 19:00:29 vinco kernel: [    0.349127] pci 0000:05:00.0: [10ec:5287=
] type 00 class 0xff0000
Feb 17 19:00:29 vinco kernel: [    0.349157] pci 0000:05:00.0: reg 0x10: =
[mem 0xf7815000-0xf7815fff]
Feb 17 19:00:29 vinco kernel: [    0.349217] pci 0000:05:00.0: reg 0x30: =
[mem 0xf7800000-0xf780ffff pref]
Feb 17 19:00:29 vinco kernel: [    0.349311] pci 0000:05:00.0: supports D=
1 D2
Feb 17 19:00:29 vinco kernel: [    0.349312] pci 0000:05:00.0: PME# suppo=
rted from D1 D2 D3hot D3cold
Feb 17 19:00:29 vinco kernel: [    0.349419] pci 0000:05:00.1: [10ec:8168=
] type 00 class 0x020000
Feb 17 19:00:29 vinco kernel: [    0.349448] pci 0000:05:00.1: reg 0x10: =
[io  0xd000-0xd0ff]
Feb 17 19:00:29 vinco kernel: [    0.349475] pci 0000:05:00.1: reg 0x18: =
[mem 0xf7814000-0xf7814fff 64bit]
Feb 17 19:00:29 vinco kernel: [    0.349492] pci 0000:05:00.1: reg 0x20: =
[mem 0xf7810000-0xf7813fff 64bit]
Feb 17 19:00:29 vinco kernel: [    0.349590] pci 0000:05:00.1: supports D=
1 D2
Feb 17 19:00:29 vinco kernel: [    0.349591] pci 0000:05:00.1: PME# suppo=
rted from D0 D1 D2 D3hot D3cold
Feb 17 19:00:29 vinco kernel: [    0.349720] pci 0000:00:1c.3: PCI bridge=
 to [bus 05]
Feb 17 19:00:29 vinco kernel: [    0.349722] pci 0000:00:1c.3:   bridge w=
indow [io  0xd000-0xdfff]
Feb 17 19:00:29 vinco kernel: [    0.349725] pci 0000:00:1c.3:   bridge w=
indow [mem 0xf7800000-0xf78fffff]
Feb 17 19:00:29 vinco kernel: [    0.350286] ACPI: PCI Interrupt Link [LN=
KA] (IRQs 3 4 5 6 7 10 *11 12)
Feb 17 19:00:29 vinco kernel: [    0.350320] ACPI: PCI Interrupt Link [LN=
KB] (IRQs *3 4 5 6 7 10 12)
Feb 17 19:00:29 vinco kernel: [    0.350352] ACPI: PCI Interrupt Link [LN=
KC] (IRQs 3 *4 5 6 7 10 12)
Feb 17 19:00:29 vinco kernel: [    0.350383] ACPI: PCI Interrupt Link [LN=
KD] (IRQs 3 4 5 6 7 *10 12)
Feb 17 19:00:29 vinco kernel: [    0.350414] ACPI: PCI Interrupt Link [LN=
KE] (IRQs 3 4 5 6 7 10 12) *0, disabled.
Feb 17 19:00:29 vinco kernel: [    0.350445] ACPI: PCI Interrupt Link [LN=
KF] (IRQs 3 4 5 6 7 10 12) *0, disabled.
Feb 17 19:00:29 vinco kernel: [    0.350475] ACPI: PCI Interrupt Link [LN=
KG] (IRQs 3 4 *5 6 7 10 12)
Feb 17 19:00:29 vinco kernel: [    0.350506] ACPI: PCI Interrupt Link [LN=
KH] (IRQs 3 4 5 6 7 *10 12)
Feb 17 19:00:29 vinco kernel: [    0.350768] ACPI: EC: interrupt unblocke=
d
Feb 17 19:00:29 vinco kernel: [    0.350774] ACPI: EC: event unblocked
Feb 17 19:00:29 vinco kernel: [    0.350791] ACPI: \_SB_.PCI0.LPCB.EC0_: =
GPE=3D0x19, EC_CMD/EC_SC=3D0x66, EC_DATA=3D0x62
Feb 17 19:00:29 vinco kernel: [    0.350792] ACPI: \_SB_.PCI0.LPCB.EC0_: =
Boot DSDT EC used to handle transactions and events
Feb 17 19:00:29 vinco kernel: [    0.350836] iommu: Default domain type: =
Translated=20
Feb 17 19:00:29 vinco kernel: [    0.350844] pci 0000:00:02.0: vgaarb: se=
tting as boot VGA device
Feb 17 19:00:29 vinco kernel: [    0.350844] pci 0000:00:02.0: vgaarb: VG=
A device added: decodes=3Dio+mem,owns=3Dio+mem,locks=3Dnone
Feb 17 19:00:29 vinco kernel: [    0.350844] pci 0000:00:02.0: vgaarb: br=
idge control possible
Feb 17 19:00:29 vinco kernel: [    0.350844] vgaarb: loaded
Feb 17 19:00:29 vinco kernel: [    0.350844] EDAC MC: Ver: 3.0.0
Feb 17 19:00:29 vinco kernel: [    0.350844] Registered efivars operation=
s
Feb 17 19:00:29 vinco kernel: [    0.350844] PCI: Using ACPI for IRQ rout=
ing
Feb 17 19:00:29 vinco kernel: [    0.350844] PCI: pci_cache_line_size set=
 to 64 bytes
Feb 17 19:00:29 vinco kernel: [    0.352293] e820: reserve RAM buffer [me=
m 0x00058000-0x0005ffff]
Feb 17 19:00:29 vinco kernel: [    0.352294] e820: reserve RAM buffer [me=
m 0x0009f000-0x0009ffff]
Feb 17 19:00:29 vinco kernel: [    0.352295] e820: reserve RAM buffer [me=
m 0xb9755000-0xbbffffff]
Feb 17 19:00:29 vinco kernel: [    0.352295] e820: reserve RAM buffer [me=
m 0xb9fd5000-0xbbffffff]
Feb 17 19:00:29 vinco kernel: [    0.352296] e820: reserve RAM buffer [me=
m 0xc98c6000-0xcbffffff]
Feb 17 19:00:29 vinco kernel: [    0.352297] e820: reserve RAM buffer [me=
m 0xc9e01000-0xcbffffff]
Feb 17 19:00:29 vinco kernel: [    0.352298] e820: reserve RAM buffer [me=
m 0xcb000000-0xcbffffff]
Feb 17 19:00:29 vinco kernel: [    0.352298] e820: reserve RAM buffer [me=
m 0x42f200000-0x42fffffff]
Feb 17 19:00:29 vinco kernel: [    0.352733] hpet0: at MMIO 0xfed00000, I=
RQs 2, 8, 0, 0, 0, 0, 0, 0
Feb 17 19:00:29 vinco kernel: [    0.352736] hpet0: 8 comparators, 64-bit=
 14.318180 MHz counter
Feb 17 19:00:29 vinco kernel: [    0.354758] clocksource: Switched to clo=
cksource tsc-early
Feb 17 19:00:29 vinco kernel: [    0.357784] VFS: Disk quotas dquot_6.6.0=

Feb 17 19:00:29 vinco kernel: [    0.357784] VFS: Dquot-cache hash table =
entries: 512 (order 0, 4096 bytes)
Feb 17 19:00:29 vinco kernel: [    0.357784] AppArmor: AppArmor Filesyste=
m Enabled
Feb 17 19:00:29 vinco kernel: [    0.357784] pnp: PnP ACPI init
Feb 17 19:00:29 vinco kernel: [    0.357784] system 00:00: [mem 0xfed4000=
0-0xfed44fff] has been reserved
Feb 17 19:00:29 vinco kernel: [    0.357784] system 00:00: Plug and Play =
ACPI device, IDs PNP0c01 (active)
Feb 17 19:00:29 vinco kernel: [    0.357784] system 00:01: [io  0x0680-0x=
069f] has been reserved
Feb 17 19:00:29 vinco kernel: [    0.357784] system 00:01: [io  0xffff] h=
as been reserved
Feb 17 19:00:29 vinco kernel: [    0.357784] system 00:01: [io  0xffff] h=
as been reserved
Feb 17 19:00:29 vinco kernel: [    0.357784] system 00:01: [io  0xffff] h=
as been reserved
Feb 17 19:00:29 vinco kernel: [    0.357784] system 00:01: [io  0x1c00-0x=
1cfe] has been reserved
Feb 17 19:00:29 vinco kernel: [    0.357784] system 00:01: [io  0x1d00-0x=
1dfe] has been reserved
Feb 17 19:00:29 vinco kernel: [    0.357784] system 00:01: [io  0x1e00-0x=
1efe] has been reserved
Feb 17 19:00:29 vinco kernel: [    0.357784] system 00:01: [io  0x1f00-0x=
1ffe] has been reserved
Feb 17 19:00:29 vinco kernel: [    0.357784] system 00:01: [io  0x1800-0x=
18fe] has been reserved
Feb 17 19:00:29 vinco kernel: [    0.357784] system 00:01: [io  0x164e-0x=
164f] has been reserved
Feb 17 19:00:29 vinco kernel: [    0.357784] system 00:01: Plug and Play =
ACPI device, IDs PNP0c02 (active)
Feb 17 19:00:29 vinco kernel: [    0.357784] pnp 00:02: Plug and Play ACP=
I device, IDs PNP0b00 (active)
Feb 17 19:00:29 vinco kernel: [    0.357784] system 00:03: [io  0x1854-0x=
1857] has been reserved
Feb 17 19:00:29 vinco kernel: [    0.357784] system 00:03: Plug and Play =
ACPI device, IDs INT3f0d PNP0c02 (active)
Feb 17 19:00:29 vinco kernel: [    0.357784] system 00:04: [io  0x04d0-0x=
04d1] has been reserved
Feb 17 19:00:29 vinco kernel: [    0.357784] system 00:04: Plug and Play =
ACPI device, IDs PNP0c02 (active)
Feb 17 19:00:29 vinco kernel: [    0.357784] system 00:05: [io  0x0240-0x=
0259] has been reserved
Feb 17 19:00:29 vinco kernel: [    0.357784] system 00:05: Plug and Play =
ACPI device, IDs PNP0c02 (active)
Feb 17 19:00:29 vinco kernel: [    0.357784] pnp 00:06: Plug and Play ACP=
I device, IDs ETD0108 SYN0a00 SYN0002 PNP0f03 PNP0f13 PNP0f12 (active)
Feb 17 19:00:29 vinco kernel: [    0.357784] pnp 00:07: Plug and Play ACP=
I device, IDs ATK3001 PNP030b (active)
Feb 17 19:00:29 vinco kernel: [    0.360326] system 00:08: [mem 0xfed1c00=
0-0xfed1ffff] has been reserved
Feb 17 19:00:29 vinco kernel: [    0.360327] system 00:08: [mem 0xfed1000=
0-0xfed17fff] has been reserved
Feb 17 19:00:29 vinco kernel: [    0.360328] system 00:08: [mem 0xfed1800=
0-0xfed18fff] has been reserved
Feb 17 19:00:29 vinco kernel: [    0.360329] system 00:08: [mem 0xfed1900=
0-0xfed19fff] has been reserved
Feb 17 19:00:29 vinco kernel: [    0.360330] system 00:08: [mem 0xf800000=
0-0xfbffffff] has been reserved
Feb 17 19:00:29 vinco kernel: [    0.360331] system 00:08: [mem 0xfed2000=
0-0xfed3ffff] has been reserved
Feb 17 19:00:29 vinco kernel: [    0.360332] system 00:08: [mem 0xfed9000=
0-0xfed93fff] could not be reserved
Feb 17 19:00:29 vinco kernel: [    0.360332] system 00:08: [mem 0xfed4500=
0-0xfed8ffff] has been reserved
Feb 17 19:00:29 vinco kernel: [    0.360333] system 00:08: [mem 0xff00000=
0-0xffffffff] has been reserved
Feb 17 19:00:29 vinco kernel: [    0.360334] system 00:08: [mem 0xfee0000=
0-0xfeefffff] could not be reserved
Feb 17 19:00:29 vinco kernel: [    0.360335] system 00:08: [mem 0xf7fdf00=
0-0xf7fdffff] has been reserved
Feb 17 19:00:29 vinco kernel: [    0.360336] system 00:08: [mem 0xf7fe000=
0-0xf7feffff] has been reserved
Feb 17 19:00:29 vinco kernel: [    0.360338] system 00:08: Plug and Play =
ACPI device, IDs PNP0c02 (active)
Feb 17 19:00:29 vinco kernel: [    0.360394] system 00:09: Plug and Play =
ACPI device, IDs PNP0c02 (active)
Feb 17 19:00:29 vinco kernel: [    0.360605] pnp: PnP ACPI: found 10 devi=
ces
Feb 17 19:00:29 vinco kernel: [    0.361384] thermal_sys: Registered ther=
mal governor 'fair_share'
Feb 17 19:00:29 vinco kernel: [    0.361385] thermal_sys: Registered ther=
mal governor 'bang_bang'
Feb 17 19:00:29 vinco kernel: [    0.361385] thermal_sys: Registered ther=
mal governor 'step_wise'
Feb 17 19:00:29 vinco kernel: [    0.361385] thermal_sys: Registered ther=
mal governor 'user_space'
Feb 17 19:00:29 vinco kernel: [    0.365875] clocksource: acpi_pm: mask: =
0xffffff max_cycles: 0xffffff, max_idle_ns: 2085701024 ns
Feb 17 19:00:29 vinco kernel: [    0.365897] pci 0000:00:1c.1: bridge win=
dow [io  0x1000-0x0fff] to [bus 03] add_size 1000
Feb 17 19:00:29 vinco kernel: [    0.365899] pci 0000:00:1c.1: bridge win=
dow [mem 0x00100000-0x000fffff 64bit pref] to [bus 03] add_size 200000 ad=
d_align 100000
Feb 17 19:00:29 vinco kernel: [    0.365900] pci 0000:00:1c.1: bridge win=
dow [mem 0x00100000-0x000fffff] to [bus 03] add_size 200000 add_align 100=
000
Feb 17 19:00:29 vinco kernel: [    0.365905] pci 0000:00:1c.1: BAR 14: as=
signed [mem 0xcfe00000-0xcfffffff]
Feb 17 19:00:29 vinco kernel: [    0.365909] pci 0000:00:1c.1: BAR 15: as=
signed [mem 0xf2000000-0xf21fffff 64bit pref]
Feb 17 19:00:29 vinco kernel: [    0.365911] pci 0000:00:1c.1: BAR 13: as=
signed [io  0x2000-0x2fff]
Feb 17 19:00:29 vinco kernel: [    0.365913] pci 0000:00:01.0: PCI bridge=
 to [bus 01]
Feb 17 19:00:29 vinco kernel: [    0.365914] pci 0000:00:01.0:   bridge w=
indow [io  0xe000-0xefff]
Feb 17 19:00:29 vinco kernel: [    0.365916] pci 0000:00:01.0:   bridge w=
indow [mem 0xf6000000-0xf70fffff]
Feb 17 19:00:29 vinco kernel: [    0.365917] pci 0000:00:01.0:   bridge w=
indow [mem 0xe0000000-0xf1ffffff 64bit pref]
Feb 17 19:00:29 vinco kernel: [    0.365920] pci 0000:00:1c.0: PCI bridge=
 to [bus 02]
Feb 17 19:00:29 vinco kernel: [    0.365928] pci 0000:00:1c.1: PCI bridge=
 to [bus 03]
Feb 17 19:00:29 vinco kernel: [    0.365930] pci 0000:00:1c.1:   bridge w=
indow [io  0x2000-0x2fff]
Feb 17 19:00:29 vinco kernel: [    0.365934] pci 0000:00:1c.1:   bridge w=
indow [mem 0xcfe00000-0xcfffffff]
Feb 17 19:00:29 vinco kernel: [    0.365937] pci 0000:00:1c.1:   bridge w=
indow [mem 0xf2000000-0xf21fffff 64bit pref]
Feb 17 19:00:29 vinco kernel: [    0.365941] pci 0000:00:1c.2: PCI bridge=
 to [bus 04]
Feb 17 19:00:29 vinco kernel: [    0.365945] pci 0000:00:1c.2:   bridge w=
indow [mem 0xf7900000-0xf79fffff]
Feb 17 19:00:29 vinco kernel: [    0.365951] pci 0000:00:1c.3: PCI bridge=
 to [bus 05]
Feb 17 19:00:29 vinco kernel: [    0.365953] pci 0000:00:1c.3:   bridge w=
indow [io  0xd000-0xdfff]
Feb 17 19:00:29 vinco kernel: [    0.365956] pci 0000:00:1c.3:   bridge w=
indow [mem 0xf7800000-0xf78fffff]
Feb 17 19:00:29 vinco kernel: [    0.365963] pci_bus 0000:00: resource 4 =
[io  0x0000-0x0cf7 window]
Feb 17 19:00:29 vinco kernel: [    0.365964] pci_bus 0000:00: resource 5 =
[io  0x0d00-0xffff window]
Feb 17 19:00:29 vinco kernel: [    0.365965] pci_bus 0000:00: resource 6 =
[mem 0x000a0000-0x000bffff window]
Feb 17 19:00:29 vinco kernel: [    0.365965] pci_bus 0000:00: resource 7 =
[mem 0x000d0000-0x000d3fff window]
Feb 17 19:00:29 vinco kernel: [    0.365966] pci_bus 0000:00: resource 8 =
[mem 0x000d4000-0x000d7fff window]
Feb 17 19:00:29 vinco kernel: [    0.365967] pci_bus 0000:00: resource 9 =
[mem 0x000d8000-0x000dbfff window]
Feb 17 19:00:29 vinco kernel: [    0.365967] pci_bus 0000:00: resource 10=
 [mem 0x000dc000-0x000dffff window]
Feb 17 19:00:29 vinco kernel: [    0.365968] pci_bus 0000:00: resource 11=
 [mem 0xcfe00000-0xfeafffff window]
Feb 17 19:00:29 vinco kernel: [    0.365969] pci_bus 0000:01: resource 0 =
[io  0xe000-0xefff]
Feb 17 19:00:29 vinco kernel: [    0.365969] pci_bus 0000:01: resource 1 =
[mem 0xf6000000-0xf70fffff]
Feb 17 19:00:29 vinco kernel: [    0.365970] pci_bus 0000:01: resource 2 =
[mem 0xe0000000-0xf1ffffff 64bit pref]
Feb 17 19:00:29 vinco kernel: [    0.365971] pci_bus 0000:03: resource 0 =
[io  0x2000-0x2fff]
Feb 17 19:00:29 vinco kernel: [    0.365972] pci_bus 0000:03: resource 1 =
[mem 0xcfe00000-0xcfffffff]
Feb 17 19:00:29 vinco kernel: [    0.365972] pci_bus 0000:03: resource 2 =
[mem 0xf2000000-0xf21fffff 64bit pref]
Feb 17 19:00:29 vinco kernel: [    0.365973] pci_bus 0000:04: resource 1 =
[mem 0xf7900000-0xf79fffff]
Feb 17 19:00:29 vinco kernel: [    0.365974] pci_bus 0000:05: resource 0 =
[io  0xd000-0xdfff]
Feb 17 19:00:29 vinco kernel: [    0.365975] pci_bus 0000:05: resource 1 =
[mem 0xf7800000-0xf78fffff]
Feb 17 19:00:29 vinco kernel: [    0.366055] NET: Registered protocol fam=
ily 2
Feb 17 19:00:29 vinco kernel: [    0.366140] tcp_listen_portaddr_hash has=
h table entries: 8192 (order: 5, 131072 bytes, linear)
Feb 17 19:00:29 vinco kernel: [    0.366156] TCP established hash table e=
ntries: 131072 (order: 8, 1048576 bytes, linear)
Feb 17 19:00:29 vinco kernel: [    0.366250] TCP bind hash table entries:=
 65536 (order: 8, 1048576 bytes, linear)
Feb 17 19:00:29 vinco kernel: [    0.366345] TCP: Hash tables configured =
(established 131072 bind 65536)
Feb 17 19:00:29 vinco kernel: [    0.366364] UDP hash table entries: 8192=
 (order: 6, 262144 bytes, linear)
Feb 17 19:00:29 vinco kernel: [    0.366390] UDP-Lite hash table entries:=
 8192 (order: 6, 262144 bytes, linear)
Feb 17 19:00:29 vinco kernel: [    0.366440] NET: Registered protocol fam=
ily 1
Feb 17 19:00:29 vinco kernel: [    0.366442] NET: Registered protocol fam=
ily 44
Feb 17 19:00:29 vinco kernel: [    0.366450] pci 0000:00:02.0: Video devi=
ce with shadowed ROM at [mem 0x000c0000-0x000dffff]
Feb 17 19:00:29 vinco kernel: [    0.366822] PCI: CLS 64 bytes, default 6=
4
Feb 17 19:00:29 vinco kernel: [    0.366847] Trying to unpack rootfs imag=
e as initramfs...
Feb 17 19:00:29 vinco kernel: [    0.977767] Freeing initrd memory: 57904=
K
Feb 17 19:00:29 vinco kernel: [    0.977805] DMAR: No ATSR found
Feb 17 19:00:29 vinco kernel: [    0.977853] DMAR: dmar0: Using Queued in=
validation
Feb 17 19:00:29 vinco kernel: [    0.977858] DMAR: dmar1: Using Queued in=
validation
Feb 17 19:00:29 vinco kernel: [    1.050212] pci 0000:00:00.0: Adding to =
iommu group 0
Feb 17 19:00:29 vinco kernel: [    1.050257] pci 0000:00:01.0: Adding to =
iommu group 1
Feb 17 19:00:29 vinco kernel: [    1.054849] pci 0000:00:02.0: Adding to =
iommu group 2
Feb 17 19:00:29 vinco kernel: [    1.054898] pci 0000:00:02.0: Using iomm=
u direct mapping
Feb 17 19:00:29 vinco kernel: [    1.054930] pci 0000:00:03.0: Adding to =
iommu group 3
Feb 17 19:00:29 vinco kernel: [    1.054986] pci 0000:00:14.0: Adding to =
iommu group 4
Feb 17 19:00:29 vinco kernel: [    1.055032] pci 0000:00:16.0: Adding to =
iommu group 5
Feb 17 19:00:29 vinco kernel: [    1.055087] pci 0000:00:1a.0: Adding to =
iommu group 6
Feb 17 19:00:29 vinco kernel: [    1.055132] pci 0000:00:1b.0: Adding to =
iommu group 7
Feb 17 19:00:29 vinco kernel: [    1.055171] pci 0000:00:1c.0: Adding to =
iommu group 8
Feb 17 19:00:29 vinco kernel: [    1.055217] pci 0000:00:1c.1: Adding to =
iommu group 9
Feb 17 19:00:29 vinco kernel: [    1.055258] pci 0000:00:1c.2: Adding to =
iommu group 10
Feb 17 19:00:29 vinco kernel: [    1.055295] pci 0000:00:1c.3: Adding to =
iommu group 11
Feb 17 19:00:29 vinco kernel: [    1.055356] pci 0000:00:1d.0: Adding to =
iommu group 12
Feb 17 19:00:29 vinco kernel: [    1.056513] pci 0000:00:1f.0: Adding to =
iommu group 13
Feb 17 19:00:29 vinco kernel: [    1.056522] pci 0000:00:1f.2: Adding to =
iommu group 13
Feb 17 19:00:29 vinco kernel: [    1.056529] pci 0000:00:1f.3: Adding to =
iommu group 13
Feb 17 19:00:29 vinco kernel: [    1.056538] pci 0000:01:00.0: Adding to =
iommu group 1
Feb 17 19:00:29 vinco kernel: [    1.056586] pci 0000:04:00.0: Adding to =
iommu group 14
Feb 17 19:00:29 vinco kernel: [    1.056645] pci 0000:05:00.0: Adding to =
iommu group 15
Feb 17 19:00:29 vinco kernel: [    1.056664] pci 0000:05:00.1: Adding to =
iommu group 15
Feb 17 19:00:29 vinco kernel: [    1.056701] DMAR: Intel(R) Virtualizatio=
n Technology for Directed I/O
Feb 17 19:00:29 vinco kernel: [    1.058211] Initialise system trusted ke=
yrings
Feb 17 19:00:29 vinco kernel: [    1.058219] Key type blacklist registere=
d
Feb 17 19:00:29 vinco kernel: [    1.058239] workingset: timestamp_bits=3D=
40 max_order=3D22 bucket_order=3D0
Feb 17 19:00:29 vinco kernel: [    1.059074] zbud: loaded
Feb 17 19:00:29 vinco kernel: [    1.059239] Platform Keyring initialized=

Feb 17 19:00:29 vinco kernel: [    1.059241] Key type asymmetric register=
ed
Feb 17 19:00:29 vinco kernel: [    1.059242] Asymmetric key parser 'x509'=
 registered
Feb 17 19:00:29 vinco kernel: [    1.059247] Block layer SCSI generic (bs=
g) driver version 0.4 loaded (major 250)
Feb 17 19:00:29 vinco kernel: [    1.059276] io scheduler mq-deadline reg=
istered
Feb 17 19:00:29 vinco kernel: [    1.059502] pcieport 0000:00:01.0: PME: =
Signaling with IRQ 26
Feb 17 19:00:29 vinco kernel: [    1.059626] pcieport 0000:00:1c.0: PME: =
Signaling with IRQ 27
Feb 17 19:00:29 vinco kernel: [    1.059764] pcieport 0000:00:1c.1: PME: =
Signaling with IRQ 28
Feb 17 19:00:29 vinco kernel: [    1.059781] pcieport 0000:00:1c.1: pcieh=
p: Slot #1 AttnBtn- PwrCtrl- MRL- AttnInd- PwrInd- HotPlug+ Surprise+ Int=
erlock- NoCompl+ LLActRep+
Feb 17 19:00:29 vinco kernel: [    1.059935] pcieport 0000:00:1c.2: PME: =
Signaling with IRQ 29
Feb 17 19:00:29 vinco kernel: [    1.060062] pcieport 0000:00:1c.3: PME: =
Signaling with IRQ 30
Feb 17 19:00:29 vinco kernel: [    1.060113] shpchp: Standard Hot Plug PC=
I Controller Driver version: 0.4
Feb 17 19:00:29 vinco kernel: [    1.060123] efifb: probing for efifb
Feb 17 19:00:29 vinco kernel: [    1.060138] efifb: framebuffer at 0xd000=
0000, using 3072k, total 3072k
Feb 17 19:00:29 vinco kernel: [    1.060139] efifb: mode is 1024x768x32, =
linelength=3D4096, pages=3D1
Feb 17 19:00:29 vinco kernel: [    1.060139] efifb: scrolling: redraw
Feb 17 19:00:29 vinco kernel: [    1.060140] efifb: Truecolor: size=3D8:8=
:8:8, shift=3D24:16:8:0
Feb 17 19:00:29 vinco kernel: [    1.060196] Console: switching to colour=
 frame buffer device 128x48
Feb 17 19:00:29 vinco kernel: [    1.061474] fb0: EFI VGA frame buffer de=
vice
Feb 17 19:00:29 vinco kernel: [    1.061479] intel_idle: MWAIT substates:=
 0x42120
Feb 17 19:00:29 vinco kernel: [    1.061480] intel_idle: v0.4.1 model 0x3=
C
Feb 17 19:00:29 vinco kernel: [    1.061727] intel_idle: lapic_timer_reli=
able_states 0xffffffff
Feb 17 19:00:29 vinco kernel: [    1.062565] thermal LNXTHERM:00: registe=
red as thermal_zone0
Feb 17 19:00:29 vinco kernel: [    1.062566] ACPI: Thermal Zone [THRM] (5=
0 C)
Feb 17 19:00:29 vinco kernel: [    1.062714] Serial: 8250/16550 driver, 4=
 ports, IRQ sharing enabled
Feb 17 19:00:29 vinco kernel: [    1.063218] Linux agpgart interface v0.1=
03
Feb 17 19:00:29 vinco kernel: [    1.063255] AMD-Vi: AMD IOMMUv2 driver b=
y Joerg Roedel <jroedel@suse.de>
Feb 17 19:00:29 vinco kernel: [    1.063255] AMD-Vi: AMD IOMMUv2 function=
ality not available on this system
Feb 17 19:00:29 vinco kernel: [    1.063588] i8042: PNP: PS/2 Controller =
[PNP030b:PS2K,PNP0f03:PS2M] at 0x60,0x64 irq 1,12
Feb 17 19:00:29 vinco kernel: [    1.065927] i8042: Detected active multi=
plexing controller, rev 1.1
Feb 17 19:00:29 vinco kernel: [    1.068432] serio: i8042 KBD port at 0x6=
0,0x64 irq 1
Feb 17 19:00:29 vinco kernel: [    1.068434] serio: i8042 AUX0 port at 0x=
60,0x64 irq 12
Feb 17 19:00:29 vinco kernel: [    1.068451] serio: i8042 AUX1 port at 0x=
60,0x64 irq 12
Feb 17 19:00:29 vinco kernel: [    1.068461] serio: i8042 AUX2 port at 0x=
60,0x64 irq 12
Feb 17 19:00:29 vinco kernel: [    1.068471] serio: i8042 AUX3 port at 0x=
60,0x64 irq 12
Feb 17 19:00:29 vinco kernel: [    1.068548] mousedev: PS/2 mouse device =
common for all mice
Feb 17 19:00:29 vinco kernel: [    1.068585] rtc_cmos 00:02: RTC can wake=
 from S4
Feb 17 19:00:29 vinco kernel: [    1.068736] rtc_cmos 00:02: registered a=
s rtc0
Feb 17 19:00:29 vinco kernel: [    1.068754] rtc_cmos 00:02: alarms up to=
 one month, y3k, 242 bytes nvram, hpet irqs
Feb 17 19:00:29 vinco kernel: [    1.068761] intel_pstate: Intel P-state =
driver initializing
Feb 17 19:00:29 vinco kernel: [    1.069369] ledtrig-cpu: registered to i=
ndicate activity on CPUs
Feb 17 19:00:29 vinco kernel: [    1.069693] drop_monitor: Initializing n=
etwork drop monitor service
Feb 17 19:00:29 vinco kernel: [    1.070100] NET: Registered protocol fam=
ily 10
Feb 17 19:00:29 vinco kernel: [    1.085750] Segment Routing with IPv6
Feb 17 19:00:29 vinco kernel: [    1.085772] mip6: Mobile IPv6
Feb 17 19:00:29 vinco kernel: [    1.085774] NET: Registered protocol fam=
ily 17
Feb 17 19:00:29 vinco kernel: [    1.085843] mpls_gso: MPLS GSO support
Feb 17 19:00:29 vinco kernel: [    1.086291] microcode: sig=3D0x306c3, pf=
=3D0x20, revision=3D0x27
Feb 17 19:00:29 vinco kernel: [    1.086466] microcode: Microcode Update =
Driver: v2.2.
Feb 17 19:00:29 vinco kernel: [    1.086477] IPI shorthand broadcast: ena=
bled
Feb 17 19:00:29 vinco kernel: [    1.086482] sched_clock: Marking stable =
(1086035090, 195746)->(1093236631, -7005795)
Feb 17 19:00:29 vinco kernel: [    1.086622] registered taskstats version=
 1
Feb 17 19:00:29 vinco kernel: [    1.086623] Loading compiled-in X.509 ce=
rtificates
Feb 17 19:00:29 vinco kernel: [    1.109359] input: AT Translated Set 2 k=
eyboard as /devices/platform/i8042/serio0/input/input0
Feb 17 19:00:29 vinco kernel: [    1.117180] Loaded X.509 cert 'Debian Se=
cure Boot CA: 6ccece7e4c6c0d1f6149f3dd27dfcc5cbb419ea1'
Feb 17 19:00:29 vinco kernel: [    1.117192] Loaded X.509 cert 'Debian Se=
cure Boot Signer: 00a7468def'
Feb 17 19:00:29 vinco kernel: [    1.117209] zswap: loaded using pool lzo=
/zbud
Feb 17 19:00:29 vinco kernel: [    1.117358] Key type ._fscrypt registere=
d
Feb 17 19:00:29 vinco kernel: [    1.117358] Key type .fscrypt registered=

Feb 17 19:00:29 vinco kernel: [    1.117369] AppArmor: AppArmor sha1 poli=
cy hashing enabled
Feb 17 19:00:29 vinco kernel: [    1.117687] integrity: Loading X.509 cer=
tificate: UEFI:db
Feb 17 19:00:29 vinco kernel: [    1.117857] integrity: Loaded X.509 cert=
 'ASUSTeK Notebook SW Key Certificate: b8e581e4df77a5bb4282d5ccfc00c071'
Feb 17 19:00:29 vinco kernel: [    1.117857] integrity: Loading X.509 cer=
tificate: UEFI:db
Feb 17 19:00:29 vinco kernel: [    1.118011] integrity: Loaded X.509 cert=
 'ASUSTeK MotherBoard SW Key Certificate: da83b990422ebc8c441f8d8b039a65a=
2'
Feb 17 19:00:29 vinco kernel: [    1.118012] integrity: Loading X.509 cer=
tificate: UEFI:db
Feb 17 19:00:29 vinco kernel: [    1.118026] integrity: Loaded X.509 cert=
 'Microsoft Corporation UEFI CA 2011: 13adbf4309bd82709c8cd54f316ed522988=
a1bd4'
Feb 17 19:00:29 vinco kernel: [    1.118026] integrity: Loading X.509 cer=
tificate: UEFI:db
Feb 17 19:00:29 vinco kernel: [    1.118038] integrity: Loaded X.509 cert=
 'Microsoft Windows Production PCA 2011: a92902398e16c49778cd90f99e4f9ae1=
7c55af53'
Feb 17 19:00:29 vinco kernel: [    1.118039] integrity: Loading X.509 cer=
tificate: UEFI:db
Feb 17 19:00:29 vinco kernel: [    1.118225] integrity: Loaded X.509 cert=
 'Canonical Ltd. Master Certificate Authority: ad91990bc22ab1f517048c23b6=
655a268e345a63'
Feb 17 19:00:29 vinco kernel: [    1.118895] rtc_cmos 00:02: setting syst=
em clock to 2020-02-17T17:00:24 UTC (1581958824)
Feb 17 19:00:29 vinco kernel: [    1.119586] Freeing unused kernel image =
memory: 1672K
Feb 17 19:00:29 vinco kernel: [    1.160409] Write protecting the kernel =
read-only data: 16384k
Feb 17 19:00:29 vinco kernel: [    1.161279] Freeing unused kernel image =
memory: 2036K
Feb 17 19:00:29 vinco kernel: [    1.161548] Freeing unused kernel image =
memory: 360K
Feb 17 19:00:29 vinco kernel: [    1.176443] x86/mm: Checked W+X mappings=
: passed, no W+X pages found.
Feb 17 19:00:29 vinco kernel: [    1.176444] x86/mm: Checking user space =
page tables
Feb 17 19:00:29 vinco kernel: [    1.182537] x86/mm: Checked W+X mappings=
: passed, no W+X pages found.
Feb 17 19:00:29 vinco kernel: [    1.182538] Run /init as init process
Feb 17 19:00:29 vinco kernel: [    1.234863] input: Lid Switch as /device=
s/LNXSYSTM:00/LNXSYBUS:00/PNP0C0D:00/input/input4
Feb 17 19:00:29 vinco kernel: [    1.234887] ACPI: Lid Switch [LID]
Feb 17 19:00:29 vinco kernel: [    1.234940] input: Sleep Button as /devi=
ces/LNXSYSTM:00/LNXSYBUS:00/PNP0C0E:00/input/input5
Feb 17 19:00:29 vinco kernel: [    1.234977] ACPI: Sleep Button [SLPB]
Feb 17 19:00:29 vinco kernel: [    1.235018] input: Power Button as /devi=
ces/LNXSYSTM:00/LNXPWRBN:00/input/input6
Feb 17 19:00:29 vinco kernel: [    1.235048] ACPI: Power Button [PWRF]
Feb 17 19:00:29 vinco kernel: [    1.245767] ACPI Warning: SystemIO range=
 0x0000000000001828-0x000000000000182F conflicts with OpRegion 0x00000000=
00001800-0x000000000000184F (\GPIS) (20190816/utaddress-204)
Feb 17 19:00:29 vinco kernel: [    1.245772] ACPI Warning: SystemIO range=
 0x0000000000001828-0x000000000000182F conflicts with OpRegion 0x00000000=
00001800-0x000000000000187F (\PMIO) (20190816/utaddress-204)
Feb 17 19:00:29 vinco kernel: [    1.245776] ACPI: If an ACPI driver is a=
vailable for this device, you should use it instead of the native driver
Feb 17 19:00:29 vinco kernel: [    1.245780] ACPI Warning: SystemIO range=
 0x0000000000001C40-0x0000000000001C4F conflicts with OpRegion 0x00000000=
00001C00-0x0000000000001C5F (\_SB.PCI0.PEG0.PEGP.GPR) (20190816/utaddress=
-204)
Feb 17 19:00:29 vinco kernel: [    1.245783] ACPI Warning: SystemIO range=
 0x0000000000001C40-0x0000000000001C4F conflicts with OpRegion 0x00000000=
00001C00-0x0000000000001C7F (\GPIO) (20190816/utaddress-204)
Feb 17 19:00:29 vinco kernel: [    1.245786] ACPI Warning: SystemIO range=
 0x0000000000001C40-0x0000000000001C4F conflicts with OpRegion 0x00000000=
00001C00-0x0000000000001C63 (\GP01) (20190816/utaddress-204)
Feb 17 19:00:29 vinco kernel: [    1.245788] ACPI: If an ACPI driver is a=
vailable for this device, you should use it instead of the native driver
Feb 17 19:00:29 vinco kernel: [    1.245789] ACPI Warning: SystemIO range=
 0x0000000000001C30-0x0000000000001C3F conflicts with OpRegion 0x00000000=
00001C00-0x0000000000001C5F (\_SB.PCI0.PEG0.PEGP.GPR) (20190816/utaddress=
-204)
Feb 17 19:00:29 vinco kernel: [    1.245792] ACPI Warning: SystemIO range=
 0x0000000000001C30-0x0000000000001C3F conflicts with OpRegion 0x00000000=
00001C00-0x0000000000001C7F (\GPIO) (20190816/utaddress-204)
Feb 17 19:00:29 vinco kernel: [    1.245795] ACPI Warning: SystemIO range=
 0x0000000000001C30-0x0000000000001C3F conflicts with OpRegion 0x00000000=
00001C00-0x0000000000001C63 (\GP01) (20190816/utaddress-204)
Feb 17 19:00:29 vinco kernel: [    1.245797] ACPI Warning: SystemIO range=
 0x0000000000001C30-0x0000000000001C3F conflicts with OpRegion 0x00000000=
00001C00-0x0000000000001C3F (\GPRL) (20190816/utaddress-204)
Feb 17 19:00:29 vinco kernel: [    1.245800] ACPI: If an ACPI driver is a=
vailable for this device, you should use it instead of the native driver
Feb 17 19:00:29 vinco kernel: [    1.245801] ACPI Warning: SystemIO range=
 0x0000000000001C00-0x0000000000001C2F conflicts with OpRegion 0x00000000=
00001C00-0x0000000000001C5F (\_SB.PCI0.PEG0.PEGP.GPR) (20190816/utaddress=
-204)
Feb 17 19:00:29 vinco kernel: [    1.245803] ACPI Warning: SystemIO range=
 0x0000000000001C00-0x0000000000001C2F conflicts with OpRegion 0x00000000=
00001C00-0x0000000000001C7F (\GPIO) (20190816/utaddress-204)
Feb 17 19:00:29 vinco kernel: [    1.245806] ACPI Warning: SystemIO range=
 0x0000000000001C00-0x0000000000001C2F conflicts with OpRegion 0x00000000=
00001C00-0x0000000000001C63 (\GP01) (20190816/utaddress-204)
Feb 17 19:00:29 vinco kernel: [    1.245809] ACPI Warning: SystemIO range=
 0x0000000000001C00-0x0000000000001C2F conflicts with OpRegion 0x00000000=
00001C00-0x0000000000001C3F (\GPRL) (20190816/utaddress-204)
Feb 17 19:00:29 vinco kernel: [    1.245811] ACPI: If an ACPI driver is a=
vailable for this device, you should use it instead of the native driver
Feb 17 19:00:29 vinco kernel: [    1.245812] lpc_ich: Resource conflict(s=
) found affecting gpio_ich
Feb 17 19:00:29 vinco kernel: [    1.252456] r8169 0000:05:00.1: can't di=
sable ASPM; OS doesn't have ASPM control
Feb 17 19:00:29 vinco kernel: [    1.255989] SCSI subsystem initialized
Feb 17 19:00:29 vinco kernel: [    1.259015] ACPI: bus type USB registere=
d
Feb 17 19:00:29 vinco kernel: [    1.259030] usbcore: registered new inte=
rface driver usbfs
Feb 17 19:00:29 vinco kernel: [    1.259038] usbcore: registered new inte=
rface driver hub
Feb 17 19:00:29 vinco kernel: [    1.259069] usbcore: registered new devi=
ce driver usb
Feb 17 19:00:29 vinco kernel: [    1.259083] i801_smbus 0000:00:1f.3: SPD=
 Write Disable is set
Feb 17 19:00:29 vinco kernel: [    1.259115] i801_smbus 0000:00:1f.3: SMB=
us using PCI interrupt
Feb 17 19:00:29 vinco kernel: [    1.263588] ehci_hcd: USB 2.0 'Enhanced'=
 Host Controller (EHCI) Driver
Feb 17 19:00:29 vinco kernel: [    1.268640] ehci-pci: EHCI PCI platform =
driver
Feb 17 19:00:29 vinco kernel: [    1.268835] ehci-pci 0000:00:1a.0: EHCI =
Host Controller
Feb 17 19:00:29 vinco kernel: [    1.268842] ehci-pci 0000:00:1a.0: new U=
SB bus registered, assigned bus number 1
Feb 17 19:00:29 vinco kernel: [    1.268853] ehci-pci 0000:00:1a.0: debug=
 port 2
Feb 17 19:00:29 vinco kernel: [    1.270454] libphy: r8169: probed
Feb 17 19:00:29 vinco kernel: [    1.270627] r8169 0000:05:00.1 eth0: RTL=
8411b, 08:62:66:b3:2e:1c, XID 5c8, IRQ 32
Feb 17 19:00:29 vinco kernel: [    1.270629] r8169 0000:05:00.1 eth0: jum=
bo features [frames: 9200 bytes, tx checksumming: ko]
Feb 17 19:00:29 vinco kernel: [    1.271522] libata version 3.00 loaded.
Feb 17 19:00:29 vinco kernel: [    1.272772] ehci-pci 0000:00:1a.0: cache=
 line size of 64 is not supported
Feb 17 19:00:29 vinco kernel: [    1.272801] ehci-pci 0000:00:1a.0: irq 1=
6, io mem 0xf7a1c000
Feb 17 19:00:29 vinco kernel: [    1.277060] r8169 0000:05:00.1 enp5s0f1:=
 renamed from eth0
Feb 17 19:00:29 vinco kernel: [    1.277424] ahci 0000:00:1f.2: version 3=
=2E0
Feb 17 19:00:29 vinco kernel: [    1.277572] ahci 0000:00:1f.2: AHCI 0001=
=2E0300 32 slots 4 ports 6 Gbps 0x14 impl SATA mode
Feb 17 19:00:29 vinco kernel: [    1.277573] ahci 0000:00:1f.2: flags: 64=
bit ncq pm led clo pio slum part ems apst=20
Feb 17 19:00:29 vinco kernel: [    1.288704] scsi host0: ahci
Feb 17 19:00:29 vinco kernel: [    1.288898] scsi host1: ahci
Feb 17 19:00:29 vinco kernel: [    1.289018] scsi host2: ahci
Feb 17 19:00:29 vinco kernel: [    1.289110] scsi host3: ahci
Feb 17 19:00:29 vinco kernel: [    1.289190] scsi host4: ahci
Feb 17 19:00:29 vinco kernel: [    1.289217] ata1: DUMMY
Feb 17 19:00:29 vinco kernel: [    1.289218] ata2: DUMMY
Feb 17 19:00:29 vinco kernel: [    1.289220] ata3: SATA max UDMA/133 abar=
 m2048@0xf7a1a000 port 0xf7a1a200 irq 33
Feb 17 19:00:29 vinco kernel: [    1.289220] ata4: DUMMY
Feb 17 19:00:29 vinco kernel: [    1.289222] ata5: SATA max UDMA/133 abar=
 m2048@0xf7a1a000 port 0xf7a1a300 irq 33
Feb 17 19:00:29 vinco kernel: [    1.292283] ehci-pci 0000:00:1a.0: USB 2=
=2E0 started, EHCI 1.00
Feb 17 19:00:29 vinco kernel: [    1.292326] usb usb1: New USB device fou=
nd, idVendor=3D1d6b, idProduct=3D0002, bcdDevice=3D 5.04
Feb 17 19:00:29 vinco kernel: [    1.292327] usb usb1: New USB device str=
ings: Mfr=3D3, Product=3D2, SerialNumber=3D1
Feb 17 19:00:29 vinco kernel: [    1.292328] usb usb1: Product: EHCI Host=
 Controller
Feb 17 19:00:29 vinco kernel: [    1.292330] usb usb1: Manufacturer: Linu=
x 5.4.0-4-amd64 ehci_hcd
Feb 17 19:00:29 vinco kernel: [    1.292331] usb usb1: SerialNumber: 0000=
:00:1a.0
Feb 17 19:00:29 vinco kernel: [    1.292438] hub 1-0:1.0: USB hub found
Feb 17 19:00:29 vinco kernel: [    1.292443] hub 1-0:1.0: 2 ports detecte=
d
Feb 17 19:00:29 vinco kernel: [    1.292583] xhci_hcd 0000:00:14.0: xHCI =
Host Controller
Feb 17 19:00:29 vinco kernel: [    1.292588] xhci_hcd 0000:00:14.0: new U=
SB bus registered, assigned bus number 2
Feb 17 19:00:29 vinco kernel: [    1.293655] xhci_hcd 0000:00:14.0: hcc p=
arams 0x200077c1 hci version 0x100 quirks 0x0000000000009810
Feb 17 19:00:29 vinco kernel: [    1.293659] xhci_hcd 0000:00:14.0: cache=
 line size of 64 is not supported
Feb 17 19:00:29 vinco kernel: [    1.293800] usb usb2: New USB device fou=
nd, idVendor=3D1d6b, idProduct=3D0002, bcdDevice=3D 5.04
Feb 17 19:00:29 vinco kernel: [    1.293801] usb usb2: New USB device str=
ings: Mfr=3D3, Product=3D2, SerialNumber=3D1
Feb 17 19:00:29 vinco kernel: [    1.293802] usb usb2: Product: xHCI Host=
 Controller
Feb 17 19:00:29 vinco kernel: [    1.293803] usb usb2: Manufacturer: Linu=
x 5.4.0-4-amd64 xhci-hcd
Feb 17 19:00:29 vinco kernel: [    1.293803] usb usb2: SerialNumber: 0000=
:00:14.0
Feb 17 19:00:29 vinco kernel: [    1.293883] hub 2-0:1.0: USB hub found
Feb 17 19:00:29 vinco kernel: [    1.293905] hub 2-0:1.0: 14 ports detect=
ed
Feb 17 19:00:29 vinco kernel: [    1.296045] ehci-pci 0000:00:1d.0: EHCI =
Host Controller
Feb 17 19:00:29 vinco kernel: [    1.296050] ehci-pci 0000:00:1d.0: new U=
SB bus registered, assigned bus number 3
Feb 17 19:00:29 vinco kernel: [    1.296065] ehci-pci 0000:00:1d.0: debug=
 port 2
Feb 17 19:00:29 vinco kernel: [    1.296077] xhci_hcd 0000:00:14.0: xHCI =
Host Controller
Feb 17 19:00:29 vinco kernel: [    1.296080] xhci_hcd 0000:00:14.0: new U=
SB bus registered, assigned bus number 4
Feb 17 19:00:29 vinco kernel: [    1.296083] xhci_hcd 0000:00:14.0: Host =
supports USB 3.0 SuperSpeed
Feb 17 19:00:29 vinco kernel: [    1.296141] usb usb4: New USB device fou=
nd, idVendor=3D1d6b, idProduct=3D0003, bcdDevice=3D 5.04
Feb 17 19:00:29 vinco kernel: [    1.296141] usb usb4: New USB device str=
ings: Mfr=3D3, Product=3D2, SerialNumber=3D1
Feb 17 19:00:29 vinco kernel: [    1.296142] usb usb4: Product: xHCI Host=
 Controller
Feb 17 19:00:29 vinco kernel: [    1.296143] usb usb4: Manufacturer: Linu=
x 5.4.0-4-amd64 xhci-hcd
Feb 17 19:00:29 vinco kernel: [    1.296143] usb usb4: SerialNumber: 0000=
:00:14.0
Feb 17 19:00:29 vinco kernel: [    1.296230] hub 4-0:1.0: USB hub found
Feb 17 19:00:29 vinco kernel: [    1.296244] hub 4-0:1.0: 4 ports detecte=
d
Feb 17 19:00:29 vinco kernel: [    1.299992] ehci-pci 0000:00:1d.0: cache=
 line size of 64 is not supported
Feb 17 19:00:29 vinco kernel: [    1.300004] ehci-pci 0000:00:1d.0: irq 2=
3, io mem 0xf7a1b000
Feb 17 19:00:29 vinco kernel: [    1.316289] ehci-pci 0000:00:1d.0: USB 2=
=2E0 started, EHCI 1.00
Feb 17 19:00:29 vinco kernel: [    1.316336] usb usb3: New USB device fou=
nd, idVendor=3D1d6b, idProduct=3D0002, bcdDevice=3D 5.04
Feb 17 19:00:29 vinco kernel: [    1.316337] usb usb3: New USB device str=
ings: Mfr=3D3, Product=3D2, SerialNumber=3D1
Feb 17 19:00:29 vinco kernel: [    1.316338] usb usb3: Product: EHCI Host=
 Controller
Feb 17 19:00:29 vinco kernel: [    1.316339] usb usb3: Manufacturer: Linu=
x 5.4.0-4-amd64 ehci_hcd
Feb 17 19:00:29 vinco kernel: [    1.316340] usb usb3: SerialNumber: 0000=
:00:1d.0
Feb 17 19:00:29 vinco kernel: [    1.316472] hub 3-0:1.0: USB hub found
Feb 17 19:00:29 vinco kernel: [    1.316477] hub 3-0:1.0: 2 ports detecte=
d
Feb 17 19:00:29 vinco kernel: [    1.341185] i915 0000:00:02.0: VT-d acti=
ve for gfx access
Feb 17 19:00:29 vinco kernel: [    1.341187] checking generic (d0000000 3=
00000) vs hw (d0000000 10000000)
Feb 17 19:00:29 vinco kernel: [    1.341188] fb0: switching to inteldrmfb=
 from EFI VGA
Feb 17 19:00:29 vinco kernel: [    1.341237] Console: switching to colour=
 dummy device 80x25
Feb 17 19:00:29 vinco kernel: [    1.341266] i915 0000:00:02.0: vgaarb: d=
eactivate vga console
Feb 17 19:00:29 vinco kernel: [    1.341478] i915 0000:00:02.0: DMAR acti=
ve, disabling use of stolen memory
Feb 17 19:00:29 vinco kernel: [    1.341944] [drm] Supports vblank timest=
amp caching Rev 2 (21.10.2013).
Feb 17 19:00:29 vinco kernel: [    1.341944] [drm] Driver supports precis=
e vblank timestamp query.
Feb 17 19:00:29 vinco kernel: [    1.342107] i915 0000:00:02.0: vgaarb: c=
hanged VGA decodes: olddecodes=3Dio+mem,decodes=3Dio+mem:owns=3Dio+mem
Feb 17 19:00:29 vinco kernel: [    1.362230] [drm] Initialized i915 1.6.0=
 20190822 for 0000:00:02.0 on minor 0
Feb 17 19:00:29 vinco kernel: [    1.362656] [Firmware Bug]: ACPI(PEGP) d=
efines _DOD but not _DOS
Feb 17 19:00:29 vinco kernel: [    1.364079] ACPI: Video Device [PEGP] (m=
ulti-head: yes  rom: yes  post: no)
Feb 17 19:00:29 vinco kernel: [    1.366816] input: Video Bus as /devices=
/LNXSYSTM:00/LNXSYBUS:00/PNP0A08:00/device:4f/LNXVIDEO:00/input/input9
Feb 17 19:00:29 vinco kernel: [    1.368144] ACPI: Video Device [GFX0] (m=
ulti-head: yes  rom: no  post: no)
Feb 17 19:00:29 vinco kernel: [    1.370548] input: Video Bus as /devices=
/LNXSYSTM:00/LNXSYBUS:00/PNP0A08:00/LNXVIDEO:01/input/input10
Feb 17 19:00:29 vinco kernel: [    1.381006] fbcon: i915drmfb (fb0) is pr=
imary device
Feb 17 19:00:29 vinco kernel: [    1.534265] battery: ACPI: Battery Slot =
[BAT0] (battery present)
Feb 17 19:00:29 vinco kernel: [    1.602369] ata5: SATA link up 6.0 Gbps =
(SStatus 133 SControl 300)
Feb 17 19:00:29 vinco kernel: [    1.602390] ata3: SATA link up 1.5 Gbps =
(SStatus 113 SControl 300)
Feb 17 19:00:29 vinco kernel: [    1.604441] ata5.00: ACPI cmd ef/10:06:0=
0:00:00:00 (SET FEATURES) succeeded
Feb 17 19:00:29 vinco kernel: [    1.604444] ata5.00: ACPI cmd f5/00:00:0=
0:00:00:00 (SECURITY FREEZE LOCK) filtered out
Feb 17 19:00:29 vinco kernel: [    1.604445] ata5.00: ACPI cmd b1/c1:00:0=
0:00:00:00 (DEVICE CONFIGURATION OVERLAY) filtered out
Feb 17 19:00:29 vinco kernel: [    1.604729] ata5.00: supports DRM functi=
ons and may not be fully accessible
Feb 17 19:00:29 vinco kernel: [    1.605584] ata5.00: disabling queued TR=
IM support
Feb 17 19:00:29 vinco kernel: [    1.605585] ata5.00: ATA-9: Samsung SSD =
850 EVO 1TB, EMT02B6Q, max UDMA/133
Feb 17 19:00:29 vinco kernel: [    1.605586] ata5.00: 1953525168 sectors,=
 multi 1: LBA48 NCQ (depth 32), AA
Feb 17 19:00:29 vinco kernel: [    1.605834] ata3.00: ATAPI: TSSTcorp CDD=
VDW SU-228FB, AS00, max UDMA/100
Feb 17 19:00:29 vinco kernel: [    1.608488] ata5.00: ACPI cmd ef/10:06:0=
0:00:00:00 (SET FEATURES) succeeded
Feb 17 19:00:29 vinco kernel: [    1.608490] ata5.00: ACPI cmd f5/00:00:0=
0:00:00:00 (SECURITY FREEZE LOCK) filtered out
Feb 17 19:00:29 vinco kernel: [    1.608491] ata5.00: ACPI cmd b1/c1:00:0=
0:00:00:00 (DEVICE CONFIGURATION OVERLAY) filtered out
Feb 17 19:00:29 vinco kernel: [    1.608830] ata5.00: supports DRM functi=
ons and may not be fully accessible
Feb 17 19:00:29 vinco kernel: [    1.609741] ata5.00: disabling queued TR=
IM support
Feb 17 19:00:29 vinco kernel: [    1.611023] ata3.00: configured for UDMA=
/100
Feb 17 19:00:29 vinco kernel: [    1.611538] ata5.00: configured for UDMA=
/133
Feb 17 19:00:29 vinco kernel: [    1.615925] scsi 2:0:0:0: CD-ROM        =
    TSSTcorp CDDVDW SU-228FB  AS00 PQ: 0 ANSI: 5
Feb 17 19:00:29 vinco kernel: [    1.648719] scsi 4:0:0:0: Direct-Access =
    ATA      Samsung SSD 850  2B6Q PQ: 0 ANSI: 5
Feb 17 19:00:29 vinco kernel: [    1.656361] usb 1-1: new high-speed USB =
device number 2 using ehci-pci
Feb 17 19:00:29 vinco kernel: [    1.656365] usb 2-3: new full-speed USB =
device number 2 using xhci_hcd
Feb 17 19:00:29 vinco kernel: [    1.660358] usb 3-1: new high-speed USB =
device number 2 using ehci-pci
Feb 17 19:00:29 vinco kernel: [    1.689350] usb 1-1: New USB device foun=
d, idVendor=3D8087, idProduct=3D8008, bcdDevice=3D 0.05
Feb 17 19:00:29 vinco kernel: [    1.689353] usb 1-1: New USB device stri=
ngs: Mfr=3D0, Product=3D0, SerialNumber=3D0
Feb 17 19:00:29 vinco kernel: [    1.689425] usb 3-1: New USB device foun=
d, idVendor=3D8087, idProduct=3D8000, bcdDevice=3D 0.05
Feb 17 19:00:29 vinco kernel: [    1.689426] usb 3-1: New USB device stri=
ngs: Mfr=3D0, Product=3D0, SerialNumber=3D0
Feb 17 19:00:29 vinco kernel: [    1.689688] hub 1-1:1.0: USB hub found
Feb 17 19:00:29 vinco kernel: [    1.689739] hub 3-1:1.0: USB hub found
Feb 17 19:00:29 vinco kernel: [    1.689879] hub 1-1:1.0: 6 ports detecte=
d
Feb 17 19:00:29 vinco kernel: [    1.689893] hub 3-1:1.0: 8 ports detecte=
d
Feb 17 19:00:29 vinco kernel: [    1.808027] usb 2-3: New USB device foun=
d, idVendor=3D046d, idProduct=3Dc52b, bcdDevice=3D12.03
Feb 17 19:00:29 vinco kernel: [    1.808030] usb 2-3: New USB device stri=
ngs: Mfr=3D1, Product=3D2, SerialNumber=3D0
Feb 17 19:00:29 vinco kernel: [    1.808032] usb 2-3: Product: USB Receiv=
er
Feb 17 19:00:29 vinco kernel: [    1.808034] usb 2-3: Manufacturer: Logit=
ech
Feb 17 19:00:29 vinco kernel: [    1.820801] hidraw: raw HID events drive=
r (C) Jiri Kosina
Feb 17 19:00:29 vinco kernel: [    1.826652] usbcore: registered new inte=
rface driver usbhid
Feb 17 19:00:29 vinco kernel: [    1.826652] usbhid: USB HID core driver
Feb 17 19:00:29 vinco kernel: [    1.828657] input: Logitech USB Receiver=
 as /devices/pci0000:00/0000:00:14.0/usb2/2-3/2-3:1.0/0003:046D:C52B.0001=
/input/input14
Feb 17 19:00:29 vinco kernel: [    1.888651] hid-generic 0003:046D:C52B.0=
001: input,hidraw0: USB HID v1.11 Keyboard [Logitech USB Receiver] on usb=
-0000:00:14.0-3/input0
Feb 17 19:00:29 vinco kernel: [    1.889065] input: Logitech USB Receiver=
 Mouse as /devices/pci0000:00/0000:00:14.0/usb2/2-3/2-3:1.1/0003:046D:C52=
B.0002/input/input15
Feb 17 19:00:29 vinco kernel: [    1.889204] input: Logitech USB Receiver=
 Consumer Control as /devices/pci0000:00/0000:00:14.0/usb2/2-3/2-3:1.1/00=
03:046D:C52B.0002/input/input16
Feb 17 19:00:29 vinco kernel: [    1.936374] usb 2-5: new full-speed USB =
device number 3 using xhci_hcd
Feb 17 19:00:29 vinco kernel: [    1.948451] input: Logitech USB Receiver=
 System Control as /devices/pci0000:00/0000:00:14.0/usb2/2-3/2-3:1.1/0003=
:046D:C52B.0002/input/input17
Feb 17 19:00:29 vinco kernel: [    1.948706] hid-generic 0003:046D:C52B.0=
002: input,hiddev0,hidraw1: USB HID v1.11 Mouse [Logitech USB Receiver] o=
n usb-0000:00:14.0-3/input1
Feb 17 19:00:29 vinco kernel: [    1.949096] hid-generic 0003:046D:C52B.0=
003: hiddev1,hidraw2: USB HID v1.11 Device [Logitech USB Receiver] on usb=
-0000:00:14.0-3/input2
Feb 17 19:00:29 vinco kernel: [    2.049423] logitech-djreceiver 0003:046=
D:C52B.0003: hiddev0,hidraw0: USB HID v1.11 Device [Logitech USB Receiver=
] on usb-0000:00:14.0-3/input2
Feb 17 19:00:29 vinco kernel: [    2.059085] psmouse serio4: elantech: as=
suming hardware version 4 (with firmware version 0x381fa2)
Feb 17 19:00:29 vinco kernel: [    2.074687] psmouse serio4: elantech: Sy=
naptics capabilities query result 0x10, 0x14, 0x0e.
Feb 17 19:00:29 vinco kernel: [    2.080380] tsc: Refined TSC clocksource=
 calibration: 2494.228 MHz
Feb 17 19:00:29 vinco kernel: [    2.080393] clocksource: tsc: mask: 0xff=
ffffffffffffff max_cycles: 0x23f3ed6cc7b, max_idle_ns: 440795302954 ns
Feb 17 19:00:29 vinco kernel: [    2.080445] clocksource: Switched to clo=
cksource tsc
Feb 17 19:00:29 vinco kernel: [    2.086156] usb 2-5: New USB device foun=
d, idVendor=3D8087, idProduct=3D07dc, bcdDevice=3D 0.01
Feb 17 19:00:29 vinco kernel: [    2.086160] usb 2-5: New USB device stri=
ngs: Mfr=3D0, Product=3D0, SerialNumber=3D0
Feb 17 19:00:29 vinco kernel: [    2.089186] psmouse serio4: elantech: El=
an sample query result 05, 1b, 64
Feb 17 19:00:29 vinco kernel: [    2.163622] input: ETPS/2 Elantech Touch=
pad as /devices/platform/i8042/serio4/input/input13
Feb 17 19:00:29 vinco kernel: [    2.171659] input: Logitech Unifying Dev=
ice. Wireless PID:101b Mouse as /devices/pci0000:00/0000:00:14.0/usb2/2-3=
/2-3:1.2/0003:046D:C52B.0003/0003:046D:101B.0004/input/input19
Feb 17 19:00:29 vinco kernel: [    2.171871] hid-generic 0003:046D:101B.0=
004: input,hidraw1: USB HID v1.11 Mouse [Logitech Unifying Device. Wirele=
ss PID:101b] on usb-0000:00:14.0-3/input2:1
Feb 17 19:00:29 vinco kernel: [    2.212366] usb 2-7: new high-speed USB =
device number 4 using xhci_hcd
Feb 17 19:00:29 vinco kernel: [    2.219056] input: Logitech M705 as /dev=
ices/pci0000:00/0000:00:14.0/usb2/2-3/2-3:1.2/0003:046D:C52B.0003/0003:04=
6D:101B.0004/input/input23
Feb 17 19:00:29 vinco kernel: [    2.219223] logitech-hidpp-device 0003:0=
46D:101B.0004: input,hidraw1: USB HID v1.11 Mouse [Logitech M705] on usb-=
0000:00:14.0-3/input2:1
Feb 17 19:00:29 vinco kernel: [    2.334409] usb 2-7: New USB device foun=
d, idVendor=3D13d3, idProduct=3D5188, bcdDevice=3D 8.14
Feb 17 19:00:29 vinco kernel: [    2.334412] usb 2-7: New USB device stri=
ngs: Mfr=3D3, Product=3D1, SerialNumber=3D2
Feb 17 19:00:29 vinco kernel: [    2.334414] usb 2-7: Product: USB2.0 UVC=
 HD Webcam
Feb 17 19:00:29 vinco kernel: [    2.334415] usb 2-7: Manufacturer: Azure=
wave
Feb 17 19:00:29 vinco kernel: [    2.334416] usb 2-7: SerialNumber: NULL
Feb 17 19:00:29 vinco kernel: [    2.639249] Console: switching to colour=
 frame buffer device 240x67
Feb 17 19:00:29 vinco kernel: [    2.662663] i915 0000:00:02.0: fb0: i915=
drmfb frame buffer device
Feb 17 19:00:29 vinco kernel: [    2.693240] sd 4:0:0:0: [sda] 1953525168=
 512-byte logical blocks: (1.00 TB/932 GiB)
Feb 17 19:00:29 vinco kernel: [    2.693254] sd 4:0:0:0: [sda] Write Prot=
ect is off
Feb 17 19:00:29 vinco kernel: [    2.693256] sd 4:0:0:0: [sda] Mode Sense=
: 00 3a 00 00
Feb 17 19:00:29 vinco kernel: [    2.693279] sd 4:0:0:0: [sda] Write cach=
e: enabled, read cache: enabled, doesn't support DPO or FUA
Feb 17 19:00:29 vinco kernel: [    2.742901] sr 2:0:0:0: [sr0] scsi3-mmc =
drive: 24x/24x writer dvd-ram cd/rw xa/form2 cdda tray
Feb 17 19:00:29 vinco kernel: [    2.742904] cdrom: Uniform CD-ROM driver=
 Revision: 3.20
Feb 17 19:00:29 vinco kernel: [    2.745150]  sda: sda1 sda2 sda3 sda4 sd=
a6
Feb 17 19:00:29 vinco kernel: [    2.746620] sd 4:0:0:0: [sda] supports T=
CG Opal
Feb 17 19:00:29 vinco kernel: [    2.746623] sd 4:0:0:0: [sda] Attached S=
CSI disk
Feb 17 19:00:29 vinco kernel: [    2.760728] sr 2:0:0:0: Attached scsi CD=
-ROM sr0
Feb 17 19:00:29 vinco kernel: [    3.160292] raid6: avx2x4   gen() 31358 =
MB/s
Feb 17 19:00:29 vinco kernel: [    3.228293] raid6: avx2x4   xor() 20364 =
MB/s
Feb 17 19:00:29 vinco kernel: [    3.296291] raid6: avx2x2   gen() 27548 =
MB/s
Feb 17 19:00:29 vinco kernel: [    3.364290] raid6: avx2x2   xor() 17699 =
MB/s
Feb 17 19:00:29 vinco kernel: [    3.432292] raid6: avx2x1   gen() 24359 =
MB/s
Feb 17 19:00:29 vinco kernel: [    3.500291] raid6: avx2x1   xor() 16245 =
MB/s
Feb 17 19:00:29 vinco kernel: [    3.568292] raid6: sse2x4   gen() 17446 =
MB/s
Feb 17 19:00:29 vinco kernel: [    3.636293] raid6: sse2x4   xor() 10912 =
MB/s
Feb 17 19:00:29 vinco kernel: [    3.704294] raid6: sse2x2   gen() 14330 =
MB/s
Feb 17 19:00:29 vinco kernel: [    3.772294] raid6: sse2x2   xor()  9929 =
MB/s
Feb 17 19:00:29 vinco kernel: [    3.840295] raid6: sse2x1   gen() 12222 =
MB/s
Feb 17 19:00:29 vinco kernel: [    3.908294] raid6: sse2x1   xor()  8448 =
MB/s
Feb 17 19:00:29 vinco kernel: [    3.908294] raid6: using algorithm avx2x=
4 gen() 31358 MB/s
Feb 17 19:00:29 vinco kernel: [    3.908295] raid6: .... xor() 20364 MB/s=
, rmw enabled
Feb 17 19:00:29 vinco kernel: [    3.908295] raid6: using avx2x2 recovery=
 algorithm
Feb 17 19:00:29 vinco kernel: [    3.914101] xor: automatically using bes=
t checksumming function   avx      =20
Feb 17 19:00:29 vinco kernel: [    3.955633] Btrfs loaded, crc32c=3Dcrc32=
c-intel
Feb 17 19:00:29 vinco kernel: [    4.132087] PM: Image not found (code -2=
2)
Feb 17 19:00:29 vinco kernel: [    4.216079] EXT4-fs (sda4): mounted file=
system with ordered data mode. Opts: (null)
Feb 17 19:00:29 vinco kernel: [    4.591728] EXT4-fs (sda4): re-mounted. =
Opts: errors=3Dremount-ro
Feb 17 19:00:29 vinco kernel: [    4.605090] lp: driver loaded but no dev=
ices found
Feb 17 19:00:29 vinco kernel: [    4.609694] ppdev: user-space parallel p=
ort driver
Feb 17 19:00:29 vinco kernel: [    4.746810] ACPI: AC Adapter [AC0] (on-l=
ine)
Feb 17 19:00:29 vinco kernel: [    4.752998] input: Asus Wireless Radio C=
ontrol as /devices/LNXSYSTM:00/LNXSYBUS:00/ATK4002:00/input/input24
Feb 17 19:00:29 vinco kernel: [    4.801187] EDAC ie31200: No ECC support=

Feb 17 19:00:29 vinco kernel: [    4.802975] iTCO_vendor_support: vendor-=
support=3D0
Feb 17 19:00:29 vinco kernel: [    4.808055] iTCO_wdt: Intel TCO WatchDog=
 Timer Driver v1.11
Feb 17 19:00:29 vinco kernel: [    4.808094] iTCO_wdt: Found a Lynx Point=
 TCO device (Version=3D2, TCOBASE=3D0x1860)
Feb 17 19:00:29 vinco kernel: [    4.809160] iTCO_wdt: initialized. heart=
beat=3D30 sec (nowayout=3D0)
Feb 17 19:00:29 vinco kernel: [    4.810637] input: PC Speaker as /device=
s/platform/pcspkr/input/input25
Feb 17 19:00:29 vinco kernel: [    4.814059] sr 2:0:0:0: Attached scsi ge=
neric sg0 type 5
Feb 17 19:00:29 vinco kernel: [    4.814088] sd 4:0:0:0: Attached scsi ge=
neric sg1 type 0
Feb 17 19:00:29 vinco kernel: [    4.822466] EFI Variables Facility v0.08=
 2004-May-17
Feb 17 19:00:29 vinco kernel: [    4.840473] RAPL PMU: API unit is 2^-32 =
Joules, 4 fixed counters, 655360 ms ovfl timer
Feb 17 19:00:29 vinco kernel: [    4.840475] RAPL PMU: hw unit of domain =
pp0-core 2^-14 Joules
Feb 17 19:00:29 vinco kernel: [    4.840476] RAPL PMU: hw unit of domain =
package 2^-14 Joules
Feb 17 19:00:29 vinco kernel: [    4.840476] RAPL PMU: hw unit of domain =
dram 2^-14 Joules
Feb 17 19:00:29 vinco kernel: [    4.840477] RAPL PMU: hw unit of domain =
pp1-gpu 2^-14 Joules
Feb 17 19:00:29 vinco kernel: [    4.890467] pstore: Using crash dump com=
pression: deflate
Feb 17 19:00:29 vinco kernel: [    4.916875] pstore: crypto_comp_decompre=
ss failed, ret =3D -22!
Feb 17 19:00:29 vinco kernel: [    4.917612] pstore: crypto_comp_decompre=
ss failed, ret =3D -22!
Feb 17 19:00:29 vinco kernel: [    4.917708] pstore: crypto_comp_decompre=
ss failed, ret =3D -22!
Feb 17 19:00:29 vinco kernel: [    4.917802] pstore: crypto_comp_decompre=
ss failed, ret =3D -22!
Feb 17 19:00:29 vinco kernel: [    4.918582] pstore: crypto_comp_decompre=
ss failed, ret =3D -22!
Feb 17 19:00:29 vinco kernel: [    4.918676] pstore: crypto_comp_decompre=
ss failed, ret =3D -22!
Feb 17 19:00:29 vinco kernel: [    4.918762] pstore: crypto_comp_decompre=
ss failed, ret =3D -22!
Feb 17 19:00:29 vinco kernel: [    4.918849] pstore: crypto_comp_decompre=
ss failed, ret =3D -22!
Feb 17 19:00:29 vinco kernel: [    4.919113] pstore: crypto_comp_decompre=
ss failed, ret =3D -22!
Feb 17 19:00:29 vinco kernel: [    4.919203] pstore: crypto_comp_decompre=
ss failed, ret =3D -22!
Feb 17 19:00:29 vinco kernel: [    4.919970] pstore: crypto_comp_decompre=
ss failed, ret =3D -22!
Feb 17 19:00:29 vinco kernel: [    4.920060] pstore: crypto_comp_decompre=
ss failed, ret =3D -22!
Feb 17 19:00:29 vinco kernel: [    4.920819] pstore: crypto_comp_decompre=
ss failed, ret =3D -22!
Feb 17 19:00:29 vinco kernel: [    4.921183] mc: Linux media interface: v=
0.10
Feb 17 19:00:29 vinco kernel: [    4.921597] asus_wmi: ASUS WMI generic d=
river loaded
Feb 17 19:00:29 vinco kernel: [    4.923725] snd_hda_intel 0000:00:03.0: =
bound 0000:00:02.0 (ops i915_audio_component_bind_ops [i915])
Feb 17 19:00:29 vinco kernel: [    4.923906] asus_wmi: Initialization: 0x=
1
Feb 17 19:00:29 vinco kernel: [    4.923942] asus_wmi: BIOS WMI version: =
7.9
Feb 17 19:00:29 vinco kernel: [    4.923990] asus_wmi: SFUN value: 0x6a08=
77
Feb 17 19:00:29 vinco kernel: [    4.923992] asus-nb-wmi asus-nb-wmi: Det=
ected ATK, not ASUSWMI, use DSTS
Feb 17 19:00:29 vinco kernel: [    4.923994] asus-nb-wmi asus-nb-wmi: Det=
ected ATK, enable event queue
Feb 17 19:00:29 vinco kernel: [    4.925498] input: Asus WMI hotkeys as /=
devices/platform/asus-nb-wmi/input/input26
Feb 17 19:00:29 vinco kernel: [    4.927290] pstore: crypto_comp_decompre=
ss failed, ret =3D -22!
Feb 17 19:00:29 vinco kernel: [    4.927497] pstore: crypto_comp_decompre=
ss failed, ret =3D -22!
Feb 17 19:00:29 vinco kernel: [    4.927672] pstore: crypto_comp_decompre=
ss failed, ret =3D -22!
Feb 17 19:00:29 vinco kernel: [    4.928594] pstore: crypto_comp_decompre=
ss failed, ret =3D -22!
Feb 17 19:00:29 vinco kernel: [    4.929430] pstore: crypto_comp_decompre=
ss failed, ret =3D -22!
Feb 17 19:00:29 vinco kernel: [    4.929696] pstore: crypto_comp_decompre=
ss failed, ret =3D -22!
Feb 17 19:00:29 vinco kernel: [    4.933323] alg: No test for fips(ansi_c=
prng) (fips_ansi_cprng)
Feb 17 19:00:29 vinco kernel: [    4.938849] pstore: crypto_comp_decompre=
ss failed, ret =3D -22!
Feb 17 19:00:29 vinco kernel: [    4.939088] pstore: crypto_comp_decompre=
ss failed, ret =3D -22!
Feb 17 19:00:29 vinco kernel: [    4.939303] pstore: crypto_comp_decompre=
ss failed, ret =3D -22!
Feb 17 19:00:29 vinco kernel: [    4.939380] pstore: crypto_comp_decompre=
ss failed, ret =3D -22!
Feb 17 19:00:29 vinco kernel: [    4.939454] pstore: crypto_comp_decompre=
ss failed, ret =3D -22!
Feb 17 19:00:29 vinco kernel: [    4.939530] pstore: crypto_comp_decompre=
ss failed, ret =3D -22!
Feb 17 19:00:29 vinco kernel: [    4.939607] pstore: crypto_comp_decompre=
ss failed, ret =3D -22!
Feb 17 19:00:29 vinco kernel: [    4.939681] pstore: crypto_comp_decompre=
ss failed, ret =3D -22!
Feb 17 19:00:29 vinco kernel: [    4.939757] pstore: crypto_comp_decompre=
ss failed, ret =3D -22!
Feb 17 19:00:29 vinco kernel: [    4.939831] pstore: crypto_comp_decompre=
ss failed, ret =3D -22!
Feb 17 19:00:29 vinco kernel: [    4.939922] pstore: crypto_comp_decompre=
ss failed, ret =3D -22!
Feb 17 19:00:29 vinco kernel: [    4.940000] pstore: crypto_comp_decompre=
ss failed, ret =3D -22!
Feb 17 19:00:29 vinco kernel: [    4.940071] pstore: crypto_comp_decompre=
ss failed, ret =3D -22!
Feb 17 19:00:29 vinco kernel: [    4.940152] pstore: crypto_comp_decompre=
ss failed, ret =3D -22!
Feb 17 19:00:29 vinco kernel: [    4.940223] pstore: crypto_comp_decompre=
ss failed, ret =3D -22!
Feb 17 19:00:29 vinco kernel: [    4.940304] pstore: crypto_comp_decompre=
ss failed, ret =3D -22!
Feb 17 19:00:29 vinco kernel: [    4.940379] pstore: crypto_comp_decompre=
ss failed, ret =3D -22!
Feb 17 19:00:29 vinco kernel: [    4.940450] pstore: crypto_comp_decompre=
ss failed, ret =3D -22!
Feb 17 19:00:29 vinco kernel: [    4.940521] pstore: crypto_comp_decompre=
ss failed, ret =3D -22!
Feb 17 19:00:29 vinco kernel: [    4.940592] pstore: crypto_comp_decompre=
ss failed, ret =3D -22!
Feb 17 19:00:29 vinco kernel: [    4.941161] pstore: crypto_comp_decompre=
ss failed, ret =3D -22!
Feb 17 19:00:29 vinco kernel: [    4.941232] pstore: crypto_comp_decompre=
ss failed, ret =3D -22!
Feb 17 19:00:29 vinco kernel: [    4.941303] pstore: crypto_comp_decompre=
ss failed, ret =3D -22!
Feb 17 19:00:29 vinco kernel: [    4.941383] pstore: crypto_comp_decompre=
ss failed, ret =3D -22!
Feb 17 19:00:29 vinco kernel: [    4.941452] pstore: crypto_comp_decompre=
ss failed, ret =3D -22!
Feb 17 19:00:29 vinco kernel: [    4.941525] pstore: crypto_comp_decompre=
