Return-Path: <netdev-owner@vger.kernel.org>
X-Original-To: lists+netdev@lfdr.de
Delivered-To: lists+netdev@lfdr.de
Received: from out1.vger.email (out1.vger.email [IPv6:2620:137:e000::1:20])
	by mail.lfdr.de (Postfix) with ESMTP id 54EEB55D877
	for <lists+netdev@lfdr.de>; Tue, 28 Jun 2022 15:20:01 +0200 (CEST)
Received: (majordomo@vger.kernel.org) by vger.kernel.org via listexpand
        id S233890AbiF0Kgd (ORCPT <rfc822;lists+netdev@lfdr.de>);
        Mon, 27 Jun 2022 06:36:33 -0400
Received: from lindbergh.monkeyblade.net ([23.128.96.19]:40678 "EHLO
        lindbergh.monkeyblade.net" rhost-flags-OK-OK-OK-OK) by vger.kernel.org
        with ESMTP id S233588AbiF0Kg3 (ORCPT
        <rfc822;netdev@vger.kernel.org>); Mon, 27 Jun 2022 06:36:29 -0400
Received: from us-smtp-delivery-124.mimecast.com (us-smtp-delivery-124.mimecast.com [170.10.129.124])
        by lindbergh.monkeyblade.net (Postfix) with ESMTP id 1FDE163EB
        for <netdev@vger.kernel.org>; Mon, 27 Jun 2022 03:36:25 -0700 (PDT)
DKIM-Signature: v=1; a=rsa-sha256; c=relaxed/relaxed; d=redhat.com;
        s=mimecast20190719; t=1656326184;
        h=from:from:reply-to:subject:subject:date:date:message-id:message-id:
         to:to:cc:mime-version:mime-version:content-type:content-type:
         content-transfer-encoding:content-transfer-encoding;
        bh=O1/fh6D3C+FPvqUWaR8xahOpGi8vnVs87gLrDxZMoQo=;
        b=PygLTFeOkk7djNYpCRwTKX2CMdSHSRFYixA3Qm1uWQ57YZArK+8Pz+VQnCWsQPEfjhWwP+
        EDQreMsxi8aJgxXKBF7Lla0nxJZGLY3v8sMlgcJA5JRvKdsZ8AS82ojmW5eGNd7VEl1KJZ
        JzsC7tMSdLAKlQKSzXcTA+KDjFjhmOc=
Received: from mail-qk1-f197.google.com (mail-qk1-f197.google.com
 [209.85.222.197]) by relay.mimecast.com with ESMTP with STARTTLS
 (version=TLSv1.2, cipher=TLS_ECDHE_RSA_WITH_AES_256_GCM_SHA384) id
 us-mta-563-AbeJApqhOOqo6hbfqrABjQ-1; Mon, 27 Jun 2022 06:36:21 -0400
X-MC-Unique: AbeJApqhOOqo6hbfqrABjQ-1
Received: by mail-qk1-f197.google.com with SMTP id i128-20020a375486000000b006af454d52bcso219969qkb.8
        for <netdev@vger.kernel.org>; Mon, 27 Jun 2022 03:36:21 -0700 (PDT)
X-Google-DKIM-Signature: v=1; a=rsa-sha256; c=relaxed/relaxed;
        d=1e100.net; s=20210112;
        h=x-gm-message-state:message-id:date:mime-version:user-agent:from
         :subject:to:content-language:content-transfer-encoding;
        bh=O1/fh6D3C+FPvqUWaR8xahOpGi8vnVs87gLrDxZMoQo=;
        b=elInNEylscLF2ioG7JZFDQX2dWRmZi8qJMYAodzuhLQrm5av6xhYOD0PtNEeoEm8lV
         vD4mSvJlibNYEb4XlqmAWkKDjY00JMIhy36Qeq8hxDYxTnsIX8Fp/OPNolBEDnt4Qb8r
         Ce8+bX6WS1NaMkdwD5jl490NeV415jnOG1Xsh8gRQs69AKpz+vzkJwgSLzjNtRMXoQ7W
         VVevhN81Kssguew5FqBztiIkHX8m2HHNXAo65JFEG3Fbxt4Fvnh9x1ikJHdOVQwyCrJ7
         5lUjMNMV9N3Nj3QEcsriC4hnV23M8Hob45ao3smCTXUQrMRnqsNu3WlocZVQe0j82cyb
         AjOw==
X-Gm-Message-State: AJIora9X0d1rmU5hx8mYFAiqTIQtJ/AOkpQ+7Lb7CtEOQCK1dn/LrZPs
        +6ERDPYhp7XcfN87nE8jl6hzUlBhL7JH9ouNG9L2eEC6uJ0U4f6YvBs3MGPnKy0zaZ3dEGiW6L3
        W6Xy1Tj6k5oxsXnYa
X-Received: by 2002:a05:622a:94:b0:316:dd82:734f with SMTP id o20-20020a05622a009400b00316dd82734fmr8470247qtw.172.1656326178721;
        Mon, 27 Jun 2022 03:36:18 -0700 (PDT)
X-Google-Smtp-Source: AGRyM1sgUGFcGkLWX/SwHCNDjUNGirpK7lwZM+i1C+q6ePPsEkph71QhOTPjvRAR45ojrkDaZBHw1w==
X-Received: by 2002:a05:622a:94:b0:316:dd82:734f with SMTP id o20-20020a05622a009400b00316dd82734fmr8470211qtw.172.1656326177642;
        Mon, 27 Jun 2022 03:36:17 -0700 (PDT)
Received: from [10.16.222.26] (nat-pool-bos-t.redhat.com. [66.187.233.206])
        by smtp.gmail.com with ESMTPSA id o1-20020a05620a2a0100b006a79479657fsm8946557qkp.108.2022.06.27.03.36.16
        (version=TLS1_3 cipher=TLS_AES_128_GCM_SHA256 bits=128/128);
        Mon, 27 Jun 2022 03:36:17 -0700 (PDT)
Message-ID: <af48e133-afb1-15e4-3875-e325aacc2d52@redhat.com>
Date:   Mon, 27 Jun 2022 06:36:16 -0400
MIME-Version: 1.0
User-Agent: Mozilla/5.0 (X11; Linux x86_64; rv:91.0) Gecko/20100101
 Thunderbird/91.9.1
From:   Prarit Bhargava <prarit@redhat.com>
Subject: Wireless WARNING flood seen on Lenovo X1
To:     Michal Schmidt <mschmidt@redhat.com>, sassmann@redhat.com,
        netdev@vger.kernel.org
Content-Language: en-US
Content-Type: text/plain; charset=UTF-8; format=flowed
Content-Transfer-Encoding: 7bit
X-Spam-Status: No, score=-2.2 required=5.0 tests=BAYES_00,DKIMWL_WL_HIGH,
        DKIM_SIGNED,DKIM_VALID,DKIM_VALID_AU,DKIM_VALID_EF,HEXHASH_WORD,
        RCVD_IN_DNSWL_LOW,SPF_HELO_NONE,SPF_NONE,T_SCC_BODY_TEXT_LINE
        autolearn=ham autolearn_force=no version=3.4.6
X-Spam-Checker-Version: SpamAssassin 3.4.6 (2021-04-09) on
        lindbergh.monkeyblade.net
Precedence: bulk
List-ID: <netdev.vger.kernel.org>
X-Mailing-List: netdev@vger.kernel.org

The warning flood occurs frequently between 5-10 mins after system boot. 
  I've also noticed that at times the wireless network device takes 
20-30 seconds longer than normal to connect.  The only thing that seems 
to get the system back to a functional state is a reboot.

dmesg (with stack traces) and lspci are below.  Please let me know if 
there is anytihng else I can provide to help debug, if this is fixed in 
latest,  or if there is test code that I can apply to the kernel to help 
validate a fix.

[    0.000000] microcode: microcode updated early to revision 0xf0, date 
= 2021-11-12
[    0.000000] Linux version 5.18.5-200.fc36.x86_64 
(mockbuild@bkernel01.iad2.fedoraproject.org) (gcc (GCC) 12.1.1 20220507 
(Red Hat 12.1.1-1), GNU ld version 2.37-27.fc36) #1 SMP PREEMPT_DYNAMIC 
Thu Jun 16 14:51:11 UTC 2022
[    0.000000] Command line: 
BOOT_IMAGE=(hd0,msdos1)/vmlinuz-5.18.5-200.fc36.x86_64 
root=/dev/mapper/fedora_dhcp--17--161-root ro 
resume=/dev/mapper/fedora_dhcp--17--161-swap 
rd.lvm.lv=fedora_dhcp-17-161/root rd.lvm.lv=fedora_dhcp-17-161/swap rhgb 
quiet systemd.unified_cgroup_hierarchy=0
[    0.000000] x86/fpu: Supporting XSAVE feature 0x001: 'x87 floating 
point registers'
[    0.000000] x86/fpu: Supporting XSAVE feature 0x002: 'SSE registers'
[    0.000000] x86/fpu: Supporting XSAVE feature 0x004: 'AVX registers'
[    0.000000] x86/fpu: Supporting XSAVE feature 0x008: 'MPX bounds 
registers'
[    0.000000] x86/fpu: Supporting XSAVE feature 0x010: 'MPX CSR'
[    0.000000] x86/fpu: xstate_offset[2]:  576, xstate_sizes[2]:  256
[    0.000000] x86/fpu: xstate_offset[3]:  832, xstate_sizes[3]:   64
[    0.000000] x86/fpu: xstate_offset[4]:  896, xstate_sizes[4]:   64
[    0.000000] x86/fpu: Enabled xstate features 0x1f, context size is 
960 bytes, using 'compacted' format.
[    0.000000] signal: max sigframe size: 2032
[    0.000000] BIOS-provided physical RAM map:
[    0.000000] BIOS-e820: [mem 0x0000000000000000-0x000000000009cfff] usable
[    0.000000] BIOS-e820: [mem 0x000000000009d000-0x000000000009ffff] 
reserved
[    0.000000] BIOS-e820: [mem 0x00000000000e0000-0x00000000000fffff] 
reserved
[    0.000000] BIOS-e820: [mem 0x0000000000100000-0x0000000040163fff] usable
[    0.000000] BIOS-e820: [mem 0x0000000040164000-0x000000004501efff] 
reserved
[    0.000000] BIOS-e820: [mem 0x000000004501f000-0x000000004501ffff] 
ACPI NVS
[    0.000000] BIOS-e820: [mem 0x0000000045020000-0x000000004ff2bfff] 
reserved
[    0.000000] BIOS-e820: [mem 0x000000004ff2c000-0x000000004ff99fff] 
ACPI NVS
[    0.000000] BIOS-e820: [mem 0x000000004ff9a000-0x000000004fffefff] 
ACPI data
[    0.000000] BIOS-e820: [mem 0x000000004ffff000-0x0000000057ffffff] 
reserved
[    0.000000] BIOS-e820: [mem 0x0000000058600000-0x000000005c7fffff] 
reserved
[    0.000000] BIOS-e820: [mem 0x00000000f0000000-0x00000000f7ffffff] 
reserved
[    0.000000] BIOS-e820: [mem 0x00000000fd000000-0x00000000fe7fffff] 
reserved
[    0.000000] BIOS-e820: [mem 0x00000000fec00000-0x00000000fec00fff] 
reserved
[    0.000000] BIOS-e820: [mem 0x00000000fed00000-0x00000000fed00fff] 
reserved
[    0.000000] BIOS-e820: [mem 0x00000000fed10000-0x00000000fed19fff] 
reserved
[    0.000000] BIOS-e820: [mem 0x00000000fed84000-0x00000000fed84fff] 
reserved
[    0.000000] BIOS-e820: [mem 0x00000000fee00000-0x00000000fee00fff] 
reserved
[    0.000000] BIOS-e820: [mem 0x00000000ff800000-0x00000000ffffffff] 
reserved
[    0.000000] BIOS-e820: [mem 0x0000000100000000-0x00000004a17fffff] usable
[    0.000000] NX (Execute Disable) protection: active
[    0.000000] SMBIOS 3.0.0 present.
[    0.000000] DMI: LENOVO 20HR006SUS/20HR006SUS, BIOS N1MET42W (1.27 ) 
12/12/2017
[    0.000000] tsc: Detected 2900.000 MHz processor
[    0.000000] tsc: Detected 2899.886 MHz TSC
[    0.001036] e820: update [mem 0x00000000-0x00000fff] usable ==> reserved
[    0.001042] e820: remove [mem 0x000a0000-0x000fffff] usable
[    0.001052] last_pfn = 0x4a1800 max_arch_pfn = 0x400000000
[    0.001275] x86/PAT: Configuration [0-7]: WB  WC  UC- UC  WB  WP  UC- WT
[    0.002830] last_pfn = 0x40164 max_arch_pfn = 0x400000000
[    0.016843] Using GB pages for direct mapping
[    0.017512] RAMDISK: [mem 0x33515000-0x35a81fff]
[    0.017520] ACPI: Early table checksum verification disabled
[    0.017524] ACPI: RSDP 0x00000000000F0140 000024 (v02 LENOVO)
[    0.017531] ACPI: XSDT 0x000000004FFC2188 0000FC (v01 LENOVO TP-N1M 
00001270 PTEC 00000002)
[    0.017539] ACPI: FACP 0x000000004FFF5000 0000F4 (v05 LENOVO TP-N1M 
00001270 PTEC 00000002)
[    0.017547] ACPI: DSDT 0x000000004FFD0000 020E02 (v02 LENOVO SKL 
00000000 INTL 20160527)
[    0.017553] ACPI: FACS 0x000000004FF3D000 000040
[    0.017557] ACPI: SSDT 0x000000004FFFC000 0003CC (v02 LENOVO Tpm2Tabl 
00001000 INTL 20160527)
[    0.017562] ACPI: TPM2 0x000000004FFFB000 000034 (v03 LENOVO TP-N1M 
00001270 PTEC 00000002)
[    0.017566] ACPI: UEFI 0x000000004FF53000 000042 (v01 LENOVO TP-N1M 
00001270 PTEC 00000002)
[    0.017571] ACPI: SSDT 0x000000004FFF7000 003246 (v02 LENOVO SaSsdt 
00003000 INTL 20160527)
[    0.017576] ACPI: SSDT 0x000000004FFF6000 0005B6 (v02 LENOVO PerfTune 
00001000 INTL 20160527)
[    0.017581] ACPI: HPET 0x000000004FFF4000 000038 (v01 LENOVO TP-N1M 
00001270 PTEC 00000002)
[    0.017585] ACPI: APIC 0x000000004FFF3000 0000BC (v03 LENOVO TP-N1M 
00001270 PTEC 00000002)
[    0.017590] ACPI: MCFG 0x000000004FFF2000 00003C (v01 LENOVO TP-N1M 
00001270 PTEC 00000002)
[    0.017594] ACPI: ECDT 0x000000004FFF1000 000053 (v01 LENOVO TP-N1M 
00001270 PTEC 00000002)
[    0.017599] ACPI: SSDT 0x000000004FFCE000 001627 (v02 LENOVO ProjSsdt 
00000010 INTL 20160527)
[    0.017604] ACPI: BOOT 0x000000004FFCD000 000028 (v01 LENOVO TP-N1M 
00001270 PTEC 00000002)
[    0.017608] ACPI: BATB 0x000000004FFCC000 00004A (v02 LENOVO TP-N1M 
00001270 PTEC 00000002)
[    0.017613] ACPI: SLIC 0x000000004FFCB000 000176 (v01 LENOVO TP-N1M 
00001270 PTEC 00000002)
[    0.017618] ACPI: SSDT 0x000000004FFC9000 0017AE (v02 LENOVO CpuSsdt 
00003000 INTL 20160527)
[    0.017622] ACPI: SSDT 0x000000004FFC8000 00056D (v02 LENOVO CtdpB 
00001000 INTL 20160527)
[    0.017627] ACPI: SSDT 0x000000004FFC7000 000678 (v02 LENOVO UsbCTabl 
00001000 INTL 20160527)
[    0.017632] ACPI: WSMT 0x000000004FFC6000 000028 (v01 LENOVO TP-N1M 
00001270 PTEC 00000002)
[    0.017636] ACPI: SSDT 0x000000004FFC5000 000141 (v02 LENOVO HdaDsp 
00000000 INTL 20160527)
[    0.017641] ACPI: SSDT 0x000000004FFC4000 00050D (v02 LENOVO TbtTypeC 
00000000 INTL 20160527)
[    0.017646] ACPI: DBGP 0x000000004FFC3000 000034 (v01 LENOVO TP-N1M 
00001270 PTEC 00000002)
[    0.017650] ACPI: DBG2 0x000000004FFFD000 000054 (v00 LENOVO TP-N1M 
00001270 PTEC 00000002)
[    0.017655] ACPI: MSDM 0x000000004FFC1000 000055 (v03 LENOVO TP-N1M 
00001270 PTEC 00000002)
[    0.017659] ACPI: DMAR 0x000000004FFC0000 0000A8 (v01 LENOVO TP-N1M 
00001270 PTEC 00000002)
[    0.017664] ACPI: ASF! 0x000000004FFBF000 0000A0 (v32 LENOVO TP-N1M 
00001270 PTEC 00000002)
[    0.017669] ACPI: FPDT 0x000000004FFBE000 000044 (v01 LENOVO TP-N1M 
00001270 PTEC 00000002)
[    0.017673] ACPI: UEFI 0x000000004FF3A000 00013E (v01 LENOVO TP-N1M 
00001270 PTEC 00000002)
[    0.017677] ACPI: Reserving FACP table memory at [mem 
0x4fff5000-0x4fff50f3]
[    0.017680] ACPI: Reserving DSDT table memory at [mem 
0x4ffd0000-0x4fff0e01]
[    0.017682] ACPI: Reserving FACS table memory at [mem 
0x4ff3d000-0x4ff3d03f]
[    0.017683] ACPI: Reserving SSDT table memory at [mem 
0x4fffc000-0x4fffc3cb]
[    0.017685] ACPI: Reserving TPM2 table memory at [mem 
0x4fffb000-0x4fffb033]
[    0.017686] ACPI: Reserving UEFI table memory at [mem 
0x4ff53000-0x4ff53041]
[    0.017688] ACPI: Reserving SSDT table memory at [mem 
0x4fff7000-0x4fffa245]
[    0.017689] ACPI: Reserving SSDT table memory at [mem 
0x4fff6000-0x4fff65b5]
[    0.017691] ACPI: Reserving HPET table memory at [mem 
0x4fff4000-0x4fff4037]
[    0.017692] ACPI: Reserving APIC table memory at [mem 
0x4fff3000-0x4fff30bb]
[    0.017694] ACPI: Reserving MCFG table memory at [mem 
0x4fff2000-0x4fff203b]
[    0.017695] ACPI: Reserving ECDT table memory at [mem 
0x4fff1000-0x4fff1052]
[    0.017697] ACPI: Reserving SSDT table memory at [mem 
0x4ffce000-0x4ffcf626]
[    0.017698] ACPI: Reserving BOOT table memory at [mem 
0x4ffcd000-0x4ffcd027]
[    0.017700] ACPI: Reserving BATB table memory at [mem 
0x4ffcc000-0x4ffcc049]
[    0.017701] ACPI: Reserving SLIC table memory at [mem 
0x4ffcb000-0x4ffcb175]
[    0.017703] ACPI: Reserving SSDT table memory at [mem 
0x4ffc9000-0x4ffca7ad]
[    0.017704] ACPI: Reserving SSDT table memory at [mem 
0x4ffc8000-0x4ffc856c]
[    0.017706] ACPI: Reserving SSDT table memory at [mem 
0x4ffc7000-0x4ffc7677]
[    0.017707] ACPI: Reserving WSMT table memory at [mem 
0x4ffc6000-0x4ffc6027]
[    0.017709] ACPI: Reserving SSDT table memory at [mem 
0x4ffc5000-0x4ffc5140]
[    0.017710] ACPI: Reserving SSDT table memory at [mem 
0x4ffc4000-0x4ffc450c]
[    0.017712] ACPI: Reserving DBGP table memory at [mem 
0x4ffc3000-0x4ffc3033]
[    0.017713] ACPI: Reserving DBG2 table memory at [mem 
0x4fffd000-0x4fffd053]
[    0.017715] ACPI: Reserving MSDM table memory at [mem 
0x4ffc1000-0x4ffc1054]
[    0.017716] ACPI: Reserving DMAR table memory at [mem 
0x4ffc0000-0x4ffc00a7]
[    0.017718] ACPI: Reserving ASF! table memory at [mem 
0x4ffbf000-0x4ffbf09f]
[    0.017720] ACPI: Reserving FPDT table memory at [mem 
0x4ffbe000-0x4ffbe043]
[    0.017721] ACPI: Reserving UEFI table memory at [mem 
0x4ff3a000-0x4ff3a13d]
[    0.017846] No NUMA configuration found
[    0.017848] Faking a node at [mem 0x0000000000000000-0x00000004a17fffff]
[    0.017865] NODE_DATA(0) allocated [mem 0x4a17d5000-0x4a17fffff]
[    0.055777] Zone ranges:
[    0.055779]   DMA      [mem 0x0000000000001000-0x0000000000ffffff]
[    0.055783]   DMA32    [mem 0x0000000001000000-0x00000000ffffffff]
[    0.055786]   Normal   [mem 0x0000000100000000-0x00000004a17fffff]
[    0.055788]   Device   empty
[    0.055790] Movable zone start for each node
[    0.055795] Early memory node ranges
[    0.055795]   node   0: [mem 0x0000000000001000-0x000000000009cfff]
[    0.055798]   node   0: [mem 0x0000000000100000-0x0000000040163fff]
[    0.055800]   node   0: [mem 0x0000000100000000-0x00000004a17fffff]
[    0.055804] Initmem setup node 0 [mem 
0x0000000000001000-0x00000004a17fffff]
[    0.055811] On node 0, zone DMA: 1 pages in unavailable ranges
[    0.055844] On node 0, zone DMA: 99 pages in unavailable ranges
[    0.094505] On node 0, zone Normal: 32412 pages in unavailable ranges
[    0.094999] On node 0, zone Normal: 26624 pages in unavailable ranges
[    0.095012] Reserving Intel graphics memory at [mem 
0x5a800000-0x5c7fffff]
[    0.095202] ACPI: PM-Timer IO Port: 0x1808
[    0.095211] ACPI: LAPIC_NMI (acpi_id[0x01] high edge lint[0x1])
[    0.095214] ACPI: LAPIC_NMI (acpi_id[0x02] high edge lint[0x1])
[    0.095216] ACPI: LAPIC_NMI (acpi_id[0x03] high edge lint[0x1])
[    0.095217] ACPI: LAPIC_NMI (acpi_id[0x04] high edge lint[0x1])
[    0.095219] ACPI: LAPIC_NMI (acpi_id[0x05] high edge lint[0x1])
[    0.095220] ACPI: LAPIC_NMI (acpi_id[0x06] high edge lint[0x1])
[    0.095221] ACPI: LAPIC_NMI (acpi_id[0x07] high edge lint[0x1])
[    0.095222] ACPI: LAPIC_NMI (acpi_id[0x08] high edge lint[0x1])
[    0.095250] IOAPIC[0]: apic_id 2, version 32, address 0xfec00000, GSI 
0-119
[    0.095255] ACPI: INT_SRC_OVR (bus 0 bus_irq 0 global_irq 2 dfl dfl)
[    0.095258] ACPI: INT_SRC_OVR (bus 0 bus_irq 9 global_irq 9 high level)
[    0.095264] ACPI: Using ACPI (MADT) for SMP configuration information
[    0.095265] ACPI: HPET id: 0x8086a201 base: 0xfed00000
[    0.095270] TSC deadline timer available
[    0.095272] smpboot: Allowing 4 CPUs, 0 hotplug CPUs
[    0.095301] PM: hibernation: Registered nosave memory: [mem 
0x00000000-0x00000fff]
[    0.095305] PM: hibernation: Registered nosave memory: [mem 
0x0009d000-0x0009ffff]
[    0.095307] PM: hibernation: Registered nosave memory: [mem 
0x000a0000-0x000dffff]
[    0.095308] PM: hibernation: Registered nosave memory: [mem 
0x000e0000-0x000fffff]
[    0.095311] PM: hibernation: Registered nosave memory: [mem 
0x40164000-0x4501efff]
[    0.095312] PM: hibernation: Registered nosave memory: [mem 
0x4501f000-0x4501ffff]
[    0.095314] PM: hibernation: Registered nosave memory: [mem 
0x45020000-0x4ff2bfff]
[    0.095315] PM: hibernation: Registered nosave memory: [mem 
0x4ff2c000-0x4ff99fff]
[    0.095316] PM: hibernation: Registered nosave memory: [mem 
0x4ff9a000-0x4fffefff]
[    0.095318] PM: hibernation: Registered nosave memory: [mem 
0x4ffff000-0x57ffffff]
[    0.095319] PM: hibernation: Registered nosave memory: [mem 
0x58000000-0x585fffff]
[    0.095320] PM: hibernation: Registered nosave memory: [mem 
0x58600000-0x5c7fffff]
[    0.095321] PM: hibernation: Registered nosave memory: [mem 
0x5c800000-0xefffffff]
[    0.095322] PM: hibernation: Registered nosave memory: [mem 
0xf0000000-0xf7ffffff]
[    0.095324] PM: hibernation: Registered nosave memory: [mem 
0xf8000000-0xfcffffff]
[    0.095325] PM: hibernation: Registered nosave memory: [mem 
0xfd000000-0xfe7fffff]
[    0.095326] PM: hibernation: Registered nosave memory: [mem 
0xfe800000-0xfebfffff]
[    0.095327] PM: hibernation: Registered nosave memory: [mem 
0xfec00000-0xfec00fff]
[    0.095328] PM: hibernation: Registered nosave memory: [mem 
0xfec01000-0xfecfffff]
[    0.095330] PM: hibernation: Registered nosave memory: [mem 
0xfed00000-0xfed00fff]
[    0.095331] PM: hibernation: Registered nosave memory: [mem 
0xfed01000-0xfed0ffff]
[    0.095332] PM: hibernation: Registered nosave memory: [mem 
0xfed10000-0xfed19fff]
[    0.095333] PM: hibernation: Registered nosave memory: [mem 
0xfed1a000-0xfed83fff]
[    0.095335] PM: hibernation: Registered nosave memory: [mem 
0xfed84000-0xfed84fff]
[    0.095336] PM: hibernation: Registered nosave memory: [mem 
0xfed85000-0xfedfffff]
[    0.095337] PM: hibernation: Registered nosave memory: [mem 
0xfee00000-0xfee00fff]
[    0.095338] PM: hibernation: Registered nosave memory: [mem 
0xfee01000-0xff7fffff]
[    0.095340] PM: hibernation: Registered nosave memory: [mem 
0xff800000-0xffffffff]
[    0.095342] [mem 0x5c800000-0xefffffff] available for PCI devices
[    0.095344] Booting paravirtualized kernel on bare hardware
[    0.095347] clocksource: refined-jiffies: mask: 0xffffffff 
max_cycles: 0xffffffff, max_idle_ns: 1910969940391419 ns
[    0.105207] setup_percpu: NR_CPUS:8192 nr_cpumask_bits:4 nr_cpu_ids:4 
nr_node_ids:1
[    0.105441] percpu: Embedded 61 pages/cpu s212992 r8192 d28672 u524288
[    0.105452] pcpu-alloc: s212992 r8192 d28672 u524288 alloc=1*2097152
[    0.105456] pcpu-alloc: [0] 0 1 2 3
[    0.105498] Fallback order for Node 0: 0
[    0.105502] Built 1 zonelists, mobility grouping on.  Total pages: 
4005886
[    0.105505] Policy zone: Normal
[    0.105507] Kernel command line: 
BOOT_IMAGE=(hd0,msdos1)/vmlinuz-5.18.5-200.fc36.x86_64 
root=/dev/mapper/fedora_dhcp--17--161-root ro 
resume=/dev/mapper/fedora_dhcp--17--161-swap 
rd.lvm.lv=fedora_dhcp-17-161/root rd.lvm.lv=fedora_dhcp-17-161/swap rhgb 
quiet systemd.unified_cgroup_hierarchy=0
[    0.105703] Unknown kernel command line parameters "rhgb 
BOOT_IMAGE=(hd0,msdos1)/vmlinuz-5.18.5-200.fc36.x86_64", will be passed 
to user space.
[    0.106936] Dentry cache hash table entries: 2097152 (order: 12, 
16777216 bytes, linear)
[    0.107565] Inode-cache hash table entries: 1048576 (order: 11, 
8388608 bytes, linear)
[    0.107799] mem auto-init: stack:off, heap alloc:off, heap free:off
[    0.177409] Memory: 15837900K/16278528K available (16393K kernel 
code, 3726K rwdata, 11268K rodata, 2716K init, 6088K bss, 440368K 
reserved, 0K cma-reserved)
[    0.179345] SLUB: HWalign=64, Order=0-3, MinObjects=0, CPUs=4, Nodes=1
[    0.179413] Kernel/User page tables isolation: enabled
[    0.179440] ftrace: allocating 49904 entries in 195 pages
[    0.193357] ftrace: allocated 195 pages with 4 groups
[    0.194730] Dynamic Preempt: voluntary
[    0.194859] rcu: Preemptible hierarchical RCU implementation.
[    0.194860] rcu: 	RCU restricting CPUs from NR_CPUS=8192 to nr_cpu_ids=4.
[    0.194863] 	Trampoline variant of Tasks RCU enabled.
[    0.194864] 	Rude variant of Tasks RCU enabled.
[    0.194864] 	Tracing variant of Tasks RCU enabled.
[    0.194866] rcu: RCU calculated value of scheduler-enlistment delay 
is 100 jiffies.
[    0.194867] rcu: Adjusting geometry for rcu_fanout_leaf=16, nr_cpu_ids=4
[    0.203734] NR_IRQS: 524544, nr_irqs: 1024, preallocated irqs: 16
[    0.204202] kfence: initialized - using 2097152 bytes for 255 objects 
at 0x(____ptrval____)-0x(____ptrval____)
[    0.204254] random: crng init done
[    0.208163] Console: colour VGA+ 80x25
[    0.208184] printk: console [tty0] enabled
[    0.208211] ACPI: Core revision 20211217
[    0.208532] hpet: HPET dysfunctional in PC10. Force disabled.
[    0.208535] APIC: Switch to symmetric I/O mode setup
[    0.208538] DMAR: Host address width 39
[    0.208539] DMAR: DRHD base: 0x000000fed90000 flags: 0x0
[    0.208547] DMAR: dmar0: reg_base_addr fed90000 ver 1:0 cap 
1c0000c40660462 ecap 19e2ff0505e
[    0.208552] DMAR: DRHD base: 0x000000fed91000 flags: 0x1
[    0.208557] DMAR: dmar1: reg_base_addr fed91000 ver 1:0 cap 
d2008c40660462 ecap f050da
[    0.208560] DMAR: RMRR base: 0x0000004f49f000 end: 0x0000004f4befff
[    0.208563] DMAR: RMRR base: 0x0000005a000000 end: 0x0000005c7fffff
[    0.208566] DMAR-IR: IOAPIC id 2 under DRHD base  0xfed91000 IOMMU 1
[    0.208568] DMAR-IR: HPET id 0 under DRHD base 0xfed91000
[    0.208570] DMAR-IR: Queued invalidation will be enabled to support 
x2apic and Intr-remapping.
[    0.210437] DMAR-IR: Enabled IRQ remapping in x2apic mode
[    0.210440] x2apic enabled
[    0.210455] Switched APIC routing to cluster x2apic.
[    0.214348] clocksource: tsc-early: mask: 0xffffffffffffffff 
max_cycles: 0x29ccd767b87, max_idle_ns: 440795223720 ns
[    0.214357] Calibrating delay loop (skipped), value calculated using 
timer frequency.. 5799.77 BogoMIPS (lpj=2899886)
[    0.214361] pid_max: default: 32768 minimum: 301
[    0.214395] LSM: Security Framework initializing
[    0.214410] Yama: becoming mindful.
[    0.214417] SELinux:  Initializing.
[    0.214450] LSM support for eBPF active
[    0.214453] landlock: Up and running.
[    0.214513] Mount-cache hash table entries: 32768 (order: 6, 262144 
bytes, linear)
[    0.214555] Mountpoint-cache hash table entries: 32768 (order: 6, 
262144 bytes, linear)
[    0.214872] CPU0: Thermal monitoring enabled (TM1)
[    0.214967] process: using mwait in idle threads
[    0.214971] Last level iTLB entries: 4KB 64, 2MB 8, 4MB 8
[    0.214973] Last level dTLB entries: 4KB 64, 2MB 0, 4MB 0, 1GB 4
[    0.214982] Spectre V1 : Mitigation: usercopy/swapgs barriers and 
__user pointer sanitization
[    0.214987] Spectre V2 : Mitigation: Retpolines
[    0.214988] Spectre V2 : Spectre v2 / SpectreRSB mitigation: Filling 
RSB on context switch
[    0.214989] Spectre V2 : Enabling Restricted Speculation for firmware 
calls
[    0.214991] Spectre V2 : mitigation: Enabling conditional Indirect 
Branch Prediction Barrier
[    0.214993] Spectre V2 : User space: Mitigation: STIBP via prctl
[    0.214995] Speculative Store Bypass: Mitigation: Speculative Store 
Bypass disabled via prctl
[    0.215005] MDS: Mitigation: Clear CPU buffers
[    0.215006] TAA: Mitigation: TSX disabled
[    0.215007] MMIO Stale Data: Mitigation: Clear CPU buffers
[    0.215015] SRBDS: Mitigation: Microcode
[    0.215353] Freeing SMP alternatives memory: 44K
[    0.215353] smpboot: Estimated ratio of average max frequency by base 
frequency (times 1024): 1377
[    0.215353] smpboot: CPU0: Intel(R) Core(TM) i7-7600U CPU @ 2.80GHz 
(family: 0x6, model: 0x8e, stepping: 0x9)
[    0.215353] cblist_init_generic: Setting adjustable number of 
callback queues.
[    0.215353] cblist_init_generic: Setting shift to 2 and lim to 1.
[    0.215353] cblist_init_generic: Setting shift to 2 and lim to 1.
[    0.215353] cblist_init_generic: Setting shift to 2 and lim to 1.
[    0.215353] Performance Events: PEBS fmt3+, Skylake events, 32-deep 
LBR, full-width counters, Intel PMU driver.
[    0.215353] ... version:                4
[    0.215353] ... bit width:              48
[    0.215353] ... generic registers:      4
[    0.215353] ... value mask:             0000ffffffffffff
[    0.215353] ... max period:             00007fffffffffff
[    0.215353] ... fixed-purpose events:   3
[    0.215353] ... event mask:             000000070000000f
[    0.215353] rcu: Hierarchical SRCU implementation.
[    0.215868] NMI watchdog: Enabled. Permanently consumes one hw-PMU 
counter.
[    0.215948] smp: Bringing up secondary CPUs ...
[    0.216073] x86: Booting SMP configuration:
[    0.216074] .... node  #0, CPUs:      #1 #2
[    0.217656] MDS CPU bug present and SMT on, data leak possible. See 
https://www.kernel.org/doc/html/latest/admin-guide/hw-vuln/mds.html for 
more details.
[    0.217656] MMIO Stale Data CPU bug present and SMT on, data leak 
possible. See 
https://www.kernel.org/doc/html/latest/admin-guide/hw-vuln/processor_mmio_stale_data.html 
for more details.
[    0.217656]  #3
[    0.218799] smp: Brought up 1 node, 4 CPUs
[    0.218799] smpboot: Max logical packages: 1
[    0.218799] smpboot: Total of 4 processors activated (23199.08 BogoMIPS)
[    0.220075] devtmpfs: initialized
[    0.220075] x86/mm: Memory block size: 128MB
[    0.222119] ACPI: PM: Registering ACPI NVS region [mem 
0x4501f000-0x4501ffff] (4096 bytes)
[    0.222119] ACPI: PM: Registering ACPI NVS region [mem 
0x4ff2c000-0x4ff99fff] (450560 bytes)
[    0.222119] clocksource: jiffies: mask: 0xffffffff max_cycles: 
0xffffffff, max_idle_ns: 1911260446275000 ns
[    0.222119] futex hash table entries: 1024 (order: 4, 65536 bytes, 
linear)
[    0.222387] pinctrl core: initialized pinctrl subsystem
[    0.222617] PM: RTC time: 21:00:36, date: 2022-06-26
[    0.222974] NET: Registered PF_NETLINK/PF_ROUTE protocol family
[    0.223169] DMA: preallocated 2048 KiB GFP_KERNEL pool for atomic 
allocations
[    0.223178] DMA: preallocated 2048 KiB GFP_KERNEL|GFP_DMA pool for 
atomic allocations
[    0.223185] DMA: preallocated 2048 KiB GFP_KERNEL|GFP_DMA32 pool for 
atomic allocations
[    0.223201] audit: initializing netlink subsys (disabled)
[    0.223212] audit: type=2000 audit(1656277236.008:1): 
state=initialized audit_enabled=0 res=1
[    0.223375] thermal_sys: Registered thermal governor 'fair_share'
[    0.223377] thermal_sys: Registered thermal governor 'bang_bang'
[    0.223379] thermal_sys: Registered thermal governor 'step_wise'
[    0.223380] thermal_sys: Registered thermal governor 'user_space'
[    0.223394] cpuidle: using governor menu
[    0.223484] Simple Boot Flag at 0x47 set to 0x1
[    0.223484] ACPI FADT declares the system doesn't support PCIe ASPM, 
so disable it
[    0.223484] acpiphp: ACPI Hot Plug PCI Controller Driver version: 0.5
[    0.223612] PCI: MMCONFIG for domain 0000 [bus 00-7f] at [mem 
0xf0000000-0xf7ffffff] (base 0xf0000000)
[    0.223620] PCI: MMCONFIG at [mem 0xf0000000-0xf7ffffff] reserved in E820
[    0.223638] PCI: Using configuration type 1 for base access
[    0.223881] ENERGY_PERF_BIAS: Set to 'normal', was 'performance'
[    0.226548] kprobes: kprobe jump-optimization is enabled. All kprobes 
are optimized if possible.
[    0.226561] HugeTLB registered 1.00 GiB page size, pre-allocated 0 pages
[    0.226561] HugeTLB registered 2.00 MiB page size, pre-allocated 0 pages
[    0.226561] cryptd: max_cpu_qlen set to 1000
[    0.226561] raid6: skipped pq benchmark and selected avx2x4
[    0.226561] raid6: using avx2x2 recovery algorithm
[    0.226561] ACPI: Added _OSI(Module Device)
[    0.226561] ACPI: Added _OSI(Processor Device)
[    0.226561] ACPI: Added _OSI(3.0 _SCP Extensions)
[    0.226561] ACPI: Added _OSI(Processor Aggregator Device)
[    0.226561] ACPI: Added _OSI(Linux-Dell-Video)
[    0.226561] ACPI: Added _OSI(Linux-Lenovo-NV-HDMI-Audio)
[    0.226561] ACPI: Added _OSI(Linux-HPI-Hybrid-Graphics)
[    0.292951] ACPI: 10 ACPI AML tables successfully acquired and loaded
[    0.294388] ACPI: EC: EC started
[    0.294390] ACPI: EC: interrupt blocked
[    0.296505] ACPI: EC: EC_CMD/EC_SC=0x66, EC_DATA=0x62
[    0.296507] ACPI: EC: Boot ECDT EC used to handle transactions
[    0.298407] ACPI: [Firmware Bug]: BIOS _OSI(Linux) query ignored
[    0.309688] ACPI: Dynamic OEM Table Load:
[    0.309707] ACPI: SSDT 0xFFFFA00E01128800 0006F6 (v02 PmRef  Cpu0Ist 
00003000 INTL 20160527)
[    0.311363] ACPI: \_PR_.PR00: _OSC native thermal LVT Acked
[    0.312869] ACPI: Dynamic OEM Table Load:
[    0.312881] ACPI: SSDT 0xFFFFA00E00EFF000 0003FF (v02 PmRef  Cpu0Cst 
00003001 INTL 20160527)
[    0.314513] ACPI: Dynamic OEM Table Load:
[    0.314523] ACPI: SSDT 0xFFFFA00E01026780 0000BA (v02 PmRef  Cpu0Hwp 
00003000 INTL 20160527)
[    0.316020] ACPI: Dynamic OEM Table Load:
[    0.316030] ACPI: SSDT 0xFFFFA00E01129000 000628 (v02 PmRef  HwpLvt 
00003000 INTL 20160527)
[    0.317981] ACPI: Dynamic OEM Table Load:
[    0.317996] ACPI: SSDT 0xFFFFA00E0007B000 000D14 (v02 PmRef  ApIst 
00003000 INTL 20160527)
[    0.320456] ACPI: Dynamic OEM Table Load:
[    0.320468] ACPI: SSDT 0xFFFFA00E0110D800 000317 (v02 PmRef  ApHwp 
00003000 INTL 20160527)
[    0.322135] ACPI: Dynamic OEM Table Load:
[    0.322145] ACPI: SSDT 0xFFFFA00E0110E000 00030A (v02 PmRef  ApCst 
00003000 INTL 20160527)
[    0.325347] ACPI: Interpreter enabled
[    0.325436] ACPI: PM: (supports S0 S3 S4 S5)
[    0.325438] ACPI: Using IOAPIC for interrupt routing
[    0.325493] PCI: Using host bridge windows from ACPI; if necessary, 
use "pci=nocrs" and report a bug
[    0.326339] ACPI: Enabled 7 GPEs in block 00 to 7F
[    0.331160] ACPI: PM: Power Resource [PUBS]
[    0.348728] ACPI: PM: Power Resource [WRST]
[    0.348916] ACPI: PM: Power Resource [WRST]
[    0.366652] ACPI: PCI Root Bridge [PCI0] (domain 0000 [bus 00-7e])
[    0.366663] acpi PNP0A08:00: _OSC: OS supports [ExtendedConfig ASPM 
ClockPM Segments MSI EDR HPX-Type3]
[    0.366757] acpi PNP0A08:00: _OSC: platform does not support 
[PCIeHotplug SHPCHotplug PME AER PCIeCapability]
[    0.366837] acpi PNP0A08:00: _OSC: not requesting control; platform 
does not support [PCIeCapability]
[    0.366840] acpi PNP0A08:00: _OSC: OS requested [PCIeHotplug 
SHPCHotplug PME AER PCIeCapability LTR DPC]
[    0.366842] acpi PNP0A08:00: _OSC: platform willing to grant [LTR DPC]
[    0.366843] acpi PNP0A08:00: _OSC: platform retains control of PCIe 
features (AE_SUPPORT)
[    0.369684] PCI host bridge to bus 0000:00
[    0.369687] pci_bus 0000:00: root bus resource [io  0x0000-0x0cf7 window]
[    0.369691] pci_bus 0000:00: root bus resource [io  0x0d00-0xffff window]
[    0.369694] pci_bus 0000:00: root bus resource [mem 
0x000a0000-0x000bffff window]
[    0.369696] pci_bus 0000:00: root bus resource [mem 
0x5c800000-0xefffffff window]
[    0.369698] pci_bus 0000:00: root bus resource [mem 
0xfd000000-0xfe7fffff window]
[    0.369700] pci_bus 0000:00: root bus resource [bus 00-7e]
[    0.369721] pci 0000:00:00.0: [8086:5904] type 00 class 0x060000
[    0.369826] pci 0000:00:02.0: [8086:5916] type 00 class 0x030000
[    0.369841] pci 0000:00:02.0: reg 0x10: [mem 0xeb000000-0xebffffff 64bit]
[    0.369851] pci 0000:00:02.0: reg 0x18: [mem 0x60000000-0x6fffffff 
64bit pref]
[    0.369858] pci 0000:00:02.0: reg 0x20: [io  0xe000-0xe03f]
[    0.369884] pci 0000:00:02.0: Video device with shadowed ROM at [mem 
0x000c0000-0x000dffff]
[    0.370106] pci 0000:00:08.0: [8086:1911] type 00 class 0x088000
[    0.370123] pci 0000:00:08.0: reg 0x10: [mem 0xec348000-0xec348fff 64bit]
[    0.370269] pci 0000:00:14.0: [8086:9d2f] type 00 class 0x0c0330
[    0.370291] pci 0000:00:14.0: reg 0x10: [mem 0xec320000-0xec32ffff 64bit]
[    0.370373] pci 0000:00:14.0: PME# supported from D3hot D3cold
[    0.371123] pci 0000:00:14.2: [8086:9d31] type 00 class 0x118000
[    0.371144] pci 0000:00:14.2: reg 0x10: [mem 0xec349000-0xec349fff 64bit]
[    0.371283] pci 0000:00:16.0: [8086:9d3a] type 00 class 0x078000
[    0.371301] pci 0000:00:16.0: reg 0x10: [mem 0xec34a000-0xec34afff 64bit]
[    0.371363] pci 0000:00:16.0: PME# supported from D3hot
[    0.371793] pci 0000:00:16.3: [8086:9d3d] type 00 class 0x070002
[    0.371810] pci 0000:00:16.3: reg 0x10: [io  0xe060-0xe067]
[    0.371820] pci 0000:00:16.3: reg 0x14: [mem 0xec34c000-0xec34cfff]
[    0.371969] pci 0000:00:1c.0: [8086:9d10] type 01 class 0x060400
[    0.372061] pci 0000:00:1c.0: PME# supported from D0 D3hot D3cold
[    0.372686] pci 0000:00:1c.2: [8086:9d12] type 01 class 0x060400
[    0.372779] pci 0000:00:1c.2: PME# supported from D0 D3hot D3cold
[    0.373375] pci 0000:00:1c.4: [8086:9d14] type 01 class 0x060400
[    0.373477] pci 0000:00:1c.4: PME# supported from D0 D3hot D3cold
[    0.374092] pci 0000:00:1d.0: [8086:9d18] type 01 class 0x060400
[    0.374198] pci 0000:00:1d.0: PME# supported from D0 D3hot D3cold
[    0.374811] pci 0000:00:1f.0: [8086:9d4e] type 00 class 0x060100
[    0.375368] pci 0000:00:1f.2: [8086:9d21] type 00 class 0x058000
[    0.375386] pci 0000:00:1f.2: reg 0x10: [mem 0xec344000-0xec347fff]
[    0.375870] pci 0000:00:1f.3: [8086:9d71] type 00 class 0x040300
[    0.375897] pci 0000:00:1f.3: reg 0x10: [mem 0xec340000-0xec343fff 64bit]
[    0.375934] pci 0000:00:1f.3: reg 0x20: [mem 0xec330000-0xec33ffff 64bit]
[    0.375993] pci 0000:00:1f.3: PME# supported from D3hot D3cold
[    0.376543] pci 0000:00:1f.4: [8086:9d23] type 00 class 0x0c0500
[    0.376602] pci 0000:00:1f.4: reg 0x10: [mem 0xec34b000-0xec34b0ff 64bit]
[    0.376675] pci 0000:00:1f.4: reg 0x20: [io  0xefa0-0xefbf]
[    0.377172] pci 0000:00:1f.6: [8086:15d7] type 00 class 0x020000
[    0.377193] pci 0000:00:1f.6: reg 0x10: [mem 0xec300000-0xec31ffff]
[    0.377302] pci 0000:00:1f.6: PME# supported from D0 D3hot D3cold
[    0.377791] pci 0000:02:00.0: [10ec:525a] type 00 class 0xff0000
[    0.377825] pci 0000:02:00.0: reg 0x14: [mem 0xec200000-0xec200fff]
[    0.377965] pci 0000:02:00.0: supports D1 D2
[    0.377966] pci 0000:02:00.0: PME# supported from D1 D2 D3hot D3cold
[    0.378137] pci 0000:00:1c.0: PCI bridge to [bus 02]
[    0.378143] pci 0000:00:1c.0:   bridge window [mem 0xec200000-0xec2fffff]
[    0.378718] pci 0000:04:00.0: [8086:24fd] type 00 class 0x028000
[    0.378811] pci 0000:04:00.0: reg 0x10: [mem 0xec100000-0xec101fff 64bit]
[    0.379446] pci 0000:04:00.0: PME# supported from D0 D3hot D3cold
[    0.380198] pci 0000:00:1c.2: PCI bridge to [bus 04]
[    0.380204] pci 0000:00:1c.2:   bridge window [mem 0xec100000-0xec1fffff]
[    0.380375] pci 0000:05:00.0: [144d:a808] type 00 class 0x010802
[    0.380399] pci 0000:05:00.0: reg 0x10: [mem 0xec000000-0xec003fff 64bit]
[    0.380880] pci 0000:00:1c.4: PCI bridge to [bus 05]
[    0.380886] pci 0000:00:1c.4:   bridge window [mem 0xec000000-0xec0fffff]
[    0.380942] pci 0000:00:1d.0: PCI bridge to [bus 06-70]
[    0.380948] pci 0000:00:1d.0:   bridge window [mem 0xbc000000-0xea0fffff]
[    0.380954] pci 0000:00:1d.0:   bridge window [mem 
0x70000000-0xb9ffffff 64bit pref]
[    0.383175] ACPI: PCI: Interrupt link LNKA configured for IRQ 11
[    0.383237] ACPI: PCI: Interrupt link LNKB configured for IRQ 10
[    0.383295] ACPI: PCI: Interrupt link LNKC configured for IRQ 11
[    0.383357] ACPI: PCI: Interrupt link LNKD configured for IRQ 11
[    0.383415] ACPI: PCI: Interrupt link LNKE configured for IRQ 11
[    0.383472] ACPI: PCI: Interrupt link LNKF configured for IRQ 11
[    0.383529] ACPI: PCI: Interrupt link LNKG configured for IRQ 11
[    0.383587] ACPI: PCI: Interrupt link LNKH configured for IRQ 11
[    0.384505] ACPI: EC: interrupt unblocked
[    0.384507] ACPI: EC: event unblocked
[    0.384520] ACPI: EC: EC_CMD/EC_SC=0x66, EC_DATA=0x62
[    0.384521] ACPI: EC: GPE=0x16
[    0.384523] ACPI: \_SB_.PCI0.LPCB.EC__: Boot ECDT EC initialization 
complete
[    0.384526] ACPI: \_SB_.PCI0.LPCB.EC__: EC: Used to handle 
transactions and events
[    0.384643] iommu: Default domain type: Translated
[    0.384643] iommu: DMA domain TLB invalidation policy: lazy mode
[    0.384643] SCSI subsystem initialized
[    0.384643] libata version 3.00 loaded.
[    0.384643] ACPI: bus type USB registered
[    0.384643] usbcore: registered new interface driver usbfs
[    0.384643] usbcore: registered new interface driver hub
[    0.384643] usbcore: registered new device driver usb
[    0.384643] pps_core: LinuxPPS API ver. 1 registered
[    0.384643] pps_core: Software ver. 5.3.6 - Copyright 2005-2007 
Rodolfo Giometti <giometti@linux.it>
[    0.384643] PTP clock support registered
[    0.384643] EDAC MC: Ver: 3.0.0
[    0.385837] NetLabel: Initializing
[    0.385837] NetLabel:  domain hash size = 128
[    0.385837] NetLabel:  protocols = UNLABELED CIPSOv4 CALIPSO
[    0.385837] NetLabel:  unlabeled traffic allowed by default
[    0.385837] mctp: management component transport protocol core
[    0.385837] NET: Registered PF_MCTP protocol family
[    0.385837] PCI: Using ACPI for IRQ routing
[    0.391796] PCI: pci_cache_line_size set to 64 bytes
[    0.392563] e820: reserve RAM buffer [mem 0x0009d000-0x0009ffff]
[    0.392565] e820: reserve RAM buffer [mem 0x40164000-0x43ffffff]
[    0.392567] e820: reserve RAM buffer [mem 0x4a1800000-0x4a3ffffff]
[    0.392589] pci 0000:00:02.0: vgaarb: setting as boot VGA device
[    0.392589] pci 0000:00:02.0: vgaarb: bridge control possible
[    0.392589] pci 0000:00:02.0: vgaarb: VGA device added: 
decodes=io+mem,owns=io+mem,locks=none
[    0.392589] vgaarb: loaded
[    0.392589] clocksource: Switched to clocksource tsc-early
[    0.410378] VFS: Disk quotas dquot_6.6.0
[    0.410393] VFS: Dquot-cache hash table entries: 512 (order 0, 4096 
bytes)
[    0.410500] pnp: PnP ACPI init
[    0.410747] system 00:00: [mem 0xfd000000-0xfdabffff] has been reserved
[    0.410753] system 00:00: [mem 0xfdad0000-0xfdadffff] has been reserved
[    0.410756] system 00:00: [mem 0xfdb00000-0xfdffffff] has been reserved
[    0.410759] system 00:00: [mem 0xfe000000-0xfe01ffff] has been reserved
[    0.410761] system 00:00: [mem 0xfe036000-0xfe03bfff] has been reserved
[    0.410767] system 00:00: [mem 0xfe03d000-0xfe3fffff] has been reserved
[    0.410770] system 00:00: [mem 0xfe410000-0xfe7fffff] has been reserved
[    0.411224] system 00:01: [io  0xff00-0xfffe] has been reserved
[    0.411722] system 00:02: [io  0x0680-0x069f] has been reserved
[    0.411726] system 00:02: [io  0xffff] has been reserved
[    0.411729] system 00:02: [io  0xffff] has been reserved
[    0.411731] system 00:02: [io  0xffff] has been reserved
[    0.411733] system 00:02: [io  0x1800-0x18fe] has been reserved
[    0.411735] system 00:02: [io  0x164e-0x164f] has been reserved
[    0.411937] system 00:04: [io  0x1854-0x1857] has been reserved
[    0.412131] system 00:07: [io  0x1800-0x189f] could not be reserved
[    0.412135] system 00:07: [io  0x0800-0x087f] has been reserved
[    0.412137] system 00:07: [io  0x0880-0x08ff] has been reserved
[    0.412139] system 00:07: [io  0x0900-0x097f] has been reserved
[    0.412141] system 00:07: [io  0x0980-0x09ff] has been reserved
[    0.412144] system 00:07: [io  0x0a00-0x0a7f] has been reserved
[    0.412146] system 00:07: [io  0x0a80-0x0aff] has been reserved
[    0.412148] system 00:07: [io  0x0b00-0x0b7f] has been reserved
[    0.412150] system 00:07: [io  0x0b80-0x0bff] has been reserved
[    0.412152] system 00:07: [io  0x15e0-0x15ef] has been reserved
[    0.412154] system 00:07: [io  0x1600-0x167f] could not be reserved
[    0.412156] system 00:07: [io  0x1640-0x165f] could not be reserved
[    0.412160] system 00:07: [mem 0xf0000000-0xf7ffffff] has been reserved
[    0.412163] system 00:07: [mem 0xfed10000-0xfed13fff] has been reserved
[    0.412166] system 00:07: [mem 0xfed18000-0xfed18fff] has been reserved
[    0.412169] system 00:07: [mem 0xfed19000-0xfed19fff] has been reserved
[    0.412171] system 00:07: [mem 0xfeb00000-0xfebfffff] has been reserved
[    0.412174] system 00:07: [mem 0xfed20000-0xfed3ffff] has been reserved
[    0.412179] system 00:07: [mem 0xfed90000-0xfed93fff] could not be 
reserved
[    0.412182] system 00:07: [mem 0xeffe0000-0xefffffff] has been reserved
[    0.414019] system 00:08: [mem 0xfdaf0000-0xfdafffff] has been reserved
[    0.414023] system 00:08: [mem 0xfdae0000-0xfdaeffff] has been reserved
[    0.414026] system 00:08: [mem 0xfdac0000-0xfdacffff] has been reserved
[    0.414810] system 00:09: [mem 0xfed10000-0xfed17fff] could not be 
reserved
[    0.414815] system 00:09: [mem 0xfed18000-0xfed18fff] has been reserved
[    0.414818] system 00:09: [mem 0xfed19000-0xfed19fff] has been reserved
[    0.414821] system 00:09: [mem 0xf0000000-0xf7ffffff] has been reserved
[    0.414824] system 00:09: [mem 0xfed20000-0xfed3ffff] has been reserved
[    0.414826] system 00:09: [mem 0xfed90000-0xfed93fff] could not be 
reserved
[    0.414828] system 00:09: [mem 0xfed45000-0xfed8ffff] could not be 
reserved
[    0.414831] system 00:09: [mem 0xff000000-0xffffffff] could not be 
reserved
[    0.414833] system 00:09: [mem 0xfee00000-0xfeefffff] could not be 
reserved
[    0.414836] system 00:09: [mem 0xeffe0000-0xefffffff] has been reserved
[    0.415192] pnp 00:0a: disabling [mem 0x000c0000-0x000c3fff] because 
it overlaps 0000:00:02.0 BAR 6 [mem 0x000c0000-0x000dffff]
[    0.415197] pnp 00:0a: disabling [mem 0x000c8000-0x000cbfff] because 
it overlaps 0000:00:02.0 BAR 6 [mem 0x000c0000-0x000dffff]
[    0.415200] pnp 00:0a: disabling [mem 0x000d0000-0x000d3fff] because 
it overlaps 0000:00:02.0 BAR 6 [mem 0x000c0000-0x000dffff]
[    0.415203] pnp 00:0a: disabling [mem 0x000d8000-0x000dbfff] because 
it overlaps 0000:00:02.0 BAR 6 [mem 0x000c0000-0x000dffff]
[    0.415234] system 00:0a: [mem 0x00000000-0x0009ffff] could not be 
reserved
[    0.415237] system 00:0a: [mem 0x000e0000-0x000e3fff] could not be 
reserved
[    0.415239] system 00:0a: [mem 0x000e8000-0x000ebfff] could not be 
reserved
[    0.415241] system 00:0a: [mem 0x000f0000-0x000fffff] could not be 
reserved
[    0.415244] system 00:0a: [mem 0x00100000-0x5c7fffff] could not be 
reserved
[    0.415246] system 00:0a: [mem 0xfec00000-0xfed3ffff] could not be 
reserved
[    0.415249] system 00:0a: [mem 0xfed4c000-0xffffffff] could not be 
reserved
[    0.415445] pnp: PnP ACPI: found 11 devices
[    0.422383] clocksource: acpi_pm: mask: 0xffffff max_cycles: 
0xffffff, max_idle_ns: 2085701024 ns
[    0.422501] NET: Registered PF_INET protocol family
[    0.422723] IP idents hash table entries: 262144 (order: 9, 2097152 
bytes, linear)
[    0.425798] tcp_listen_portaddr_hash hash table entries: 8192 (order: 
5, 131072 bytes, linear)
[    0.425832] Table-perturb hash table entries: 65536 (order: 6, 262144 
bytes, linear)
[    0.425854] TCP established hash table entries: 131072 (order: 8, 
1048576 bytes, linear)
[    0.426038] TCP bind hash table entries: 65536 (order: 8, 1048576 
bytes, linear)
[    0.426196] TCP: Hash tables configured (established 131072 bind 65536)
[    0.426301] MPTCP token hash table entries: 16384 (order: 6, 393216 
bytes, linear)
[    0.426382] UDP hash table entries: 8192 (order: 6, 262144 bytes, linear)
[    0.426426] UDP-Lite hash table entries: 8192 (order: 6, 262144 
bytes, linear)
[    0.426510] NET: Registered PF_UNIX/PF_LOCAL protocol family
[    0.426520] NET: Registered PF_XDP protocol family
[    0.426530] pci 0000:00:1d.0: bridge window [io  0x1000-0x0fff] to 
[bus 06-70] add_size 1000
[    0.426546] pci 0000:00:1d.0: BAR 13: assigned [io  0x2000-0x2fff]
[    0.426552] pci 0000:00:1c.0: PCI bridge to [bus 02]
[    0.426558] pci 0000:00:1c.0:   bridge window [mem 0xec200000-0xec2fffff]
[    0.426567] pci 0000:00:1c.2: PCI bridge to [bus 04]
[    0.426572] pci 0000:00:1c.2:   bridge window [mem 0xec100000-0xec1fffff]
[    0.426579] pci 0000:00:1c.4: PCI bridge to [bus 05]
[    0.426591] pci 0000:00:1c.4:   bridge window [mem 0xec000000-0xec0fffff]
[    0.426600] pci 0000:00:1d.0: PCI bridge to [bus 06-70]
[    0.426604] pci 0000:00:1d.0:   bridge window [io  0x2000-0x2fff]
[    0.426609] pci 0000:00:1d.0:   bridge window [mem 0xbc000000-0xea0fffff]
[    0.426613] pci 0000:00:1d.0:   bridge window [mem 
0x70000000-0xb9ffffff 64bit pref]
[    0.426620] pci_bus 0000:00: resource 4 [io  0x0000-0x0cf7 window]
[    0.426623] pci_bus 0000:00: resource 5 [io  0x0d00-0xffff window]
[    0.426625] pci_bus 0000:00: resource 6 [mem 0x000a0000-0x000bffff 
window]
[    0.426628] pci_bus 0000:00: resource 7 [mem 0x5c800000-0xefffffff 
window]
[    0.426630] pci_bus 0000:00: resource 8 [mem 0xfd000000-0xfe7fffff 
window]
[    0.426632] pci_bus 0000:02: resource 1 [mem 0xec200000-0xec2fffff]
[    0.426635] pci_bus 0000:04: resource 1 [mem 0xec100000-0xec1fffff]
[    0.426637] pci_bus 0000:05: resource 1 [mem 0xec000000-0xec0fffff]
[    0.426639] pci_bus 0000:06: resource 0 [io  0x2000-0x2fff]
[    0.426641] pci_bus 0000:06: resource 1 [mem 0xbc000000-0xea0fffff]
[    0.426643] pci_bus 0000:06: resource 2 [mem 0x70000000-0xb9ffffff 
64bit pref]
[    0.427746] PCI: CLS 0 bytes, default 64
[    0.427773] PCI-DMA: Using software bounce buffering for IO (SWIOTLB)
[    0.427775] software IO TLB: mapped [mem 
0x000000003c164000-0x0000000040164000] (64MB)
[    0.427827] Trying to unpack rootfs image as initramfs...
[    0.427900] sgx: EPC section 0x50200000-0x55f7ffff
[    0.430614] Initialise system trusted keyrings
[    0.430634] Key type blacklist registered
[    0.430800] workingset: timestamp_bits=36 max_order=22 bucket_order=0
[    0.442370] zbud: loaded
[    0.446362] integrity: Platform Keyring initialized
[    0.446367] integrity: Machine keyring initialized
[    0.477272] NET: Registered PF_ALG protocol family
[    0.477284] xor: automatically using best checksumming function   avx
[    0.477292] Key type asymmetric registered
[    0.477298] Asymmetric key parser 'x509' registered
[    1.230495] Freeing initrd memory: 38324K
[    1.236786] alg: self-tests for CTR-KDF (hmac(sha256)) passed
[    1.236814] Block layer SCSI generic (bsg) driver version 0.4 loaded 
(major 244)
[    1.236864] io scheduler mq-deadline registered
[    1.236867] io scheduler kyber registered
[    1.236922] io scheduler bfq registered
[    1.239254] atomic64_test: passed for x86-64 platform with CX8 and 
with SSE
[    1.240937] shpchp: Standard Hot Plug PCI Controller Driver version: 0.4
[    1.241784] ACPI: AC: AC Adapter [AC] (off-line)
[    1.241900] input: Sleep Button as 
/devices/LNXSYSTM:00/LNXSYBUS:00/PNP0C0E:00/input/input0
[    1.241944] ACPI: button: Sleep Button [SLPB]
[    1.241986] input: Lid Switch as 
/devices/LNXSYSTM:00/LNXSYBUS:00/PNP0C0D:00/input/input1
[    1.242015] ACPI: button: Lid Switch [LID]
[    1.242052] input: Power Button as 
/devices/LNXSYSTM:00/LNXPWRBN:00/input/input2
[    1.242080] ACPI: button: Power Button [PWRF]
[    1.242278] smpboot: Estimated ratio of average max frequency by base 
frequency (times 1024): 1377
[    1.245575] thermal LNXTHERM:00: registered as thermal_zone0
[    1.245579] ACPI: thermal: Thermal Zone [THM0] (51 C)
[    1.246391] Serial: 8250/16550 driver, 32 ports, IRQ sharing enabled
[    1.264339] ACPI: battery: Slot [BAT0] (battery present)
[    1.265434] 0000:00:16.3: ttyS4 at I/O 0xe060 (irq = 19, base_baud = 
115200) is a 16550A
[    1.265729] hpet_acpi_add: no address or irqs in _CRS
[    1.265839] Non-volatile memory driver v1.3
[    1.265845] Linux agpgart interface v0.103
[    1.267530] tpm_tis MSFT0101:00: 2.0 TPM (device-id 0x0, rev-id 78)
[    1.288109] ACPI: bus type drm_connector registered
[    1.289441] ehci_hcd: USB 2.0 'Enhanced' Host Controller (EHCI) Driver
[    1.289447] ehci-pci: EHCI PCI platform driver
[    1.289460] ohci_hcd: USB 1.1 'Open' Host Controller (OHCI) Driver
[    1.289463] ohci-pci: OHCI PCI platform driver
[    1.289472] uhci_hcd: USB Universal Host Controller Interface driver
[    1.289679] xhci_hcd 0000:00:14.0: xHCI Host Controller
[    1.289780] xhci_hcd 0000:00:14.0: new USB bus registered, assigned 
bus number 1
[    1.290865] xhci_hcd 0000:00:14.0: hcc params 0x200077c1 hci version 
0x100 quirks 0x0000000081109810
[    1.291317] xhci_hcd 0000:00:14.0: xHCI Host Controller
[    1.291424] xhci_hcd 0000:00:14.0: new USB bus registered, assigned 
bus number 2
[    1.291428] xhci_hcd 0000:00:14.0: Host supports USB 3.0 SuperSpeed
[    1.291472] usb usb1: New USB device found, idVendor=1d6b, 
idProduct=0002, bcdDevice= 5.18
[    1.291476] usb usb1: New USB device strings: Mfr=3, Product=2, 
SerialNumber=1
[    1.291478] usb usb1: Product: xHCI Host Controller
[    1.291480] usb usb1: Manufacturer: Linux 5.18.5-200.fc36.x86_64 xhci-hcd
[    1.291482] usb usb1: SerialNumber: 0000:00:14.0
[    1.291657] hub 1-0:1.0: USB hub found
[    1.291675] hub 1-0:1.0: 12 ports detected
[    1.292957] usb usb2: New USB device found, idVendor=1d6b, 
idProduct=0003, bcdDevice= 5.18
[    1.292961] usb usb2: New USB device strings: Mfr=3, Product=2, 
SerialNumber=1
[    1.292963] usb usb2: Product: xHCI Host Controller
[    1.292965] usb usb2: Manufacturer: Linux 5.18.5-200.fc36.x86_64 xhci-hcd
[    1.292967] usb usb2: SerialNumber: 0000:00:14.0
[    1.293125] hub 2-0:1.0: USB hub found
[    1.293137] hub 2-0:1.0: 6 ports detected
[    1.293387] usb: port power management may be unreliable
[    1.293924] usbcore: registered new interface driver usbserial_generic
[    1.293930] usbserial: USB Serial support registered for generic
[    1.293965] i8042: PNP: PS/2 Controller [PNP0303:KBD,PNP0f13:MOU] at 
0x60,0x64 irq 1,12
[    1.295864] serio: i8042 KBD port at 0x60,0x64 irq 1
[    1.295871] serio: i8042 AUX port at 0x60,0x64 irq 12
[    1.296022] mousedev: PS/2 mouse device common for all mice
[    1.296322] rtc_cmos 00:03: RTC can wake from S4
[    1.297260] rtc_cmos 00:03: registered as rtc0
[    1.297427] rtc_cmos 00:03: setting system clock to 
2022-06-26T21:00:37 UTC (1656277237)
[    1.297450] rtc_cmos 00:03: alarms up to one month, y3k, 242 bytes nvram
[    1.297558] device-mapper: core: CONFIG_IMA_DISABLE_HTABLE is 
disabled. Duplicate IMA measurements will not be recorded in the IMA log.
[    1.297583] device-mapper: uevent: version 1.0.3
[    1.297680] input: AT Translated Set 2 keyboard as 
/devices/platform/i8042/serio0/input/input3
[    1.297682] device-mapper: ioctl: 4.46.0-ioctl (2022-02-22) 
initialised: dm-devel@redhat.com
[    1.297848] intel_pstate: Intel P-state driver initializing
[    1.298106] intel_pstate: HWP enabled
[    1.298380] hid: raw HID events driver (C) Jiri Kosina
[    1.298415] usbcore: registered new interface driver usbhid
[    1.298417] usbhid: USB HID core driver
[    1.298505] intel_pmc_core intel_pmc_core.0:  initialized
[    1.298630] drop_monitor: Initializing network drop monitor service
[    1.322067] Initializing XFRM netlink socket
[    1.322198] NET: Registered PF_INET6 protocol family
[    1.327536] Segment Routing with IPv6
[    1.327539] RPL Segment Routing with IPv6
[    1.327550] In-situ OAM (IOAM) with IPv6
[    1.327576] mip6: Mobile IPv6
[    1.327578] NET: Registered PF_PACKET protocol family
[    1.328244] microcode: sig=0x806e9, pf=0x80, revision=0xf0
[    1.328266] microcode: Microcode Update Driver: v2.2.
[    1.328272] IPI shorthand broadcast: enabled
[    1.328279] AVX2 version of gcm_enc/dec engaged.
[    1.328361] AES CTR mode by8 optimization enabled
[    1.328651] sched_clock: Marking stable (1318363772, 
10277329)->(1340653433, -12012332)
[    1.328837] registered taskstats version 1
[    1.328916] Loading compiled-in X.509 certificates
[    1.352417] Loaded X.509 cert 'Fedora kernel signing key: 
a53fbadddadbb1164ecb4738c5e4c2a4f07abbf2'
[    1.352600] zswap: loaded using pool lzo/zbud
[    1.352760] page_owner is disabled
[    1.352795] Key type ._fscrypt registered
[    1.352796] Key type .fscrypt registered
[    1.352797] Key type fscrypt-provisioning registered
[    1.353004] Btrfs loaded, crc32c=crc32c-generic, zoned=yes, fsverity=yes
[    1.353015] Key type big_key registered
[    1.353138] Key type trusted registered
[    1.355758] Key type encrypted registered
[    1.355769] Loading compiled-in module X.509 certificates
[    1.356144] Loaded X.509 cert 'Fedora kernel signing key: 
a53fbadddadbb1164ecb4738c5e4c2a4f07abbf2'
[    1.356146] ima: Allocated hash algorithm: sha256
[    1.387117] ima: No architecture policies found
[    1.387131] evm: Initialising EVM extended attributes:
[    1.387132] evm: security.selinux
[    1.387133] evm: security.SMACK64 (disabled)
[    1.387133] evm: security.SMACK64EXEC (disabled)
[    1.387134] evm: security.SMACK64TRANSMUTE (disabled)
[    1.387134] evm: security.SMACK64MMAP (disabled)
[    1.387135] evm: security.apparmor (disabled)
[    1.387135] evm: security.ima
[    1.387135] evm: security.capability
[    1.387136] evm: HMAC attrs: 0x1
[    1.407341] alg: No test for 842 (842-scomp)
[    1.407360] alg: No test for 842 (842-generic)
[    1.462364] tsc: Refined TSC clocksource calibration: 2903.996 MHz
[    1.462370] clocksource: tsc: mask: 0xffffffffffffffff max_cycles: 
0x29dc020bb13, max_idle_ns: 440795273180 ns
[    1.462404] clocksource: Switched to clocksource tsc
[    1.487976] PM:   Magic number: 10:145:46
[    1.487997] event_source uprobe: hash matches
[    1.488099] RAS: Correctable Errors collector initialized.
[    1.528545] usb 1-7: new full-speed USB device number 2 using xhci_hcd
[    1.656226] usb 1-7: New USB device found, idVendor=8087, 
idProduct=0a2b, bcdDevice= 0.10
[    1.656233] usb 1-7: New USB device strings: Mfr=0, Product=0, 
SerialNumber=0
[    1.771445] usb 1-8: new high-speed USB device number 3 using xhci_hcd
[    1.908340] usb 1-8: New USB device found, idVendor=13d3, 
idProduct=5682, bcdDevice=16.07
[    1.908348] usb 1-8: New USB device strings: Mfr=1, Product=2, 
SerialNumber=0
[    1.908351] usb 1-8: Product: Integrated Camera
[    1.908353] usb 1-8: Manufacturer: SunplusIT Inc
[    2.024374] usb 1-9: new full-speed USB device number 4 using xhci_hcd
[    2.090563] psmouse serio1: synaptics: queried max coordinates: x 
[..5676], y [..4760]
[    2.122484] psmouse serio1: synaptics: queried min coordinates: x 
[1266..], y [1094..]
[    2.122495] psmouse serio1: synaptics: Trying to set up SMBus access
[    2.125372] psmouse serio1: synaptics: SMbus companion is not ready yet
[    2.152523] usb 1-9: New USB device found, idVendor=138a, 
idProduct=0097, bcdDevice= 1.64
[    2.152531] usb 1-9: New USB device strings: Mfr=0, Product=0, 
SerialNumber=1
[    2.152534] usb 1-9: SerialNumber: e9a58c89143b
[    2.186955] psmouse serio1: synaptics: Touchpad model: 1, fw: 8.2, 
id: 0x1e2b1, caps: 0xf002a3/0x940300/0x12e800/0x400000, board id: 3289, 
fw id: 2492434
[    2.186978] psmouse serio1: synaptics: serio: Synaptics pass-through 
port at isa0060/serio1/input0
[    2.226802] input: SynPS/2 Synaptics TouchPad as 
/devices/platform/i8042/serio1/input/input5
[    2.684125] psmouse serio2: trackpoint: Elan TrackPoint firmware: 
0x04, buttons: 3/3
[    2.885215] input: TPPS/2 Elan TrackPoint as 
/devices/platform/i8042/serio1/serio2/input/input6
[    2.961640] Freeing unused decrypted memory: 2036K
[    2.962085] Freeing unused kernel image (initmem) memory: 2716K
[    2.962142] Write protecting the kernel read-only data: 30720k
[    2.962896] Freeing unused kernel image (text/rodata gap) memory: 2036K
[    2.963247] Freeing unused kernel image (rodata/data gap) memory: 1020K
[    3.004439] x86/mm: Checked W+X mappings: passed, no W+X pages found.
[    3.004443] rodata_test: all tests were successful
[    3.004444] x86/mm: Checking user space page tables
[    3.043147] x86/mm: Checked W+X mappings: passed, no W+X pages found.
[    3.043165] Run /init as init process
[    3.043166]   with arguments:
[    3.043167]     /init
[    3.043168]     rhgb
[    3.043168]   with environment:
[    3.043169]     HOME=/
[    3.043169]     TERM=linux
[    3.043170]     BOOT_IMAGE=(hd0,msdos1)/vmlinuz-5.18.5-200.fc36.x86_64
[    3.048813] systemd[1]: systemd v250.7-1.fc36 running in system mode 
(+PAM +AUDIT +SELINUX -APPARMOR +IMA +SMACK +SECCOMP +GCRYPT +GNUTLS 
+OPENSSL +ACL +BLKID +CURL +ELFUTILS +FIDO2 +IDN2 -IDN -IPTC +KMOD 
+LIBCRYPTSETUP +LIBFDISK +PCRE2 +PWQUALITY +P11KIT +QRENCODE +BZIP2 +LZ4 
+XZ +ZLIB +ZSTD +BPF_FRAMEWORK +XKBCOMMON +UTMP +SYSVINIT 
default-hierarchy=unified)
[    3.060557] systemd[1]: Detected architecture x86-64.
[    3.060562] systemd[1]: Running in initial RAM disk.
[    3.070616] systemd[1]: Hostname set to <localhost.localdomain>.
[    3.466619] systemd[1]: LSM BPF program attached
[    3.511387] systemd[1]: Queued start job for default target 
initrd.target.
[    3.515946] systemd[1]: Created slice 
system-systemd\x2dhibernate\x2dresume.slice - Slice 
/system/systemd-hibernate-resume.
[    3.516003] systemd[1]: Reached target initrd-usr-fs.target - Initrd 
/usr File System.
[    3.516021] systemd[1]: Reached target slices.target - Slice Units.
[    3.516030] systemd[1]: Reached target swap.target - Swaps.
[    3.516039] systemd[1]: Reached target timers.target - Timer Units.
[    3.516107] systemd[1]: Listening on dbus.socket - D-Bus System 
Message Bus Socket.
[    3.516214] systemd[1]: Listening on systemd-journald-audit.socket - 
Journal Audit Socket.
[    3.516284] systemd[1]: Listening on systemd-journald-dev-log.socket 
- Journal Socket (/dev/log).
[    3.516367] systemd[1]: Listening on systemd-journald.socket - 
Journal Socket.
[    3.516447] systemd[1]: Listening on systemd-udevd-control.socket - 
udev Control Socket.
[    3.516501] systemd[1]: Listening on systemd-udevd-kernel.socket - 
udev Kernel Socket.
[    3.516510] systemd[1]: Reached target sockets.target - Socket Units.
[    3.517115] systemd[1]: Starting kmod-static-nodes.service - Create 
List of Static Device Nodes...
[    3.517171] systemd[1]: memstrack.service - Memstrack Anylazing 
Service was skipped because all trigger condition checks failed.
[    3.517784] systemd[1]: Started rngd.service - Hardware RNG Entropy 
Gatherer Daemon.
[    3.519475] systemd[1]: Starting systemd-journald.service - Journal 
Service...
[    3.520569] systemd[1]: Starting systemd-modules-load.service - Load 
Kernel Modules...
[    3.521481] systemd[1]: Starting systemd-sysusers.service - Create 
System Users...
[    3.522377] systemd[1]: Starting systemd-vconsole-setup.service - 
Setup Virtual Console...
[    3.532957] systemd[1]: Finished kmod-static-nodes.service - Create 
List of Static Device Nodes.
[    3.533105] audit: type=1130 audit(1656277239.733:2): pid=1 uid=0 
auid=4294967295 ses=4294967295 subj=kernel msg='unit=kmod-static-nodes 
comm="systemd" exe="/usr/lib/systemd/systemd" hostname=? addr=? 
terminal=? res=success'
[    3.550624] systemd[1]: Finished systemd-sysusers.service - Create 
System Users.
[    3.550679] audit: type=1130 audit(1656277239.751:3): pid=1 uid=0 
auid=4294967295 ses=4294967295 subj=kernel msg='unit=systemd-sysusers 
comm="systemd" exe="/usr/lib/systemd/systemd" hostname=? addr=? 
terminal=? res=success'
[    3.551775] systemd[1]: Starting systemd-tmpfiles-setup-dev.service - 
Create Static Device Nodes in /dev...
[    3.564642] systemd[1]: Finished systemd-tmpfiles-setup-dev.service - 
Create Static Device Nodes in /dev.
[    3.564706] audit: type=1130 audit(1656277239.765:4): pid=1 uid=0 
auid=4294967295 ses=4294967295 subj=kernel 
msg='unit=systemd-tmpfiles-setup-dev comm="systemd" 
exe="/usr/lib/systemd/systemd" hostname=? addr=? terminal=? res=success'
[    3.570971] systemd[1]: Started systemd-journald.service - Journal 
Service.
[    3.571034] audit: type=1130 audit(1656277239.771:5): pid=1 uid=0 
auid=4294967295 ses=4294967295 subj=kernel msg='unit=systemd-journald 
comm="systemd" exe="/usr/lib/systemd/systemd" hostname=? addr=? 
terminal=? res=success'
[    3.581151] fuse: init (API version 7.36)
[    3.587519] IPMI message handler: version 39.2
[    3.589694] audit: type=1130 audit(1656277239.790:6): pid=1 uid=0 
auid=4294967295 ses=4294967295 subj=kernel 
msg='unit=systemd-tmpfiles-setup comm="systemd" 
exe="/usr/lib/systemd/systemd" hostname=? addr=? terminal=? res=success'
[    3.589985] ipmi device interface
[    3.598669] audit: type=1130 audit(1656277239.799:7): pid=1 uid=0 
auid=4294967295 ses=4294967295 subj=kernel 
msg='unit=systemd-modules-load comm="systemd" 
exe="/usr/lib/systemd/systemd" hostname=? addr=? terminal=? res=success'
[    3.611663] audit: type=1130 audit(1656277239.812:8): pid=1 uid=0 
auid=4294967295 ses=4294967295 subj=kernel msg='unit=systemd-sysctl 
comm="systemd" exe="/usr/lib/systemd/systemd" hostname=? addr=? 
terminal=? res=success'
[    3.638659] audit: type=1130 audit(1656277239.839:9): pid=1 uid=0 
auid=4294967295 ses=4294967295 subj=kernel 
msg='unit=systemd-vconsole-setup comm="systemd" 
exe="/usr/lib/systemd/systemd" hostname=? addr=? terminal=? res=success'
[    3.738875] audit: type=1130 audit(1656277239.938:10): pid=1 uid=0 
auid=4294967295 ses=4294967295 subj=kernel msg='unit=dracut-cmdline 
comm="systemd" exe="/usr/lib/systemd/systemd" hostname=? addr=? 
terminal=? res=success'
[    4.118263] acpi PNP0C14:02: duplicate WMI GUID 
05901221-D566-11D1-B2F0-00A0C9062910 (first instance was on PNP0C14:01)
[    4.118634] acpi PNP0C14:03: duplicate WMI GUID 
05901221-D566-11D1-B2F0-00A0C9062910 (first instance was on PNP0C14:01)
[    4.124770] acpi PNP0C14:04: duplicate WMI GUID 
05901221-D566-11D1-B2F0-00A0C9062910 (first instance was on PNP0C14:01)
[    4.312527] e1000e: Intel(R) PRO/1000 Network Driver
[    4.312531] e1000e: Copyright(c) 1999 - 2015 Intel Corporation.
[    4.312739] e1000e 0000:00:1f.6: Interrupt Throttling Rate (ints/sec) 
set to dynamic conservative mode
[    4.342000] nvme nvme0: pci function 0000:05:00.0
[    4.537796] e1000e 0000:00:1f.6 0000:00:1f.6 (uninitialized): 
registered PHC clock
[    4.616912] e1000e 0000:00:1f.6 eth0: (PCI Express:2.5GT/s:Width x1) 
54:e1:ad:d6:06:35
[    4.616918] e1000e 0000:00:1f.6 eth0: Intel(R) PRO/1000 Network 
Connection
[    4.616973] e1000e 0000:00:1f.6 eth0: MAC: 12, PHY: 12, PBA No: 
1000FF-0FF
[    4.914865] i915 0000:00:02.0: vgaarb: deactivate vga console
[    4.923403] Console: switching to colour dummy device 80x25
[    4.938788] i915 0000:00:02.0: vgaarb: changed VGA decodes: 
olddecodes=io+mem,decodes=io+mem:owns=io+mem
[    4.939897] i915 0000:00:02.0: [drm] Finished loading DMC firmware 
i915/kbl_dmc_ver1_04.bin (v1.4)
[    4.995904] [drm] Initialized i915 1.6.0 20201103 for 0000:00:02.0 on 
minor 0
[    4.998178] ACPI: video: Video Device [GFX0] (multi-head: yes  rom: 
no  post: no)
[    4.999646] input: Video Bus as 
/devices/LNXSYSTM:00/LNXSYBUS:00/PNP0A08:00/LNXVIDEO:00/input/input7
[    5.006902] fbcon: i915drmfb (fb0) is primary device
[    5.007038] i915 0000:00:02.0: [drm] Reducing the compressed 
framebuffer size. This may lead to less power savings than a 
non-reduced-size. Try to increase stolen memory size if available in BIOS.
[    5.011114] Console: switching to colour frame buffer device 320x90
[    5.032243] i915 0000:00:02.0: [drm] fb0: i915drmfb frame buffer device
[    6.654216] nvme nvme0: Shutdown timeout set to 8 seconds
[    6.662754] nvme nvme0: 4/0/0 default/read/poll queues
[    6.669345]  nvme0n1: p1 p2
[    6.670825] e1000e 0000:00:1f.6 enp0s31f6: renamed from eth0
[    6.990965] kauditd_printk_skb: 6 callbacks suppressed
[    6.990968] audit: type=1130 audit(1656277243.191:17): pid=1 uid=0 
auid=4294967295 ses=4294967295 subj=kernel msg='unit=dbus-broker 
comm="systemd" exe="/usr/lib/systemd/systemd" hostname=? addr=? 
terminal=? res=success'
[    7.112480] PM: Image not found (code -22)
[    7.123352] audit: type=1130 audit(1656277243.322:18): pid=1 uid=0 
auid=4294967295 ses=4294967295 subj=kernel 
msg='unit=systemd-hibernate-resume@dev-mapper-fedora_dhcp\x2d\x2d17\x2d\x2d161\x2dswap 
comm="systemd" exe="/usr/lib/systemd/systemd" hostname=? addr=? 
terminal=? res=success'
[    7.123368] audit: type=1131 audit(1656277243.322:19): pid=1 uid=0 
auid=4294967295 ses=4294967295 subj=kernel 
msg='unit=systemd-hibernate-resume@dev-mapper-fedora_dhcp\x2d\x2d17\x2d\x2d161\x2dswap 
comm="systemd" exe="/usr/lib/systemd/systemd" hostname=? addr=? 
terminal=? res=success'
[    7.152677] audit: type=1130 audit(1656277243.350:20): pid=1 uid=0 
auid=4294967295 ses=4294967295 subj=kernel msg='unit=dracut-initqueue 
comm="systemd" exe="/usr/lib/systemd/systemd" hostname=? addr=? 
terminal=? res=success'
[    7.178958] audit: type=1130 audit(1656277243.377:21): pid=1 uid=0 
auid=4294967295 ses=4294967295 subj=kernel msg='unit=systemd-fsck-root 
comm="systemd" exe="/usr/lib/systemd/systemd" hostname=? addr=? 
terminal=? res=success'
[    7.198395] EXT4-fs (dm-0): mounted filesystem with ordered data 
mode. Quota mode: none.
[    7.418016] audit: type=1334 audit(1656277243.618:22): prog-id=24 op=LOAD
[    7.418164] audit: type=1334 audit(1656277243.618:23): prog-id=25 op=LOAD
[    7.418234] audit: type=1334 audit(1656277243.618:24): prog-id=0 
op=UNLOAD
[    7.418288] audit: type=1334 audit(1656277243.618:25): prog-id=0 
op=UNLOAD
[    7.419268] audit: type=1334 audit(1656277243.619:26): prog-id=26 op=LOAD
[    7.769534] systemd-journald[239]: Received SIGTERM from PID 1 (systemd).
[    7.892807] SELinux:  policy capability network_peer_controls=1
[    7.892813] SELinux:  policy capability open_perms=1
[    7.892814] SELinux:  policy capability extended_socket_class=1
[    7.892816] SELinux:  policy capability always_check_network=0
[    7.892817] SELinux:  policy capability cgroup_seclabel=1
[    7.892818] SELinux:  policy capability nnp_nosuid_transition=1
[    7.892819] SELinux:  policy capability genfs_seclabel_symlinks=1
[    7.892820] SELinux:  policy capability ioctl_skip_cloexec=0
[    7.944484] systemd[1]: Successfully loaded SELinux policy in 100.857ms.
[    7.983429] systemd[1]: Relabelled /dev, /dev/shm, /run, 
/sys/fs/cgroup in 30.152ms.
[    7.986204] systemd[1]: systemd v250.7-1.fc36 running in system mode 
(+PAM +AUDIT +SELINUX -APPARMOR +IMA +SMACK +SECCOMP +GCRYPT +GNUTLS 
+OPENSSL +ACL +BLKID +CURL +ELFUTILS +FIDO2 +IDN2 -IDN -IPTC +KMOD 
+LIBCRYPTSETUP +LIBFDISK +PCRE2 +PWQUALITY +P11KIT +QRENCODE +BZIP2 +LZ4 
+XZ +ZLIB +ZSTD +BPF_FRAMEWORK +XKBCOMMON +UTMP +SYSVINIT 
default-hierarchy=unified)
[    7.997627] systemd[1]: Detected architecture x86-64.
[    8.354632] systemd[1]: LSM BPF program attached
[    8.491755] systemd-sysv-generator[623]: SysV service 
'/etc/rc.d/init.d/livesys-late' lacks a native systemd unit file. 
Automatically generating a unit file for compatibility. Please update 
package to include a native systemd unit file, in order to make it more 
safe and robust.
[    8.491901] systemd-sysv-generator[623]: SysV service 
'/etc/rc.d/init.d/livesys' lacks a native systemd unit file. 
Automatically generating a unit file for compatibility. Please update 
package to include a native systemd unit file, in order to make it more 
safe and robust.
[    8.492042] systemd-sysv-generator[623]: SysV service 
'/etc/rc.d/init.d/network' lacks a native systemd unit file. 
Automatically generating a unit file for compatibility. Please update 
package to include a native systemd unit file, in order to make it more 
safe and robust.
[    8.514405] zram: Added device: zram0
[    8.559941] systemd[1]: /etc/systemd/system/rc-local.service:17: 
Support for option SysVStartPriority= has been removed and it is ignored
[    8.559972] systemd[1]: /etc/systemd/system/rc-local.service:37: 
Support for option SysVStartPriority= has been removed and it is ignored
[    8.560052] systemd[1]: rc-local.service: Service has more than one 
ExecStart= setting, which is only allowed for Type=oneshot services. 
Refusing.
[    8.652469] systemd[1]: initrd-switch-root.service: Deactivated 
successfully.
[    8.660861] systemd[1]: Stopped initrd-switch-root.service - Switch Root.
[    8.661425] systemd[1]: systemd-journald.service: Scheduled restart 
job, restart counter is at 1.
[    8.661754] systemd[1]: Created slice machine.slice - Virtual Machine 
and Container Slice.
[    8.662133] systemd[1]: Created slice system-getty.slice - Slice 
/system/getty.
[    8.662434] systemd[1]: Created slice system-modprobe.slice - Slice 
/system/modprobe.
[    8.662723] systemd[1]: Created slice system-systemd\x2dfsck.slice - 
Slice /system/systemd-fsck.
[    8.663011] systemd[1]: Created slice 
system-systemd\x2dzram\x2dsetup.slice - Slice /system/systemd-zram-setup.
[    8.663231] systemd[1]: Created slice user.slice - User and Session 
Slice.
[    8.663258] systemd[1]: systemd-ask-password-console.path - Dispatch 
Password Requests to Console Directory Watch was skipped because of a 
failed condition check (ConditionPathExists=!/run/plymouth/pid).
[    8.663386] systemd[1]: Started systemd-ask-password-wall.path - 
Forward Password Requests to Wall Directory Watch.
[    8.663907] systemd[1]: Set up automount 
proc-sys-fs-binfmt_misc.automount - Arbitrary Executable File Formats 
File System Automount Point.
[    8.663970] systemd[1]: Reached target cryptsetup.target - Local 
Encrypted Volumes.
[    8.664004] systemd[1]: Reached target getty.target - Login Prompts.
[    8.664042] systemd[1]: Stopped target initrd-switch-root.target - 
Switch Root.
[    8.664079] systemd[1]: Stopped target initrd-fs.target - Initrd File 
Systems.
[    8.664105] systemd[1]: Stopped target initrd-root-fs.target - Initrd 
Root File System.
[    8.664140] systemd[1]: Reached target integritysetup.target - Local 
Integrity Protected Volumes.
[    8.664206] systemd[1]: Reached target nss-user-lookup.target - User 
and Group Name Lookups.
[    8.664256] systemd[1]: Reached target slices.target - Slice Units.
[    8.664309] systemd[1]: Reached target veritysetup.target - Local 
Verity Protected Volumes.
[    8.664728] systemd[1]: Listening on dm-event.socket - Device-mapper 
event daemon FIFOs.
[    8.665465] systemd[1]: Listening on lvm2-lvmpolld.socket - LVM2 poll 
daemon socket.
[    8.666472] systemd[1]: Listening on systemd-coredump.socket - 
Process Core Dump Socket.
[    8.666585] systemd[1]: Listening on systemd-initctl.socket - initctl 
Compatibility Named Pipe.
[    8.666958] systemd[1]: Listening on systemd-oomd.socket - Userspace 
Out-Of-Memory (OOM) Killer Socket.
[    8.667471] systemd[1]: Listening on systemd-udevd-control.socket - 
udev Control Socket.
[    8.667704] systemd[1]: Listening on systemd-udevd-kernel.socket - 
udev Kernel Socket.
[    8.668596] systemd[1]: Activating swap 
dev-mapper-fedora_dhcp\x2d\x2d17\x2d\x2d161\x2dswap.swap - 
/dev/mapper/fedora_dhcp--17--161-swap...
[    8.669634] systemd[1]: Mounting dev-hugepages.mount - Huge Pages 
File System...
[    8.670847] systemd[1]: Mounting dev-mqueue.mount - POSIX Message 
Queue File System...
[    8.672242] systemd[1]: Mounting sys-kernel-debug.mount - Kernel 
Debug File System...
[    8.673609] Adding 8032252k swap on 
/dev/mapper/fedora_dhcp--17--161-swap.  Priority:-2 extents:1 
across:8032252k SSFS
[    8.673805] systemd[1]: Mounting sys-kernel-tracing.mount - Kernel 
Trace File System...
[    8.674049] systemd[1]: auth-rpcgss-module.service - Kernel Module 
supporting RPCSEC_GSS was skipped because of a failed condition check 
(ConditionPathExists=/etc/krb5.keytab).
[    8.675678] systemd[1]: Starting kmod-static-nodes.service - Create 
List of Static Device Nodes...
[    8.676932] systemd[1]: Starting lvm2-monitor.service - Monitoring of 
LVM2 mirrors, snapshots etc. using dmeventd or progress polling...
[    8.678314] systemd[1]: Starting modprobe@configfs.service - Load 
Kernel Module configfs...
[    8.679707] systemd[1]: Starting modprobe@drm.service - Load Kernel 
Module drm...
[    8.681114] systemd[1]: Starting modprobe@fuse.service - Load Kernel 
Module fuse...
[    8.682684] systemd[1]: Starting nfs-convert.service - Preprocess NFS 
configuration convertion...
[    8.682806] systemd[1]: plymouth-switch-root.service: Deactivated 
successfully.
[    8.689498] systemd[1]: Stopped plymouth-switch-root.service - 
Plymouth switch root service.
[    8.689698] systemd[1]: Stopped systemd-journald.service - Journal 
Service.
[    8.691111] systemd[1]: Starting systemd-journald.service - Journal 
Service...
[    8.692522] systemd[1]: Starting systemd-modules-load.service - Load 
Kernel Modules...
[    8.693626] systemd[1]: Starting systemd-remount-fs.service - Remount 
Root and Kernel File Systems...
[    8.693775] systemd[1]: systemd-repart.service - Repartition Root 
Disk was skipped because all trigger condition checks failed.
[    8.695197] systemd[1]: Starting systemd-udev-trigger.service - 
Coldplug All udev Devices...
[    8.700818] systemd[1]: Activated swap 
dev-mapper-fedora_dhcp\x2d\x2d17\x2d\x2d161\x2dswap.swap - 
/dev/mapper/fedora_dhcp--17--161-swap.
[    8.702605] systemd[1]: Mounted dev-hugepages.mount - Huge Pages File 
System.
[    8.702767] systemd[1]: Mounted dev-mqueue.mount - POSIX Message 
Queue File System.
[    8.702898] systemd[1]: Mounted sys-kernel-debug.mount - Kernel Debug 
File System.
[    8.703031] systemd[1]: Mounted sys-kernel-tracing.mount - Kernel 
Trace File System.
[    8.703555] EXT4-fs (dm-0): re-mounted. Quota mode: none.
[    8.711684] systemd[1]: Finished kmod-static-nodes.service - Create 
List of Static Device Nodes.
[    8.712682] systemd[1]: Started systemd-journald.service - Journal 
Service.
[    8.781954] systemd-journald[644]: Received client request to flush 
runtime journal.
[    8.998670] i801_smbus 0000:00:1f.4: SPD Write Disable is set
[    8.998718] i801_smbus 0000:00:1f.4: SMBus using PCI interrupt
[    9.002445] i2c i2c-6: 2/2 memory slots populated (from DMI)
[    9.053197] mei_me 0000:00:16.0: enabling device (0004 -> 0006)
[    9.133417] thinkpad_acpi: ThinkPad ACPI Extras v0.26
[    9.133421] thinkpad_acpi: http://ibm-acpi.sf.net/
[    9.133422] thinkpad_acpi: ThinkPad BIOS N1MET42W (1.27 ), EC N1MHT29W
[    9.133423] thinkpad_acpi: Lenovo ThinkPad X1 Carbon 5th, model 
20HR006SUS
[    9.134721] thinkpad_acpi: radio switch found; radios are enabled
[    9.134728] thinkpad_acpi: This ThinkPad has standard ACPI backlight 
brightness control, supported by the ACPI video driver
[    9.134730] thinkpad_acpi: Disabling thinkpad-acpi brightness events 
by default...
[    9.139190] thinkpad_acpi: rfkill switch tpacpi_bluetooth_sw: radio 
is unblocked
[    9.167035] thinkpad_acpi: secondary fan control detected & enabled
[    9.177680] thinkpad_acpi: battery 1 registered (start 0, stop 100, 
behaviours: 0x7)
[    9.177691] ACPI: battery: new extension: ThinkPad Battery Extension
[    9.186123] input: ThinkPad Extra Buttons as 
/devices/platform/thinkpad_acpi/input/input10
[    9.219880] mc: Linux media interface: v0.10
[    9.307768] input: PC Speaker as /devices/platform/pcspkr/input/input11
[    9.310422] videodev: Linux video capture interface: v2.00
[    9.311203] cfg80211: Loading compiled-in X.509 certificates for 
regulatory database
[    9.311846] cfg80211: Loaded X.509 cert 'sforshee: 00b28ddf47aef9cea7'
[    9.339748] Bluetooth: Core ver 2.22
[    9.339776] NET: Registered PF_BLUETOOTH protocol family
[    9.339777] Bluetooth: HCI device and connection manager initialized
[    9.339781] Bluetooth: HCI socket layer initialized
[    9.339783] Bluetooth: L2CAP socket layer initialized
[    9.339788] Bluetooth: SCO socket layer initialized
[    9.356065] snd_hda_intel 0000:00:1f.3: bound 0000:00:02.0 (ops 
i915_audio_component_bind_ops [i915])
[    9.364986] resource sanity check: requesting [mem 
0xfed10000-0xfed15fff], which spans more than pnp 00:07 [mem 
0xfed10000-0xfed13fff]
[    9.364992] caller snb_uncore_imc_init_box+0x6a/0xa0 [intel_uncore] 
mapping multiple BARs
[    9.419133] snd_hda_codec_conexant hdaudioC0D0: CX8200: BIOS 
auto-probing.
[    9.420991] snd_hda_codec_conexant hdaudioC0D0: vmaster hook already 
present before cdev!
[    9.421142] snd_hda_codec_conexant hdaudioC0D0: autoconfig for 
CX8200: line_outs=1 (0x17/0x0/0x0/0x0/0x0) type:speaker
[    9.421146] snd_hda_codec_conexant hdaudioC0D0:    speaker_outs=0 
(0x0/0x0/0x0/0x0/0x0)
[    9.421149] snd_hda_codec_conexant hdaudioC0D0:    hp_outs=1 
(0x16/0x0/0x0/0x0/0x0)
[    9.421151] snd_hda_codec_conexant hdaudioC0D0:    mono: mono_out=0x0
[    9.421153] snd_hda_codec_conexant hdaudioC0D0:    inputs:
[    9.421154] snd_hda_codec_conexant hdaudioC0D0:      Internal Mic=0x1a
[    9.421156] snd_hda_codec_conexant hdaudioC0D0:      Mic=0x19
[    9.429711] RAPL PMU: API unit is 2^-32 Joules, 5 fixed counters, 
655360 ms ovfl timer
[    9.429714] RAPL PMU: hw unit of domain pp0-core 2^-14 Joules
[    9.429715] RAPL PMU: hw unit of domain package 2^-14 Joules
[    9.429716] RAPL PMU: hw unit of domain dram 2^-14 Joules
[    9.429717] RAPL PMU: hw unit of domain pp1-gpu 2^-14 Joules
[    9.429718] RAPL PMU: hw unit of domain psys 2^-14 Joules
[    9.434011] Intel(R) Wireless WiFi driver for Linux
[    9.441119] usb 1-8: Found UVC 1.00 device Integrated Camera (13d3:5682)
[    9.462992] usbcore: registered new interface driver btusb
[    9.471056] Bluetooth: hci0: Firmware revision 0.1 build 19 week 44 2021
[    9.511506] input: HDA Intel PCH Mic as 
/devices/pci0000:00/0000:00:1f.3/sound/card0/input12
[    9.511566] input: HDA Intel PCH Headphone as 
/devices/pci0000:00/0000:00:1f.3/sound/card0/input13
[    9.511616] input: HDA Intel PCH HDMI/DP,pcm=3 as 
/devices/pci0000:00/0000:00:1f.3/sound/card0/input14
[    9.511664] input: HDA Intel PCH HDMI/DP,pcm=7 as 
/devices/pci0000:00/0000:00:1f.3/sound/card0/input15
[    9.511718] input: HDA Intel PCH HDMI/DP,pcm=8 as 
/devices/pci0000:00/0000:00:1f.3/sound/card0/input16
[    9.511767] input: HDA Intel PCH HDMI/DP,pcm=9 as 
/devices/pci0000:00/0000:00:1f.3/sound/card0/input17
[    9.511817] input: HDA Intel PCH HDMI/DP,pcm=10 as 
/devices/pci0000:00/0000:00:1f.3/sound/card0/input18
[    9.520373] iwlwifi 0000:04:00.0: loaded firmware version 
36.ca7b901d.0 8265-36.ucode op_mode iwlmvm
[    9.581433] zram0: detected capacity change from 0 to 16777216
[    9.672774] Adding 8388604k swap on /dev/zram0.  Priority:100 
extents:1 across:8388604k SSDscFS
[    9.720672] input: Integrated Camera: Integrated C as 
/devices/pci0000:00/0000:00:14.0/usb1/1-8/1-8:1.0/input/input19
[    9.721758] usbcore: registered new interface driver uvcvideo
[    9.747099] intel_tcc_cooling: Programmable TCC Offset detected
[    9.748859] iTCO_vendor_support: vendor-support=0
[    9.792684] iTCO_wdt iTCO_wdt: Found a Intel PCH TCO device 
(Version=4, TCOBASE=0x0400)
[    9.792887] iTCO_wdt iTCO_wdt: initialized. heartbeat=30 sec (nowayout=0)
[    9.795939] iwlwifi 0000:04:00.0: Detected Intel(R) Dual Band 
Wireless AC 8265, REV=0x230
[    9.796015] thermal thermal_zone3: failed to read out thermal zone (-61)
[    9.812215] mei_hdcp 
0000:00:16.0-b638ab7e-94e2-4ea2-a552-d1c54b627f04: bound 0000:00:02.0 
(ops i915_hdcp_component_ops [i915])
[    9.857188] iwlwifi 0000:04:00.0: base HW address: f8:94:c2:2d:2b:d9, 
OTP minor version: 0x0
[    9.883450] psmouse serio1: synaptics: queried max coordinates: x 
[..5676], y [..4760]
[    9.896632] intel_rapl_common: Found RAPL domain package
[    9.896636] intel_rapl_common: Found RAPL domain core
[    9.896638] intel_rapl_common: Found RAPL domain uncore
[    9.896639] intel_rapl_common: Found RAPL domain dram
[    9.896640] intel_rapl_common: Found RAPL domain psys
[    9.912956] psmouse serio1: synaptics: queried min coordinates: x 
[1266..], y [1094..]
[    9.912964] psmouse serio1: synaptics: Trying to set up SMBus access
[    9.935615] ieee80211 phy0: Selected rate control algorithm 'iwl-mvm-rs'
[    9.943698] iwlwifi 0000:04:00.0 wlp4s0: renamed from wlan0
[    9.943827] rmi4_smbus 6-002c: registering SMbus-connected sensor
[   10.002506] rmi4_f01 rmi4-00.fn01: found RMI device, manufacturer: 
Synaptics, product: TM3289-002, fw id: 2492434
[   10.060033] input: Synaptics TM3289-002 as 
/devices/pci0000:00/0000:00:1f.4/i2c-6/6-002c/rmi4-00/input/input20
[   10.065972] serio: RMI4 PS/2 pass-through port at rmi4-00.fn03
[   10.179350] psmouse serio3: trackpoint: Elan TrackPoint firmware: 
0x04, buttons: 3/3
[   10.216257] input: TPPS/2 Elan TrackPoint as 
/devices/pci0000:00/0000:00:1f.4/i2c-6/6-002c/rmi4-00/rmi4-00.fn03/serio3/input/input21
[   10.429908] EXT4-fs (nvme0n1p1): mounted filesystem with ordered data 
mode. Quota mode: none.
[   10.436649] EXT4-fs (dm-2): mounted filesystem with ordered data 
mode. Quota mode: none.
[   10.576676] RPC: Registered named UNIX socket transport module.
[   10.576679] RPC: Registered udp transport module.
[   10.576679] RPC: Registered tcp transport module.
[   10.576680] RPC: Registered tcp NFSv4.1 backchannel transport module.
[   10.787410] Bluetooth: BNEP (Ethernet Emulation) ver 1.3
[   10.787414] Bluetooth: BNEP filters: protocol multicast
[   10.787419] Bluetooth: BNEP socket layer initialized
[   10.863134] Bluetooth: hci0: Cannot set wakeable for RPA
[   10.956670] NET: Registered PF_QIPCRTR protocol family
[   15.454868] wlp4s0: authenticate with 70:03:7e:e6:13:b8
[   15.465102] wlp4s0: send auth to 70:03:7e:e6:13:b8 (try 1/3)
[   15.574337] wlp4s0: send auth to 70:03:7e:e6:13:b8 (try 2/3)
[   15.682677] wlp4s0: send auth to 70:03:7e:e6:13:b8 (try 3/3)
[   15.791377] wlp4s0: authentication with 70:03:7e:e6:13:b8 timed out
[   41.190980] bridge: filtering via arp/ip/ip6tables is no longer 
available by default. Update your scripts to load br_netfilter if you 
need this.
[   42.977942] Bluetooth: RFCOMM TTY layer initialized
[   42.977949] Bluetooth: RFCOMM socket layer initialized
[   42.978018] Bluetooth: RFCOMM ver 1.11
[   42.993761] rfkill: input handler disabled
[   43.301320] wlp4s0: authenticate with 70:03:7e:e6:13:b8
[   43.310733] wlp4s0: send auth to 70:03:7e:e6:13:b8 (try 1/3)
[   43.415170] wlp4s0: send auth to 70:03:7e:e6:13:b8 (try 2/3)
[   43.520255] wlp4s0: send auth to 70:03:7e:e6:13:b8 (try 3/3)
[   43.622179] wlp4s0: authentication with 70:03:7e:e6:13:b8 timed out
[   46.683086] wlp4s0: authenticate with 70:03:7e:e6:13:b8
[   46.692690] wlp4s0: send auth to 70:03:7e:e6:13:b8 (try 1/3)
[   46.806379] wlp4s0: send auth to 70:03:7e:e6:13:b8 (try 2/3)
[   46.912582] wlp4s0: send auth to 70:03:7e:e6:13:b8 (try 3/3)
[   47.014347] wlp4s0: authentication with 70:03:7e:e6:13:b8 timed out
[   48.479231] rfkill: input handler enabled
[   70.352861] wlp4s0: authenticate with 24:f5:a2:ab:db:43
[   70.363902] wlp4s0: send auth to 24:f5:a2:ab:db:43 (try 1/3)
[   70.370943] wlp4s0: authenticated
[   70.372038] wlp4s0: associate with 24:f5:a2:ab:db:43 (try 1/3)
[   70.375105] wlp4s0: RX AssocResp from 24:f5:a2:ab:db:43 (capab=0x1511 
status=0 aid=2)
[   70.380205] wlp4s0: associated
[   70.394766] wlp4s0: Limiting TX power to 30 (30 - 0) dBm as 
advertised by 24:f5:a2:ab:db:43
[   70.457826] IPv6: ADDRCONF(NETDEV_CHANGE): wlp4s0: link becomes ready
[   79.705611] tun: Universal TUN/TAP device driver, 1.6
[  283.192112] iwlwifi 0000:04:00.0: Error sending STATISTICS_CMD: time 
out after 2000ms.
[  283.192128] iwlwifi 0000:04:00.0: Current CMD queue read_ptr 141 
write_ptr 142
[  283.211159] ------------[ cut here ]------------
[  283.211165] Timeout waiting for hardware access (CSR_GP_CNTRL 0xffffffff)
[  283.211227] WARNING: CPU: 0 PID: 951 at 
drivers/net/wireless/intel/iwlwifi/pcie/trans.c:2118 
__iwl_trans_pcie_grab_nic_access+0x1ec/0x220 [iwlwifi]
[  283.211274] Modules linked in: tun rfcomm snd_seq_dummy snd_hrtimer 
xt_CHECKSUM xt_MASQUERADE xt_conntrack ipt_REJECT nf_nat_tftp 
nf_conntrack_tftp bridge stp llc nft_objref nf_conntrack_netbios_ns 
nf_conntrack_broadcast nft_fib_inet nft_fib_ipv4 nft_fib_ipv6 nft_fib 
nft_reject_inet nf_reject_ipv4 nf_reject_ipv6 nft_reject nft_ct 
nft_chain_nat nf_tables ebtable_nat ebtable_broute ip6table_nat 
ip6table_mangle ip6table_raw ip6table_security iptable_nat nf_nat 
nf_conntrack nf_defrag_ipv6 nf_defrag_ipv4 iptable_mangle iptable_raw 
iptable_security ip_set nfnetlink ebtable_filter ebtables 
ip6table_filter ip6_tables iptable_filter ip_tables qrtr bnep sunrpc 
rmi_smbus rmi_core intel_rapl_msr mei_hdcp iTCO_wdt mei_pxp 
intel_pmc_bxt iwlmvm intel_rapl_common mei_wdt iTCO_vendor_support 
intel_tcc_cooling x86_pkg_temp_thermal snd_soc_skl intel_powerclamp 
mac80211 coretemp kvm_intel snd_soc_hdac_hda snd_hda_ext_core 
snd_soc_sst_ipc libarc4 snd_soc_sst_dsp kvm snd_soc_acpi_intel_match
[  283.211371]  snd_hda_codec_hdmi snd_soc_acpi btusb btrtl btbcm 
irqbypass snd_soc_core snd_ctl_led uvcvideo snd_hda_codec_conexant rapl 
intel_cstate iwlwifi snd_hda_codec_generic snd_compress 
videobuf2_vmalloc ac97_bus btintel snd_pcm_dmaengine videobuf2_memops 
videobuf2_v4l2 btmtk intel_uncore iwlmei snd_hda_intel videobuf2_common 
think_lmi snd_intel_dspcfg bluetooth firmware_attributes_class joydev 
pcspkr wmi_bmof videodev cfg80211 snd_intel_sdw_acpi 
intel_wmi_thunderbolt snd_hda_codec mc ecdh_generic 
intel_xhci_usb_role_switch snd_hda_core snd_hwdep snd_seq thinkpad_acpi 
snd_seq_device ledtrig_audio platform_profile rfkill snd_pcm mei_me 
snd_timer snd mei i2c_i801 soundcore i2c_smbus intel_pch_thermal 
acpi_pad zram rtsx_pci_sdmmc i915 mmc_core crct10dif_pclmul crc32_pclmul 
nvme crc32c_intel e1000e ghash_clmulni_intel rtsx_pci drm_buddy 
nvme_core drm_dp_helper serio_raw ucsi_acpi typec_ucsi ttm typec wmi 
video i2c_hid_acpi i2c_hid ipmi_devintf ipmi_msghandler fuse
[  283.211482] CPU: 0 PID: 951 Comm: NetworkManager Not tainted 
5.18.5-200.fc36.x86_64 #1
[  283.211488] Hardware name: LENOVO 20HR006SUS/20HR006SUS, BIOS 
N1MET42W (1.27 ) 12/12/2017
[  283.211491] RIP: 0010:__iwl_trans_pcie_grab_nic_access+0x1ec/0x220 
[iwlwifi]
[  283.211525] Code: 48 89 df e8 26 b4 fe ff 4c 89 f7 e8 1e 65 20 d0 e9 
e6 fe ff ff 89 c6 48 c7 c7 18 b1 b6 c0 c6 05 84 f0 03 00 01 e8 9f 7b 18 
d0 <0f> 0b e9 01 ff ff ff 48 8b 7b 40 48 c7 c2 80 b1 b6 c0 31 f6 e8 cb
[  283.211530] RSP: 0018:ffffba910111b5d8 EFLAGS: 00010296
[  283.211535] RAX: 000000000000003d RBX: ffffa00e07328028 RCX: 
0000000000000000
[  283.211539] RDX: 0000000000000202 RSI: ffffffff9166ec4c RDI: 
00000000ffffffff
[  283.211542] RBP: 00000000ffffffff R08: 0000000000000000 R09: 
ffffba910111b410
[  283.211546] R10: 0000000000000003 R11: ffffffff91f453e8 R12: 
0000000000000001
[  283.211548] R13: 0000000000000000 R14: ffffa00e0732a974 R15: 
0000000000000011
[  283.211552] FS:  00007fcd11c95500(0000) GS:ffffa01191800000(0000) 
knlGS:0000000000000000
[  283.211556] CS:  0010 DS: 0000 ES: 0000 CR0: 0000000080050033
[  283.211559] CR2: 00007fca03a13000 CR3: 000000010535e005 CR4: 
00000000003706f0
[  283.211563] DR0: 0000000000000000 DR1: 0000000000000000 DR2: 
0000000000000000
[  283.211565] DR3: 0000000000000000 DR6: 00000000fffe0ff0 DR7: 
0000000000000400
[  283.211569] Call Trace:
[  283.211573]  <TASK>
[  283.211578]  iwl_trans_pcie_grab_nic_access+0x1b/0x40 [iwlwifi]
[  283.211610]  iwl_force_nmi+0x81/0x100 [iwlwifi]
[  283.211636]  iwl_trans_sync_nmi_with_addr+0x125/0x140 [iwlwifi]
[  283.211664]  iwl_trans_txq_send_hcmd+0x38c/0x3f0 [iwlwifi]
[  283.211699]  ? dequeue_task_stop+0x70/0x70
[  283.211707]  iwl_trans_send_cmd+0x8e/0xe0 [iwlwifi]
[  283.211739]  iwl_mvm_send_cmd+0x1b/0x50 [iwlmvm]
[  283.211775]  iwl_mvm_request_statistics+0x75/0x170 [iwlmvm]
[  283.211807]  iwl_mvm_mac_sta_statistics+0x1db/0x370 [iwlmvm]
[  283.211833]  sta_set_sinfo+0xb8/0xb30 [mac80211]
[  283.211912]  ? kfree+0xcc/0x2d0
[  283.211922]  ieee80211_dump_station+0x6b/0x90 [mac80211]
[  283.212003]  nl80211_dump_station+0xf8/0x220 [cfg80211]
[  283.212180]  ? prepare_alloc_pages.constprop.0+0xab/0x190
[  283.212193]  netlink_dump+0x123/0x310
[  283.212206]  __netlink_dump_start+0x1b6/0x2e0
[  283.212214]  genl_family_rcv_msg_dumpit+0x83/0x100
[  283.212221]  ? genl_family_rcv_msg_doit+0x110/0x110
[  283.212225]  ? nl80211_send_station+0xf20/0xf20 [cfg80211]
[  283.212302]  ? genl_family_rcv_msg_dumpit+0x100/0x100
[  283.212311]  genl_rcv_msg+0x138/0x1b0
[  283.212317]  ? nl80211_dump_station+0x220/0x220 [cfg80211]
[  283.212429]  ? nl80211_send_station+0xf20/0xf20 [cfg80211]
[  283.212520]  ? genl_get_cmd+0xd0/0xd0
[  283.212530]  netlink_rcv_skb+0x51/0xf0
[  283.212546]  genl_rcv+0x24/0x40
[  283.212552]  netlink_unicast+0x212/0x360
[  283.212564]  netlink_sendmsg+0x242/0x490
[  283.212576]  sock_sendmsg+0x5c/0x60
[  283.212587]  ____sys_sendmsg+0x22b/0x270
[  283.212594]  ? import_iovec+0x17/0x20
[  283.212600]  ? sendmsg_copy_msghdr+0x58/0x90
[  283.212609]  ___sys_sendmsg+0x80/0xc0
[  283.212620]  ? __pollwait+0xd0/0xd0
[  283.212631]  ? __pollwait+0xd0/0xd0
[  283.212638]  ? __pollwait+0xd0/0xd0
[  283.212646]  ? __rseq_handle_notify_resume+0x337/0x450
[  283.212655]  ? __fget_light+0x94/0x100
[  283.212665]  ? __fget_light+0x94/0x100
[  283.212673]  __sys_sendmsg+0x47/0x80
[  283.212682]  ? intel_pmu_drain_pebs_nhm+0x470/0x5d0
[  283.212691]  do_syscall_64+0x5b/0x80
[  283.212703]  ? syscall_exit_to_user_mode+0x17/0x40
[  283.212710]  ? do_syscall_64+0x67/0x80
[  283.212718]  ? do_syscall_64+0x67/0x80
[  283.212725]  ? do_syscall_64+0x67/0x80
[  283.212733]  entry_SYSCALL_64_after_hwframe+0x44/0xae
[  283.212744] RIP: 0033:0x7fcd12d1371d
[  283.212803] Code: 28 89 54 24 1c 48 89 74 24 10 89 7c 24 08 e8 ba 5b 
f7 ff 8b 54 24 1c 48 8b 74 24 10 41 89 c0 8b 7c 24 08 b8 2e 00 00 00 0f 
05 <48> 3d 00 f0 ff ff 77 33 44 89 c7 48 89 44 24 08 e8 0e 5c f7 ff 48
[  283.212809] RSP: 002b:00007ffcdcf446c0 EFLAGS: 00000293 ORIG_RAX: 
000000000000002e
[  283.212817] RAX: ffffffffffffffda RBX: 0000562bf7593a00 RCX: 
00007fcd12d1371d
[  283.212822] RDX: 0000000000000000 RSI: 00007ffcdcf44700 RDI: 
000000000000000b
[  283.212827] RBP: 0000562bf7593a00 R08: 0000000000000000 R09: 
00007fcd12df7d40
[  283.212831] R10: 0000000000000000 R11: 0000000000000293 R12: 
00007ffcdcf44790
[  283.212835] R13: 0000562bf7701180 R14: 00007ffcdcf449c4 R15: 
0000562bf75b1900
[  283.212845]  </TASK>
[  283.212848] ---[ end trace 0000000000000000 ]---
[  283.212858] iwlwifi 0000:04:00.0: iwlwifi transaction failed, dumping 
registers
[  283.212864] iwlwifi 0000:04:00.0: iwlwifi device config registers:
[  283.213119] iwlwifi 0000:04:00.0: 00000000: 24fd8086 00100000 
02800088 00000000 00000004 00000000 00000000 00000000
[  283.213129] iwlwifi 0000:04:00.0: 00000020: 00000000 00000000 
00000000 01308086 00000000 000000c8 00000000 00000100
[  283.213137] iwlwifi 0000:04:00.0: 00000040: 00020010 10008ec0 
001b0c10 0045e811 10110000 00000000 00000000 00000000
[  283.213143] iwlwifi 0000:04:00.0: 00000060: 00000000 00080812 
00000005 00000000 00010001 00000000 00000000 00000000
[  283.213149] iwlwifi 0000:04:00.0: 00000080: 00000000 00000000 
00000000 00000000 00000000 00000000 00000000 00000000
[  283.213155] iwlwifi 0000:04:00.0: 000000a0: 00000000 00000000 
00000000 00000000 00000000 00000000 00000000 00000000
[  283.213161] iwlwifi 0000:04:00.0: 000000c0: 00000000 00000000 
c823d001 0d000000 00804005 00000000 00000000 00000000
[  283.213167] iwlwifi 0000:04:00.0: 000000e0: 00000000 00000000 
00000000 00000000 00000000 00000000 00000000 00000000
[  283.213173] iwlwifi 0000:04:00.0: 00000100: 14010001 00100000 
00000000 00462031 00002000 00002000 00000014 40000001
[  283.213179] iwlwifi 0000:04:00.0: 00000120: 0000000f ec10000c 
00000000 00000000 00000000 00000000 00000000 00000000
[  283.213185] iwlwifi 0000:04:00.0: 00000140: 14c10003 ff2d2bd9 
f894c2ff 15410018 00000000 0001001e 00481e1f 00000000
[  283.213189] iwlwifi 0000:04:00.0: iwlwifi device memory mapped registers:
[  283.213226] iwlwifi 0000:04:00.0: 00000000: ffffffff ffffffff 
ffffffff ffffffff ffffffff ffffffff ffffffff ffffffff
[  283.213233] iwlwifi 0000:04:00.0: 00000020: ffffffff ffffffff 
ffffffff ffffffff ffffffff ffffffff ffffffff ffffffff
[  283.213240] iwlwifi 0000:04:00.0: iwlwifi device AER capability 
structure:
[  283.213270] iwlwifi 0000:04:00.0: 00000000: 14010001 00100000 
00000000 00462031 00002000 00002000 00000014 40000001
[  283.213274] iwlwifi 0000:04:00.0: 00000020: 0000000f ec10000c 00000000
[  283.213279] iwlwifi 0000:04:00.0: iwlwifi parent port (0000:00:1c.2) 
config registers:
[  283.213414] iwlwifi 0000:00:1c.2: 00000000: 9d128086 00100407 
060400f1 00810000 00000000 00000000 00040400 200000f0
[  283.213421] iwlwifi 0000:00:1c.2: 00000020: ec10ec10 0001fff1 
00000000 00000000 00000000 00000040 00000000 0002030b
[  283.213427] iwlwifi 0000:00:1c.2: 00000040: 01428010 00008001 
00100000 03724c13 70110042 0014b200 01480000 00000000
[  283.213433] iwlwifi 0000:00:1c.2: 00000060: 00000000 00000837 
00000000 0000000e 00010003 00000000 00000000 00000000
[  283.213439] iwlwifi 0000:00:1c.2: 00000080: 00019005 fee00258 
00000000 00000000 0000a00d 224f17aa 00000000 00000000
[  283.213445] iwlwifi 0000:00:1c.2: 000000a0: c8030001 00000000 
00000000 00000000 00000000 00000000 00000000 00000000
[  283.213451] iwlwifi 0000:00:1c.2: 000000c0: 00000000 00000000 
00000000 00000000 07001001 00001842 899e0008 00000000
[  283.213457] iwlwifi 0000:00:1c.2: 000000e0: 00e30300 88aa88aa 
00100006 00000000 00000150 4c000000 08410fb3 03000004
[  283.213463] iwlwifi 0000:00:1c.2: 00000100: 14010001 00000000 
00010000 00060011 00000000 00002000 00000000 00000000
[  283.213469] iwlwifi 0000:00:1c.2: 00000120: 00000000 00000000 
00000000 00000000 00000000 00000000 00000000 00000000
[  283.213475] iwlwifi 0000:00:1c.2: 00000140: 2001000d 0000000f 
00000000 00000000 00000000 00000000 00000000 00000000
[  283.213481] iwlwifi 0000:00:1c.2: 00000160: 00000000 00000000 
00000000 00000000 00000000 00000000 00000000 00000000
[  283.213487] iwlwifi 0000:00:1c.2: 00000180: 00000000 00000000 
00000000 00000000 00000000 00000000 00000000 00000000
[  283.213493] iwlwifi 0000:00:1c.2: 000001a0: 00000000 00000000 
00000000 00000000 00000000 00000000 00000000 00000000
[  283.213498] iwlwifi 0000:00:1c.2: 000001c0: 00000000 00000000 
00000000 00000000 00000000 00000000 00000000 00000000
[  283.213504] iwlwifi 0000:00:1c.2: 000001e0: 00000000 00000000 
00000000 00000000 00000000 00000000 00000000 00000000
[  283.213508] iwlwifi 0000:00:1c.2: 00000200: 2201001e 00b0281f 6002280f
[  283.213513] iwlwifi 0000:04:00.0: iwlwifi root port (0000:00:1c.2) 
AER cap structure:
[  283.213530] iwlwifi 0000:00:1c.2: 00000000: 14010001 00000000 
00010000 00060011 00000000 00002000 00000000 00000000
[  283.213536] iwlwifi 0000:00:1c.2: 00000020: 00000000 00000000 
00000000 00000000 00000000 00000000
[  283.232494] ------------[ cut here ]------------
[  283.232501] WARNING: CPU: 0 PID: 951 at 
drivers/net/wireless/intel/iwlwifi/iwl-trans.h:1414 
iwl_fwrt_dump_lmac_error_log+0x4a0/0x4f0 [iwlwifi]
[  283.232574] Modules linked in: tun rfcomm snd_seq_dummy snd_hrtimer 
xt_CHECKSUM xt_MASQUERADE xt_conntrack ipt_REJECT nf_nat_tftp 
nf_conntrack_tftp bridge stp llc nft_objref nf_conntrack_netbios_ns 
nf_conntrack_broadcast nft_fib_inet nft_fib_ipv4 nft_fib_ipv6 nft_fib 
nft_reject_inet nf_reject_ipv4 nf_reject_ipv6 nft_reject nft_ct 
nft_chain_nat nf_tables ebtable_nat ebtable_broute ip6table_nat 
ip6table_mangle ip6table_raw ip6table_security iptable_nat nf_nat 
nf_conntrack nf_defrag_ipv6 nf_defrag_ipv4 iptable_mangle iptable_raw 
iptable_security ip_set nfnetlink ebtable_filter ebtables 
ip6table_filter ip6_tables iptable_filter ip_tables qrtr bnep sunrpc 
rmi_smbus rmi_core intel_rapl_msr mei_hdcp iTCO_wdt mei_pxp 
intel_pmc_bxt iwlmvm intel_rapl_common mei_wdt iTCO_vendor_support 
intel_tcc_cooling x86_pkg_temp_thermal snd_soc_skl intel_powerclamp 
mac80211 coretemp kvm_intel snd_soc_hdac_hda snd_hda_ext_core 
snd_soc_sst_ipc libarc4 snd_soc_sst_dsp kvm snd_soc_acpi_intel_match
[  283.232710]  snd_hda_codec_hdmi snd_soc_acpi btusb btrtl btbcm 
irqbypass snd_soc_core snd_ctl_led uvcvideo snd_hda_codec_conexant rapl 
intel_cstate iwlwifi snd_hda_codec_generic snd_compress 
videobuf2_vmalloc ac97_bus btintel snd_pcm_dmaengine videobuf2_memops 
videobuf2_v4l2 btmtk intel_uncore iwlmei snd_hda_intel videobuf2_common 
think_lmi snd_intel_dspcfg bluetooth firmware_attributes_class joydev 
pcspkr wmi_bmof videodev cfg80211 snd_intel_sdw_acpi 
intel_wmi_thunderbolt snd_hda_codec mc ecdh_generic 
intel_xhci_usb_role_switch snd_hda_core snd_hwdep snd_seq thinkpad_acpi 
snd_seq_device ledtrig_audio platform_profile rfkill snd_pcm mei_me 
snd_timer snd mei i2c_i801 soundcore i2c_smbus intel_pch_thermal 
acpi_pad zram rtsx_pci_sdmmc i915 mmc_core crct10dif_pclmul crc32_pclmul 
nvme crc32c_intel e1000e ghash_clmulni_intel rtsx_pci drm_buddy 
nvme_core drm_dp_helper serio_raw ucsi_acpi typec_ucsi ttm typec wmi 
video i2c_hid_acpi i2c_hid ipmi_devintf ipmi_msghandler fuse
[  283.232982] CPU: 0 PID: 951 Comm: NetworkManager Tainted: G        W 
        5.18.5-200.fc36.x86_64 #1
[  283.232995] Hardware name: LENOVO 20HR006SUS/20HR006SUS, BIOS 
N1MET42W (1.27 ) 12/12/2017
[  283.233000] RIP: 0010:iwl_fwrt_dump_lmac_error_log+0x4a0/0x4f0 [iwlwifi]
[  283.233100] Code: ff 48 81 c4 a0 00 00 00 5b 5d 41 5c 41 5d 41 5e c3 
cc 81 fd ff ff 3f 00 0f 87 10 fc ff ff 49 c7 c0 31 7f b6 c0 e9 be fb ff 
ff <0f> 0b 49 8b 7c 24 40 48 c7 c2 58 cf b6 c0 31 f6 e8 ab 05 fe ff 49
[  283.233110] RSP: 0018:ffffba910111b528 EFLAGS: 00010286
[  283.233121] RAX: 00000000fffffff0 RBX: ffffa00e07d62fb0 RCX: 
0000000000000000
[  283.233128] RDX: 0000000000000001 RSI: ffffffff91704aec RDI: 
00000000ffffffff
[  283.233135] RBP: 0000000000811ac8 R08: 0000000000003a98 R09: 
000000002c13c319
[  283.233142] R10: ffffffff91e06110 R11: 00000000eac0c6e6 R12: 
ffffa00e07328028
[  283.233148] R13: 0000000000000000 R14: ffffba910111b530 R15: 
0000000000000000
[  283.233155] FS:  00007fcd11c95500(0000) GS:ffffa01191800000(0000) 
knlGS:0000000000000000
[  283.233164] CS:  0010 DS: 0000 ES: 0000 CR0: 0000000080050033
[  283.233170] CR2: 00007fca03a13000 CR3: 000000010535e005 CR4: 
00000000003706f0
[  283.233178] DR0: 0000000000000000 DR1: 0000000000000000 DR2: 
0000000000000000
[  283.233183] DR3: 0000000000000000 DR6: 00000000fffe0ff0 DR7: 
0000000000000400
[  283.233189] Call Trace:
[  283.233196]  <TASK>
[  283.233211]  iwl_fwrt_dump_error_logs+0x24/0x1e0 [iwlwifi]
[  283.233283]  iwl_mvm_nic_error+0xa0/0xc0 [iwlmvm]
[  283.233346]  iwl_trans_sync_nmi_with_addr+0x6c/0x140 [iwlwifi]
[  283.233405]  iwl_trans_txq_send_hcmd+0x38c/0x3f0 [iwlwifi]
[  283.233469]  ? dequeue_task_stop+0x70/0x70
[  283.233485]  iwl_trans_send_cmd+0x8e/0xe0 [iwlwifi]
[  283.233543]  iwl_mvm_send_cmd+0x1b/0x50 [iwlmvm]
[  283.233590]  iwl_mvm_request_statistics+0x75/0x170 [iwlmvm]
[  283.233630]  iwl_mvm_mac_sta_statistics+0x1db/0x370 [iwlmvm]
[  283.233657]  sta_set_sinfo+0xb8/0xb30 [mac80211]
[  283.233777]  ? kfree+0xcc/0x2d0
[  283.233790]  ieee80211_dump_station+0x6b/0x90 [mac80211]
[  283.233910]  nl80211_dump_station+0xf8/0x220 [cfg80211]
[  283.234034]  ? prepare_alloc_pages.constprop.0+0xab/0x190
[  283.234053]  netlink_dump+0x123/0x310
[  283.234082]  __netlink_dump_start+0x1b6/0x2e0
[  283.234094]  genl_family_rcv_msg_dumpit+0x83/0x100
